<html>
<body>
<pre>
<h1>礦ision Build Log</h1>
<h2>Tool Versions:</h2>
IDE-Version: μVision V5.24.1
Copyright (C) 2017 ARM Ltd and ARM Germany GmbH. All rights reserved.
License Information: 111 mypc, 222, LIC=BUUFW-QZ4U7-RX3UD-8SKMJ-ZTP5Y-KK3V8
 
Tool Versions:
Toolchain:       MDK-ARM Plus  Version: 5.24.1
Toolchain Path:  C:\Apps\Keil\ARM\ARMCC\Bin
C Compiler:      Armcc.exe V5.06 update 5 (build 528)
Assembler:       Armasm.exe V5.06 update 5 (build 528)
Linker/Locator:  ArmLink.exe V5.06 update 5 (build 528)
Library Manager: ArmAr.exe V5.06 update 5 (build 528)
Hex Converter:   FromElf.exe V5.06 update 5 (build 528)
CPU DLL:         SARMCM3.DLL V5.24.1
Dialog DLL:      DCM.DLL V1.16.0.0
Target DLL:      STLink\ST-LINKIII-KEIL_SWO.dll V3.0.1.0
Dialog DLL:      TCM.DLL V1.32.0.0
 
<h2>Project:</h2>
D:\Doc\RM\20180510英雄 _自动取弹成功_拨弹待修改\20180509英雄 - 加入自动取弹脚本2\20180508\20180426CAN2+云台取弹成功+补弹成功+翻转改进+切换不转+io口修改\RM2018_INFANTRY 遥控版（完全注释）\Project\RM2018_INFANTRY.uvprojx
Project File Date:  05/10/2018

<h2>Output:</h2>
*** Using Compiler 'V5.06 update 5 (build 528)', folder: 'C:\Apps\Keil\ARM\ARMCC\Bin'
Build target 'Target 1'
compiling RemoteControl.c...
compiling pid.c...
compiling ShootControl.c...
compiling Auto_aim.c...
compiling MonitorControl.c...
compiling GimbalControl.c...
compiling CMControl.c...
compiling led.c...
compiling ControlTask.c...
compiling CatchControl.c...
compiling main.c...
compiling bsp.c...
compiling timer.c...
compiling RefereeInfo.c...
compiling spi.c...
compiling euler.c...
compiling mpu6050_driver.c...
compiling rc.c...
compiling usart6.c...
compiling can.c...
compiling mpu6500.c...
compiling cylinder.c...
compiling buzzer.c...
compiling laser.c...
compiling adc.c...
compiling infrared.c...
compiling CatchBullet.c...
compiling usart3.c...
linking...
Program Size: Code=32128 RO-data=1728 RW-data=636 ZI-data=2500  
FromELF: creating hex file...
".\Objects\RM2018_INFANTRY.axf" - 0 Error(s), 0 Warning(s).

<h2>Software Packages used:</h2>

Package Vendor: ARM
                http://www.keil.com/pack/ARM.CMSIS.5.0.1.pack
                ARM.CMSIS.5.0.1
                CMSIS (Cortex Microcontroller Software Interface Standard)
   * Component: CORE Version: 5.0.1

Package Vendor: Keil
                http://www.keil.com/pack/Keil.STM32F4xx_DFP.2.11.0.pack
                Keil.STM32F4xx_DFP.2.11.0
                STMicroelectronics STM32F4 Series Device Support, Drivers and Examples

<h2>Collection of Component include folders:</h2>
  .\RTE\_Target_1
  C:\Apps\Keil\ARM\PACK\ARM\CMSIS\5.0.1\CMSIS\Include
  C:\Apps\Keil\ARM\PACK\Keil\STM32F4xx_DFP\2.11.0\Drivers\CMSIS\Device\ST\STM32F4xx\Include

<h2>Collection of Component Files used:</h2>

   * Component: ARM::CMSIS:CORE:5.0.1
Build Time Elapsed:  00:00:05
</pre>
</body>
</html>
