Component: ARM Compiler 5.06 update 5 (build 528) Tool: armlink [4d35e2]

==============================================================================

Section Cross References

    remotecontrol.o(i.GimbalSwitchJudge) refers to gimbalcontrol.o(i.GimbalPidInitPrepare) for GimbalPidInitPrepare
    remotecontrol.o(i.GimbalSwitchJudge) refers to remotecontrol.o(.data) for remoteState_ex
    remotecontrol.o(i.GimbalSwitchJudge) refers to timer.o(.data) for flag_Ready
    remotecontrol.o(i.RemoteControlInit) refers to rc.o(i.ItoE) for ItoE
    remotecontrol.o(i.RemoteControlInit) refers to remotecontrol.o(.data) for remoteState
    remotecontrol.o(i.RemoteControlLoop) refers to rc.o(i.ItoE) for ItoE
    remotecontrol.o(i.RemoteControlLoop) refers to remotecontrol.o(i.RemoteStateFSM) for RemoteStateFSM
    remotecontrol.o(i.RemoteControlLoop) refers to remotecontrol.o(i.GimbalSwitchJudge) for GimbalSwitchJudge
    remotecontrol.o(i.RemoteStateFSM) refers to timer.o(.data) for flag_Ready
    remotecontrol.o(i.RemoteStateFSM) refers to rc.o(.bss) for RC_Ex_Ctl
    remotecontrol.o(i.RemoteStateFSM) refers to remotecontrol.o(.data) for remoteState
    cmcontrol.o(i.CMControlInit) refers to cmcontrol.o(i.CMPID_Init) for CMPID_Init
    cmcontrol.o(i.CMControlInit) refers to cmcontrol.o(i.CMControlOut) for CMControlOut
    cmcontrol.o(i.CMControlLoop) refers to cmcontrol.o(i.CMControlOut) for CMControlOut
    cmcontrol.o(i.CMControlLoop) refers to cmcontrol.o(i.keyboardmove_old) for keyboardmove_old
    cmcontrol.o(i.CMControlLoop) refers to cmcontrol.o(i.CMStop) for CMStop
    cmcontrol.o(i.CMControlLoop) refers to cmcontrol.o(i.followValCal) for followValCal
    cmcontrol.o(i.CMControlLoop) refers to remotecontrol.o(.data) for remoteState
    cmcontrol.o(i.CMControlLoop) refers to rc.o(.bss) for RC_Ex_Ctl
    cmcontrol.o(i.CMControlLoop) refers to cmcontrol.o(.data) for follow_val_temp
    cmcontrol.o(i.CMControlOut) refers to pid.o(i.PID_Driver) for PID_Driver
    cmcontrol.o(i.CMControlOut) refers to monitorcontrol.o(i.CMWatt_Cal) for CMWatt_Cal
    cmcontrol.o(i.CMControlOut) refers to cmcontrol.o(i.CMSpeedLegalize) for CMSpeedLegalize
    cmcontrol.o(i.CMControlOut) refers to can.o(i.CAN1_Send_Bottom) for CAN1_Send_Bottom
    cmcontrol.o(i.CMControlOut) refers to cmcontrol.o(.bss) for CMPid
    cmcontrol.o(i.CMControlOut) refers to can.o(.data) for current_cm_201
    cmcontrol.o(i.CMControlOut) refers to monitorcontrol.o(.data) for ele_cal
    cmcontrol.o(i.CMControlOut) refers to cmcontrol.o(.data) for ele_dec
    cmcontrol.o(i.CMPID_Init) refers to pid.o(i.PID_Init) for PID_Init
    cmcontrol.o(i.CMPID_Init) refers to pid.o(i.SetPIDCR) for SetPIDCR
    cmcontrol.o(i.CMPID_Init) refers to cmcontrol.o(.bss) for CMPid
    cmcontrol.o(i.CMStop) refers to can.o(i.CAN1_Send_Bottom) for CAN1_Send_Bottom
    cmcontrol.o(i.followValCal) refers to pid.o(i.PID_Driver) for PID_Driver
    cmcontrol.o(i.followValCal) refers to cmcontrol.o(i.CMSpeedLegalize) for CMSpeedLegalize
    cmcontrol.o(i.followValCal) refers to gimbalcontrol.o(.data) for position_yaw_relative
    cmcontrol.o(i.followValCal) refers to cmcontrol.o(.bss) for CMFollowPid
    cmcontrol.o(i.keyboardmove_old) refers to cmcontrol.o(.data) for quick_spin_flag
    cmcontrol.o(i.keyboardmove_old) refers to remotecontrol.o(.data) for remoteState
    cmcontrol.o(i.keyboardmove_old) refers to cmcontrol.o(i.move) for move
    cmcontrol.o(i.move) refers to cmcontrol.o(i.CMSpeedLegalize) for CMSpeedLegalize
    cmcontrol.o(i.move) refers to cmcontrol.o(i.CMControlOut) for CMControlOut
    cmcontrol.o(i.move) refers to cmcontrol.o(.data) for quick_spin_flag
    cmcontrol.o(i.move) refers to remotecontrol.o(.data) for remoteState
    pid.o(i.PID_Calc) refers to pid.o(i.PID_BitIsSet) for PID_BitIsSet
    pid.o(i.PID_Calc) refers to pid.o(i.PID_PreCalc) for PID_PreCalc
    pid.o(i.PID_Driver) refers to pid.o(i.PID_Calc) for PID_Calc
    pid.o(i.PID_PreCalc) refers to pid.o(i.PID_BitIsSet) for PID_BitIsSet
    pid.o(i.PidValControl) refers to f2d.o(.text) for __aeabi_f2d
    pid.o(i.PidValControl) refers to printfa.o(i.__0printf) for __2printf
    pid.o(i.PidValControl) refers to pid.o(i.PID_Init) for PID_Init
    pid.o(i.PidValControl) refers to pid.o(i.SetPIDCR) for SetPIDCR
    pid.o(i.PidValControl) refers to usart6.o(.data) for usart6_rxbuf
    pid.o(i.PidValControl) refers to pid.o(.data) for test_p
    gimbalcontrol.o(i.GimbalControlInit) refers to gimbalcontrol.o(i.GimbalPidInitPrepare) for GimbalPidInitPrepare
    gimbalcontrol.o(i.GimbalControlInit) refers to gimbalcontrol.o(i.GimbalStop) for GimbalStop
    gimbalcontrol.o(i.GimbalControlInit) refers to can.o(i.CAN1_Cmd_All) for CAN1_Cmd_All
    gimbalcontrol.o(i.GimbalControlInit) refers to gimbalcontrol.o(.data) for PIDOut_Whole_Pit
    gimbalcontrol.o(i.GimbalControlLoop) refers to gimbalcontrol.o(i.GimbalValLigal) for GimbalValLigal
[...]
    __use_no_signal_handling                 0x00000000   Number         0  useno.o ABSOLUTE
    _printf_a                                0x00000000   Number         0  stubs.o ABSOLUTE
    _printf_c                                0x00000000   Number         0  stubs.o ABSOLUTE
    _printf_charcount                        0x00000000   Number         0  stubs.o ABSOLUTE
    _printf_d                                0x00000000   Number         0  stubs.o ABSOLUTE
    _printf_e                                0x00000000   Number         0  stubs.o ABSOLUTE
    _printf_f                                0x00000000   Number         0  stubs.o ABSOLUTE
    _printf_flags                            0x00000000   Number         0  stubs.o ABSOLUTE
    _printf_fp_dec                           0x00000000   Number         0  stubs.o ABSOLUTE
    _printf_fp_hex                           0x00000000   Number         0  stubs.o ABSOLUTE
    _printf_g                                0x00000000   Number         0  stubs.o ABSOLUTE
    _printf_i                                0x00000000   Number         0  stubs.o ABSOLUTE
    _printf_int_dec                          0x00000000   Number         0  stubs.o ABSOLUTE
    _printf_l                                0x00000000   Number         0  stubs.o ABSOLUTE
    _printf_lc                               0x00000000   Number         0  stubs.o ABSOLUTE
    _printf_ll                               0x00000000   Number         0  stubs.o ABSOLUTE
    _printf_lld                              0x00000000   Number         0  stubs.o ABSOLUTE
    _printf_lli                              0x00000000   Number         0  stubs.o ABSOLUTE
    _printf_llo                              0x00000000   Number         0  stubs.o ABSOLUTE
    _printf_llu                              0x00000000   Number         0  stubs.o ABSOLUTE
    _printf_llx                              0x00000000   Number         0  stubs.o ABSOLUTE
    _printf_longlong_dec                     0x00000000   Number         0  stubs.o ABSOLUTE
    _printf_longlong_hex                     0x00000000   Number         0  stubs.o ABSOLUTE
    _printf_longlong_oct                     0x00000000   Number         0  stubs.o ABSOLUTE
    _printf_ls                               0x00000000   Number         0  stubs.o ABSOLUTE
    _printf_mbtowc                           0x00000000   Number         0  stubs.o ABSOLUTE
    _printf_n                                0x00000000   Number         0  stubs.o ABSOLUTE
    _printf_o                                0x00000000   Number         0  stubs.o ABSOLUTE
    _printf_p                                0x00000000   Number         0  stubs.o ABSOLUTE
    _printf_percent                          0x00000000   Number         0  stubs.o ABSOLUTE
    _printf_pre_padding                      0x00000000   Number         0  stubs.o ABSOLUTE
    _printf_return_value                     0x00000000   Number         0  stubs.o ABSOLUTE
    _printf_s                                0x00000000   Number         0  stubs.o ABSOLUTE
    _printf_sizespec                         0x00000000   Number         0  stubs.o ABSOLUTE
    _printf_str                              0x00000000   Number         0  stubs.o ABSOLUTE
    _printf_truncate_signed                  0x00000000   Number         0  stubs.o ABSOLUTE
    _printf_truncate_unsigned                0x00000000   Number         0  stubs.o ABSOLUTE
    _printf_u                                0x00000000   Number         0  stubs.o ABSOLUTE
    _printf_wc                               0x00000000   Number         0  stubs.o ABSOLUTE
    _printf_wctomb                           0x00000000   Number         0  stubs.o ABSOLUTE
    _printf_widthprec                        0x00000000   Number         0  stubs.o ABSOLUTE
    _printf_x                                0x00000000   Number         0  stubs.o ABSOLUTE
    __cpp_initialize__aeabi_                  - Undefined Weak Reference
    __cxa_finalize                            - Undefined Weak Reference
    _clock_init                               - Undefined Weak Reference
    _microlib_exit                            - Undefined Weak Reference
    __Vectors_Size                           0x00000188   Number         0  startup_stm32f4xx.o ABSOLUTE
    __Vectors                                0x08000000   Data           4  startup_stm32f4xx.o(RESET)
    __Vectors_End                            0x08000188   Data           0  startup_stm32f4xx.o(RESET)
    __main                                   0x08000189   Thumb Code     0  entry.o(.ARM.Collect$$$$00000000)
    _main_stk                                0x08000189   Thumb Code     0  entry2.o(.ARM.Collect$$$$00000001)
    _main_scatterload                        0x0800018d   Thumb Code     0  entry5.o(.ARM.Collect$$$$00000004)
    __main_after_scatterload                 0x08000191   Thumb Code     0  entry5.o(.ARM.Collect$$$$00000004)
    _main_clock                              0x08000191   Thumb Code     0  entry7b.o(.ARM.Collect$$$$00000008)
    _main_cpp_init                           0x08000191   Thumb Code     0  entry8b.o(.ARM.Collect$$$$0000000A)
    _main_init                               0x08000191   Thumb Code     0  entry9a.o(.ARM.Collect$$$$0000000B)
    __rt_final_cpp                           0x08000199   Thumb Code     0  entry10a.o(.ARM.Collect$$$$0000000D)
    __rt_final_exit                          0x08000199   Thumb Code     0  entry11a.o(.ARM.Collect$$$$0000000F)
    Reset_Handler                            0x0800019d   Thumb Code     8  startup_stm32f4xx.o(.text)
    ADC_IRQHandler                           0x080001b7   Thumb Code     0  startup_stm32f4xx.o(.text)
    CAN1_RX1_IRQHandler                      0x080001b7   Thumb Code     0  startup_stm32f4xx.o(.text)
    CAN1_SCE_IRQHandler                      0x080001b7   Thumb Code     0  startup_stm32f4xx.o(.text)
    CAN1_TX_IRQHandler                       0x080001b7   Thumb Code     0  startup_stm32f4xx.o(.text)
    CAN2_RX0_IRQHandler                      0x080001b7   Thumb Code     0  startup_stm32f4xx.o(.text)
    CAN2_SCE_IRQHandler                      0x080001b7   Thumb Code     0  startup_stm32f4xx.o(.text)
    CAN2_TX_IRQHandler                       0x080001b7   Thumb Code     0  startup_stm32f4xx.o(.text)
    CRYP_IRQHandler                          0x080001b7   Thumb Code     0  startup_stm32f4xx.o(.text)
    DCMI_IRQHandler                          0x080001b7   Thumb Code     0  startup_stm32f4xx.o(.text)
    DMA1_Stream0_IRQHandler                  0x080001b7   Thumb Code     0  startup_stm32f4xx.o(.text)
    DMA1_Stream2_IRQHandler                  0x080001b7   Thumb Code     0  startup_stm32f4xx.o(.text)
    DMA1_Stream3_IRQHandler                  0x080001b7   Thumb Code     0  startup_stm32f4xx.o(.text)
    DMA1_Stream4_IRQHandler                  0x080001b7   Thumb Code     0  startup_stm32f4xx.o(.text)
    DMA1_Stream5_IRQHandler                  0x080001b7   Thumb Code     0  startup_stm32f4xx.o(.text)
    DMA1_Stream6_IRQHandler                  0x080001b7   Thumb Code     0  startup_stm32f4xx.o(.text)
    DMA1_Stream7_IRQHandler                  0x080001b7   Thumb Code     0  startup_stm32f4xx.o(.text)
    DMA2_Stream0_IRQHandler                  0x080001b7   Thumb Code     0  startup_stm32f4xx.o(.text)
    DMA2_Stream1_IRQHandler                  0x080001b7   Thumb Code     0  startup_stm32f4xx.o(.text)
    DMA2_Stream3_IRQHandler                  0x080001b7   Thumb Code     0  startup_stm32f4xx.o(.text)
    DMA2_Stream4_IRQHandler                  0x080001b7   Thumb Code     0  startup_stm32f4xx.o(.text)
    DMA2_Stream5_IRQHandler                  0x080001b7   Thumb Code     0  startup_stm32f4xx.o(.text)
    DMA2_Stream6_IRQHandler                  0x080001b7   Thumb Code     0  startup_stm32f4xx.o(.text)
    DMA2_Stream7_IRQHandler                  0x080001b7   Thumb Code     0  startup_stm32f4xx.o(.text)
    ETH_IRQHandler                           0x080001b7   Thumb Code     0  startup_stm32f4xx.o(.text)
    ETH_WKUP_IRQHandler                      0x080001b7   Thumb Code     0  startup_stm32f4xx.o(.text)
    EXTI0_IRQHandler                         0x080001b7   Thumb Code     0  startup_stm32f4xx.o(.text)
    EXTI15_10_IRQHandler                     0x080001b7   Thumb Code     0  startup_stm32f4xx.o(.text)
    EXTI1_IRQHandler                         0x080001b7   Thumb Code     0  startup_stm32f4xx.o(.text)
    EXTI2_IRQHandler                         0x080001b7   Thumb Code     0  startup_stm32f4xx.o(.text)
    EXTI3_IRQHandler                         0x080001b7   Thumb Code     0  startup_stm32f4xx.o(.text)
    EXTI4_IRQHandler                         0x080001b7   Thumb Code     0  startup_stm32f4xx.o(.text)
    EXTI9_5_IRQHandler                       0x080001b7   Thumb Code     0  startup_stm32f4xx.o(.text)
    FLASH_IRQHandler                         0x080001b7   Thumb Code     0  startup_stm32f4xx.o(.text)
    FPU_IRQHandler                           0x080001b7   Thumb Code     0  startup_stm32f4xx.o(.text)
    FSMC_IRQHandler                          0x080001b7   Thumb Code     0  startup_stm32f4xx.o(.text)
    HASH_RNG_IRQHandler                      0x080001b7   Thumb Code     0  startup_stm32f4xx.o(.text)
    I2C1_ER_IRQHandler                       0x080001b7   Thumb Code     0  startup_stm32f4xx.o(.text)
    I2C1_EV_IRQHandler                       0x080001b7   Thumb Code     0  startup_stm32f4xx.o(.text)
    I2C2_ER_IRQHandler                       0x080001b7   Thumb Code     0  startup_stm32f4xx.o(.text)
    I2C2_EV_IRQHandler                       0x080001b7   Thumb Code     0  startup_stm32f4xx.o(.text)
    I2C3_ER_IRQHandler                       0x080001b7   Thumb Code     0  startup_stm32f4xx.o(.text)
    I2C3_EV_IRQHandler                       0x080001b7   Thumb Code     0  startup_stm32f4xx.o(.text)
    OTG_FS_IRQHandler                        0x080001b7   Thumb Code     0  startup_stm32f4xx.o(.text)
    OTG_FS_WKUP_IRQHandler                   0x080001b7   Thumb Code     0  startup_stm32f4xx.o(.text)
    OTG_HS_EP1_IN_IRQHandler                 0x080001b7   Thumb Code     0  startup_stm32f4xx.o(.text)
    OTG_HS_EP1_OUT_IRQHandler                0x080001b7   Thumb Code     0  startup_stm32f4xx.o(.text)
    OTG_HS_IRQHandler                        0x080001b7   Thumb Code     0  startup_stm32f4xx.o(.text)
    OTG_HS_WKUP_IRQHandler                   0x080001b7   Thumb Code     0  startup_stm32f4xx.o(.text)
    PVD_IRQHandler                           0x080001b7   Thumb Code     0  startup_stm32f4xx.o(.text)
    RCC_IRQHandler                           0x080001b7   Thumb Code     0  startup_stm32f4xx.o(.text)
    RTC_Alarm_IRQHandler                     0x080001b7   Thumb Code     0  startup_stm32f4xx.o(.text)
    RTC_WKUP_IRQHandler                      0x080001b7   Thumb Code     0  startup_stm32f4xx.o(.text)
    SDIO_IRQHandler                          0x080001b7   Thumb Code     0  startup_stm32f4xx.o(.text)
    SPI1_IRQHandler                          0x080001b7   Thumb Code     0  startup_stm32f4xx.o(.text)
    SPI2_IRQHandler                          0x080001b7   Thumb Code     0  startup_stm32f4xx.o(.text)
    SPI3_IRQHandler                          0x080001b7   Thumb Code     0  startup_stm32f4xx.o(.text)
    TAMP_STAMP_IRQHandler                    0x080001b7   Thumb Code     0  startup_stm32f4xx.o(.text)
    TIM1_BRK_TIM9_IRQHandler                 0x080001b7   Thumb Code     0  startup_stm32f4xx.o(.text)
    TIM1_CC_IRQHandler                       0x080001b7   Thumb Code     0  startup_stm32f4xx.o(.text)
    TIM1_TRG_COM_TIM11_IRQHandler            0x080001b7   Thumb Code     0  startup_stm32f4xx.o(.text)
    TIM1_UP_TIM10_IRQHandler                 0x080001b7   Thumb Code     0  startup_stm32f4xx.o(.text)
    TIM3_IRQHandler                          0x080001b7   Thumb Code     0  startup_stm32f4xx.o(.text)
    TIM4_IRQHandler                          0x080001b7   Thumb Code     0  startup_stm32f4xx.o(.text)
    TIM6_DAC_IRQHandler                      0x080001b7   Thumb Code     0  startup_stm32f4xx.o(.text)
    TIM7_IRQHandler                          0x080001b7   Thumb Code     0  startup_stm32f4xx.o(.text)
    TIM8_BRK_TIM12_IRQHandler                0x080001b7   Thumb Code     0  startup_stm32f4xx.o(.text)
    TIM8_CC_IRQHandler                       0x080001b7   Thumb Code     0  startup_stm32f4xx.o(.text)
    TIM8_TRG_COM_TIM14_IRQHandler            0x080001b7   Thumb Code     0  startup_stm32f4xx.o(.text)
    TIM8_UP_TIM13_IRQHandler                 0x080001b7   Thumb Code     0  startup_stm32f4xx.o(.text)
    UART4_IRQHandler                         0x080001b7   Thumb Code     0  startup_stm32f4xx.o(.text)
    UART5_IRQHandler                         0x080001b7   Thumb Code     0  startup_stm32f4xx.o(.text)
    USART1_IRQHandler                        0x080001b7   Thumb Code     0  startup_stm32f4xx.o(.text)
    USART2_IRQHandler                        0x080001b7   Thumb Code     0  startup_stm32f4xx.o(.text)
    USART3_IRQHandler                        0x080001b7   Thumb Code     0  startup_stm32f4xx.o(.text)
    WWDG_IRQHandler                          0x080001b7   Thumb Code     0  startup_stm32f4xx.o(.text)
    __aeabi_dadd                             0x080001c1   Thumb Code   322  dadd.o(.text)
    __aeabi_dsub                             0x08000303   Thumb Code     6  dadd.o(.text)
    __aeabi_drsub                            0x08000309   Thumb Code     6  dadd.o(.text)
    __aeabi_dmul                             0x0800030f   Thumb Code   228  dmul.o(.text)
    __aeabi_ddiv                             0x080003f3   Thumb Code   222  ddiv.o(.text)
    __aeabi_i2d                              0x080004d1   Thumb Code    34  dflti.o(.text)
    __aeabi_ui2d                             0x080004f3   Thumb Code    26  dfltui.o(.text)
    __aeabi_f2d                              0x0800050d   Thumb Code    38  f2d.o(.text)
    __aeabi_cdrcmple                         0x08000535   Thumb Code    48  cdrcmple.o(.text)
    __aeabi_d2f                              0x08000565   Thumb Code    56  d2f.o(.text)
    __aeabi_llsl                             0x0800059d   Thumb Code    30  llshl.o(.text)
    _ll_shift_l                              0x0800059d   Thumb Code     0  llshl.o(.text)
    __aeabi_lasr                             0x080005bb   Thumb Code    36  llsshr.o(.text)
    _ll_sshift_r                             0x080005bb   Thumb Code     0  llsshr.o(.text)
    __I$use$fp                               0x080005df   Thumb Code     0  iusefp.o(.text)
    _float_round                             0x080005df   Thumb Code    18  fepilogue.o(.text)
    _float_epilogue                          0x080005f1   Thumb Code    92  fepilogue.o(.text)
    _double_round                            0x0800064d   Thumb Code    30  depilogue.o(.text)
    _double_epilogue                         0x0800066b   Thumb Code   156  depilogue.o(.text)
    _dsqrt                                   0x08000707   Thumb Code   162  dsqrt.o(.text)
    __scatterload                            0x080007a9   Thumb Code    28  init.o(.text)
    __scatterload_rt2                        0x080007a9   Thumb Code     0  init.o(.text)
    __aeabi_llsr                             0x080007cd   Thumb Code    32  llushr.o(.text)
    _ll_ushift_r                             0x080007cd   Thumb Code     0  llushr.o(.text)
    __aeabi_d2iz                             0x080007ed   Thumb Code    62  dfixi.o(.text)
    __decompress                             0x0800082b   Thumb Code     0  __dczerorl2.o(.text)
    __decompress1                            0x0800082b   Thumb Code    86  __dczerorl2.o(.text)
    ADC_Cmd                                  0x08000881   Thumb Code    22  stm32f4xx_adc.o(i.ADC_Cmd)
    ADC_CommonInit                           0x08000899   Thumb Code    34  stm32f4xx_adc.o(i.ADC_CommonInit)
    ADC_GetConversionValue                   0x080008c9   Thumb Code     8  stm32f4xx_adc.o(i.ADC_GetConversionValue)
    ADC_GetFlagStatus                        0x080008d1   Thumb Code    18  stm32f4xx_adc.o(i.ADC_GetFlagStatus)
    ADC_Init                                 0x080008e5   Thumb Code    74  stm32f4xx_adc.o(i.ADC_Init)
    ADC_RegularChannelConfig                 0x08000939   Thumb Code   184  stm32f4xx_adc.o(i.ADC_RegularChannelConfig)
    ADC_SoftwareStartConv                    0x080009f1   Thumb Code    10  stm32f4xx_adc.o(i.ADC_SoftwareStartConv)
    Adc_Init                                 0x080009fd   Thumb Code   124  adc.o(i.Adc_Init)
    AutoCatch_CatchBullet                    0x08000a81   Thumb Code   214  catchbullet.o(i.AutoCatch_CatchBullet)
    AutoCatch_TaskControl                    0x08000b91   Thumb Code   362  catchcontrol.o(i.AutoCatch_TaskControl)
    AutoCatch_TaskJudge                      0x08000d31   Thumb Code   150  catchcontrol.o(i.AutoCatch_TaskJudge)
    AutoCatch_tInit                          0x08000dd9   Thumb Code    74  catchcontrol.o(i.AutoCatch_tInit)
    BSP_Init                                 0x08000e6d   Thumb Code   118  bsp.o(i.BSP_Init)
    Bullet_Load_Judge                        0x08000ee5   Thumb Code    20  shootcontrol.o(i.Bullet_Load_Judge)
    BusFault_Handler                         0x08000f05   Thumb Code     4  stm32f4xx_it.o(i.BusFault_Handler)
    Buzzer_Init                              0x08000f09   Thumb Code   166  buzzer.o(i.Buzzer_Init)
    CAN1_Cmd_All                             0x08000fb9   Thumb Code    84  can.o(i.CAN1_Cmd_All)
    CAN1_Mode_Init                           0x08001011   Thumb Code   248  can.o(i.CAN1_Mode_Init)
    CAN1_RX0_IRQHandler                      0x08001111   Thumb Code   234  can.o(i.CAN1_RX0_IRQHandler)
    CAN1_Send_Bottom                         0x08001221   Thumb Code    96  can.o(i.CAN1_Send_Bottom)
    CAN2_Cmd_SHOOT                           0x08001285   Thumb Code   144  can.o(i.CAN2_Cmd_SHOOT)
    CAN2_Mode_Init                           0x08001321   Thumb Code   254  can.o(i.CAN2_Mode_Init)
    CAN2_RX1_IRQHandler                      0x08001429   Thumb Code   894  can.o(i.CAN2_RX1_IRQHandler)
    CAN2_Send_Bottom                         0x08001809   Thumb Code    86  can.o(i.CAN2_Send_Bottom)
    CAN_ClearITPendingBit                    0x08001865   Thumb Code   162  stm32f4xx_can.o(i.CAN_ClearITPendingBit)
    CAN_FilterInit                           0x0800190d   Thumb Code   258  stm32f4xx_can.o(i.CAN_FilterInit)
    CAN_GetITStatus                          0x08001a15   Thumb Code   284  stm32f4xx_can.o(i.CAN_GetITStatus)
    CAN_ITConfig                             0x08001b35   Thumb Code    18  stm32f4xx_can.o(i.CAN_ITConfig)
    CAN_Init                                 0x08001b47   Thumb Code   276  stm32f4xx_can.o(i.CAN_Init)
    CAN_Receive                              0x08001c5b   Thumb Code   240  stm32f4xx_can.o(i.CAN_Receive)
    CAN_Transmit                             0x08001d4b   Thumb Code   294  stm32f4xx_can.o(i.CAN_Transmit)
    CMControlInit                            0x08001e71   Thumb Code    20  cmcontrol.o(i.CMControlInit)
    CMControlLoop                            0x08001e85   Thumb Code   142  cmcontrol.o(i.CMControlLoop)
    CMControlOut                             0x08001f31   Thumb Code   366  cmcontrol.o(i.CMControlOut)
    CMPID_Init                               0x080020c1   Thumb Code    80  cmcontrol.o(i.CMPID_Init)
    CMSpeedLegalize                          0x08002139   Thumb Code    46  cmcontrol.o(i.CMSpeedLegalize)
    CMStop                                   0x08002167   Thumb Code    16  cmcontrol.o(i.CMStop)
    CMWatt_Cal                               0x08002179   Thumb Code   180  monitorcontrol.o(i.CMWatt_Cal)
    CatchControl                             0x0800223d   Thumb Code   302  catchcontrol.o(i.CatchControl)
    CatchInit                                0x0800239d   Thumb Code    26  catchcontrol.o(i.CatchInit)
    Control_Task                             0x080023c9   Thumb Code   238  controltask.o(i.Control_Task)
    Cylinder_Configuration                   0x080024c9   Thumb Code    54  cylinder.o(i.Cylinder_Configuration)
    DMA1_Stream1_IRQHandler                  0x08002505   Thumb Code    30  usart3.o(i.DMA1_Stream1_IRQHandler)
    DMA2_Stream2_IRQHandler                  0x0800252d   Thumb Code   282  rc.o(i.DMA2_Stream2_IRQHandler)
    DMA_ClearFlag                            0x0800265d   Thumb Code    38  stm32f4xx_dma.o(i.DMA_ClearFlag)
    DMA_ClearITPendingBit                    0x08002691   Thumb Code    38  stm32f4xx_dma.o(i.DMA_ClearITPendingBit)
    DMA_Cmd                                  0x080026c5   Thumb Code    22  stm32f4xx_dma.o(i.DMA_Cmd)
    DMA_DeInit                               0x080026dd   Thumb Code   324  stm32f4xx_dma.o(i.DMA_DeInit)
    DMA_GetITStatus                          0x08002835   Thumb Code    82  stm32f4xx_dma.o(i.DMA_GetITStatus)
    DMA_ITConfig                             0x08002899   Thumb Code    58  stm32f4xx_dma.o(i.DMA_ITConfig)
    DMA_Init                                 0x080028d5   Thumb Code    82  stm32f4xx_dma.o(i.DMA_Init)
    DebugMon_Handler                         0x0800292d   Thumb Code     2  stm32f4xx_it.o(i.DebugMon_Handler)
    Empty_Detection                          0x08002931   Thumb Code   114  shootcontrol.o(i.Empty_Detection)
    FrictionControl                          0x080029bd   Thumb Code    84  shootcontrol.o(i.FrictionControl)
    FrictionJudge                            0x08002a25   Thumb Code   156  shootcontrol.o(i.FrictionJudge)
    GPIO_Init                                0x08002ad5   Thumb Code   144  stm32f4xx_gpio.o(i.GPIO_Init)
    GPIO_PinAFConfig                         0x08002b65   Thumb Code    70  stm32f4xx_gpio.o(i.GPIO_PinAFConfig)
    GPIO_ReadInputDataBit                    0x08002bab   Thumb Code    18  stm32f4xx_gpio.o(i.GPIO_ReadInputDataBit)
    GPIO_ResetBits                           0x08002bbd   Thumb Code     4  stm32f4xx_gpio.o(i.GPIO_ResetBits)
    GPIO_SetBits                             0x08002bc1   Thumb Code     4  stm32f4xx_gpio.o(i.GPIO_SetBits)
    Get_Adc                                  0x08002bc5   Thumb Code    44  adc.o(i.Get_Adc)
    GimbalControlInit                        0x08002bf5   Thumb Code    48  gimbalcontrol.o(i.GimbalControlInit)
    GimbalControlLoop                        0x08002c2d   Thumb Code    90  gimbalcontrol.o(i.GimbalControlLoop)
    GimbalControlValSet                      0x08002ca5   Thumb Code   732  gimbalcontrol.o(i.GimbalControlValSet)
    GimbalControl_Pitch                      0x08002fe1   Thumb Code   140  gimbalcontrol.o(i.GimbalControl_Pitch)
    GimbalControl_PitchAngel                 0x0800308d   Thumb Code   164  gimbalcontrol.o(i.GimbalControl_PitchAngel)
    GimbalControl_Yaw                        0x08003155   Thumb Code   156  gimbalcontrol.o(i.GimbalControl_Yaw)
    GimbalControl_YawAngel                   0x08003211   Thumb Code   168  gimbalcontrol.o(i.GimbalControl_YawAngel)
    GimbalMove                               0x080032dd   Thumb Code   150  gimbalcontrol.o(i.GimbalMove)
    GimbalPidInit                            0x08003389   Thumb Code   164  gimbalcontrol.o(i.GimbalPidInit)
    GimbalPidInitPrepare                     0x08003451   Thumb Code   164  gimbalcontrol.o(i.GimbalPidInitPrepare)
    GimbalStop                               0x0800351d   Thumb Code    66  gimbalcontrol.o(i.GimbalStop)
    GimbalSwitchJudge                        0x0800357d   Thumb Code    48  remotecontrol.o(i.GimbalSwitchJudge)
    GimbalValLigal                           0x080035b9   Thumb Code    32  gimbalcontrol.o(i.GimbalValLigal)
    GunControl                               0x080035d9   Thumb Code    26  shootcontrol.o(i.GunControl)
    GunShootAction                           0x080035f9   Thumb Code   222  shootcontrol.o(i.GunShootAction)
    HardFault_Handler                        0x08003709   Thumb Code     4  stm32f4xx_it.o(i.HardFault_Handler)
    Infrared_Configuration                   0x0800370d   Thumb Code    54  infrared.o(i.Infrared_Configuration)
    ItoE                                     0x0800374d   Thumb Code   202  rc.o(i.ItoE)
    Laser_Configuration                      0x08003829   Thumb Code    60  laser.o(i.Laser_Configuration)
    Led_Configuration                        0x08003869   Thumb Code    80  led.o(i.Led_Configuration)
    LiftPosSpeedcal                          0x080038c1   Thumb Code   252  catchbullet.o(i.LiftPosSpeedcal)
    Lift_Legalize                            0x080039e5   Thumb Code    46  catchbullet.o(i.Lift_Legalize)
    MPU6500ReadSPI                           0x08003a15   Thumb Code    56  mpu6500.o(i.MPU6500ReadSPI)
    MPU6500ReadSPISingle                     0x08003a51   Thumb Code    38  mpu6500.o(i.MPU6500ReadSPISingle)
    MPU6500WriteSPI                          0x08003a81   Thumb Code    38  mpu6500.o(i.MPU6500WriteSPI)
    MPU6500_Init                             0x08003ab1   Thumb Code   156  mpu6500.o(i.MPU6500_Init)
    MPU6500_Read                             0x08003b4d   Thumb Code   386  mpu6500.o(i.MPU6500_Read)
    MemManage_Handler                        0x08003cf5   Thumb Code     4  stm32f4xx_it.o(i.MemManage_Handler)
    MotorCurrentLegalize                     0x08003cf9   Thumb Code    46  gimbalcontrol.o(i.MotorCurrentLegalize)
    MotorPositionLegalize                    0x08003d27   Thumb Code    46  gimbalcontrol.o(i.MotorPositionLegalize)
    NMI_Handler                              0x08003d55   Thumb Code     2  stm32f4xx_it.o(i.NMI_Handler)
    NVIC_Init                                0x08003d59   Thumb Code   106  misc.o(i.NVIC_Init)
    PID_BitIsSet                             0x08003dd1   Thumb Code    18  pid.o(i.PID_BitIsSet)
    PID_Calc                                 0x08003de5   Thumb Code   366  pid.o(i.PID_Calc)
    PID_Driver                               0x08003f5d   Thumb Code    44  pid.o(i.PID_Driver)
    PID_Init                                 0x08003f89   Thumb Code    34  pid.o(i.PID_Init)
    PID_PreCalc                              0x08003fad   Thumb Code   162  pid.o(i.PID_PreCalc)
    PendSV_Handler                           0x08004055   Thumb Code     2  stm32f4xx_it.o(i.PendSV_Handler)
    PlateMotorCurrentLegalize                0x08004057   Thumb Code    46  shootcontrol.o(i.PlateMotorCurrentLegalize)
    PlatePID                                 0x08004085   Thumb Code   136  shootcontrol.o(i.PlatePID)
    PlatePidInit                             0x0800412d   Thumb Code    84  shootcontrol.o(i.PlatePidInit)
    PowerMonitor                             0x08004199   Thumb Code   192  monitorcontrol.o(i.PowerMonitor)
    RCC_AHB1PeriphClockCmd                   0x08004281   Thumb Code    26  stm32f4xx_rcc.o(i.RCC_AHB1PeriphClockCmd)
    RCC_APB1PeriphClockCmd                   0x080042a1   Thumb Code    26  stm32f4xx_rcc.o(i.RCC_APB1PeriphClockCmd)
    RCC_APB1PeriphResetCmd                   0x080042c1   Thumb Code    26  stm32f4xx_rcc.o(i.RCC_APB1PeriphResetCmd)
    RCC_APB2PeriphClockCmd                   0x080042e1   Thumb Code    26  stm32f4xx_rcc.o(i.RCC_APB2PeriphClockCmd)
    RCC_APB2PeriphResetCmd                   0x08004301   Thumb Code    26  stm32f4xx_rcc.o(i.RCC_APB2PeriphResetCmd)
    RCC_GetClocksFreq                        0x08004321   Thumb Code   214  stm32f4xx_rcc.o(i.RCC_GetClocksFreq)
    RC_Init                                  0x08004409   Thumb Code   264  rc.o(i.RC_Init)
    RcReceiveMonitor                         0x08004529   Thumb Code    66  monitorcontrol.o(i.RcReceiveMonitor)
    Read_Infrared_State                      0x0800457d   Thumb Code    30  shootcontrol.o(i.Read_Infrared_State)
    RemoteControlInit                        0x080045a9   Thumb Code    14  remotecontrol.o(i.RemoteControlInit)
    RemoteControlLoop                        0x080045bd   Thumb Code    16  remotecontrol.o(i.RemoteControlLoop)
    RemoteStateFSM                           0x080045cd   Thumb Code    72  remotecontrol.o(i.RemoteStateFSM)
    RotateSpeedcal                           0x08004621   Thumb Code   104  catchbullet.o(i.RotateSpeedcal)
    SPI5Init                                 0x080046a5   Thumb Code   218  spi.o(i.SPI5Init)
    SPI5ReadWriteByte                        0x08004791   Thumb Code    74  spi.o(i.SPI5ReadWriteByte)
    SVC_Handler                              0x080047e1   Thumb Code     2  stm32f4xx_it.o(i.SVC_Handler)
    SetPIDCR                                 0x080047e3   Thumb Code    16  pid.o(i.SetPIDCR)
    Set_Target                               0x080048e1   Thumb Code    44  shootcontrol.o(i.Set_Target)
    ShootControlInit                         0x08004919   Thumb Code    36  shootcontrol.o(i.ShootControlInit)
    ShootControlLoop                         0x08004941   Thumb Code   220  shootcontrol.o(i.ShootControlLoop)
    ShootStop                                0x08004a35   Thumb Code    30  shootcontrol.o(i.ShootStop)
    SysTick_CLKSourceConfig                  0x08004a61   Thumb Code    40  misc.o(i.SysTick_CLKSourceConfig)
    SysTick_Handler                          0x08004a89   Thumb Code     2  stm32f4xx_it.o(i.SysTick_Handler)
    SystemInit                               0x08004a8d   Thumb Code    88  system_stm32f4xx.o(i.SystemInit)
    TIM12_Init                               0x08004af5   Thumb Code   206  timer.o(i.TIM12_Init)
    TIM2_IRQHandler                          0x08004bcd   Thumb Code    32  timer.o(i.TIM2_IRQHandler)
    TIM2_Init                                0x08004bed   Thumb Code    90  timer.o(i.TIM2_Init)
    TIM5_IRQHandler                          0x08004c49   Thumb Code    72  timer.o(i.TIM5_IRQHandler)
    TIM5_Init                                0x08004c9d   Thumb Code    88  timer.o(i.TIM5_Init)
    TIM8_PWM_Init                            0x08004cf9   Thumb Code   236  pwm.o(i.TIM8_PWM_Init)
    TIM_ARRPreloadConfig                     0x08004ded   Thumb Code    24  stm32f4xx_tim.o(i.TIM_ARRPreloadConfig)
    TIM_ClearITPendingBit                    0x08004e05   Thumb Code     6  stm32f4xx_tim.o(i.TIM_ClearITPendingBit)
    TIM_Cmd                                  0x08004e0b   Thumb Code    24  stm32f4xx_tim.o(i.TIM_Cmd)
    TIM_CtrlPWMOutputs                       0x08004e23   Thumb Code    30  stm32f4xx_tim.o(i.TIM_CtrlPWMOutputs)
    TIM_GetITStatus                          0x08004e41   Thumb Code    34  stm32f4xx_tim.o(i.TIM_GetITStatus)
    TIM_ITConfig                             0x08004e63   Thumb Code    18  stm32f4xx_tim.o(i.TIM_ITConfig)
    TIM_OC1Init                              0x08004e75   Thumb Code   114  stm32f4xx_tim.o(i.TIM_OC1Init)
    TIM_OC1PreloadConfig                     0x08004ef1   Thumb Code    18  stm32f4xx_tim.o(i.TIM_OC1PreloadConfig)
    TIM_OC2Init                              0x08004f05   Thumb Code   154  stm32f4xx_tim.o(i.TIM_OC2Init)
    TIM_OC2PreloadConfig                     0x08004fa9   Thumb Code    26  stm32f4xx_tim.o(i.TIM_OC2PreloadConfig)
    TIM_SetCompare1                          0x08004fc3   Thumb Code     4  stm32f4xx_tim.o(i.TIM_SetCompare1)
    TIM_SetCompare2                          0x08004fc7   Thumb Code     4  stm32f4xx_tim.o(i.TIM_SetCompare2)
    TIM_TimeBaseInit                         0x08004fcd   Thumb Code   104  stm32f4xx_tim.o(i.TIM_TimeBaseInit)
    USART3_DMA_Init                          0x08005051   Thumb Code   270  usart3.o(i.USART3_DMA_Init)
    USART6_Configuration                     0x08005175   Thumb Code   172  usart6.o(i.USART6_Configuration)
    USART6_IRQHandler                        0x08005229   Thumb Code   138  usart6.o(i.USART6_IRQHandler)
    USART_ClearFlag                          0x080052c9   Thumb Code    18  stm32f4xx_usart.o(i.USART_ClearFlag)
    USART_Cmd                                0x080052db   Thumb Code    24  stm32f4xx_usart.o(i.USART_Cmd)
    USART_DMACmd                             0x080052f3   Thumb Code    18  stm32f4xx_usart.o(i.USART_DMACmd)
    USART_DeInit                             0x08005305   Thumb Code   156  stm32f4xx_usart.o(i.USART_DeInit)
    USART_GetITStatus                        0x080053b9   Thumb Code    84  stm32f4xx_usart.o(i.USART_GetITStatus)
    USART_ITConfig                           0x0800540d   Thumb Code    74  stm32f4xx_usart.o(i.USART_ITConfig)
    USART_Init                               0x08005459   Thumb Code   204  stm32f4xx_usart.o(i.USART_Init)
    USART_ReceiveData                        0x0800552d   Thumb Code    10  stm32f4xx_usart.o(i.USART_ReceiveData)
    UsageFault_Handler                       0x08005537   Thumb Code     4  stm32f4xx_it.o(i.UsageFault_Handler)
    WholeInitTask                            0x0800553d   Thumb Code    62  controltask.o(i.WholeInitTask)
    __ARM_fpclassify                         0x08005581   Thumb Code    48  fpclassify.o(i.__ARM_fpclassify)
    __hardfp_asin                            0x080055b1   Thumb Code   770  asin.o(i.__hardfp_asin)
    __hardfp_atan                            0x08005911   Thumb Code   622  atan.o(i.__hardfp_atan)
    __hardfp_atan2                           0x08005be9   Thumb Code   432  atan2.o(i.__hardfp_atan2)
    __hardfp_cos                             0x08005dd9   Thumb Code   180  cos.o(i.__hardfp_cos)
    __hardfp_fabs                            0x08005ea1   Thumb Code    20  fabs.o(i.__hardfp_fabs)
    __hardfp_sin                             0x08005eb9   Thumb Code   180  sin.o(i.__hardfp_sin)
    __hardfp_sqrt                            0x08005f81   Thumb Code   122  sqrt.o(i.__hardfp_sqrt)
    __ieee754_rem_pio2                       0x08006001   Thumb Code   938  rred.o(i.__ieee754_rem_pio2)
    __kernel_cos                             0x08006439   Thumb Code   322  cos_i.o(i.__kernel_cos)
    __kernel_poly                            0x080065a9   Thumb Code   248  poly.o(i.__kernel_poly)
    __kernel_sin                             0x080066a1   Thumb Code   280  sin_i.o(i.__kernel_sin)
    __mathlib_dbl_infnan                     0x080067d1   Thumb Code    20  dunder.o(i.__mathlib_dbl_infnan)
    __mathlib_dbl_infnan2                    0x080067e5   Thumb Code    20  dunder.o(i.__mathlib_dbl_infnan2)
    __mathlib_dbl_invalid                    0x080067f9   Thumb Code    24  dunder.o(i.__mathlib_dbl_invalid)
    __mathlib_dbl_underflow                  0x08006819   Thumb Code    24  dunder.o(i.__mathlib_dbl_underflow)
    __scatterload_copy                       0x08006839   Thumb Code    14  handlers.o(i.__scatterload_copy)
    __scatterload_null                       0x08006847   Thumb Code     2  handlers.o(i.__scatterload_null)
    __scatterload_zeroinit                   0x08006849   Thumb Code    14  handlers.o(i.__scatterload_zeroinit)
    __set_errno                              0x08006859   Thumb Code     6  errno.o(i.__set_errno)
    atan                                     0x08006865   Thumb Code    16  atan.o(i.atan)
    blocking_judge                           0x08006875   Thumb Code   160  shootcontrol.o(i.blocking_judge)
    catchfinish                              0x0800692d   Thumb Code    14  catchbullet.o(i.catchfinish)
    catchinit                                0x08006941   Thumb Code   136  catchbullet.o(i.catchinit)
    catchstart                               0x080069e5   Thumb Code    14  catchbullet.o(i.catchstart)
    delay_init                               0x080069f9   Thumb Code    52  delay.o(i.delay_init)
    delay_ms                                 0x08006a35   Thumb Code    56  delay.o(i.delay_ms)
    delay_xms                                0x08006a6d   Thumb Code    72  delay.o(i.delay_xms)
    fabs                                     0x08006ab9   Thumb Code    24  fabs.o(i.fabs)
    flift                                    0x08006ad1   Thumb Code    56  catchbullet.o(i.flift)
    fliftdown                                0x08006b15   Thumb Code    92  catchbullet.o(i.fliftdown)
    followValCal                             0x08006b7d   Thumb Code   108  cmcontrol.o(i.followValCal)
    getDeviceID                              0x08006bf5   Thumb Code    22  mpu6500.o(i.getDeviceID)
    gyro_offset                              0x08006c0d   Thumb Code   296  mpu6500.o(i.gyro_offset)
    init_euler                               0x08006d4d   Thumb Code   308  euler.o(i.init_euler)
    invSqrt                                  0x08006e9d   Thumb Code    56  euler.o(i.invSqrt)
    keyboardmove_old                         0x08006ed9   Thumb Code  1200  cmcontrol.o(i.keyboardmove_old)
    liftinit                                 0x08007395   Thumb Code   166  catchbullet.o(i.liftinit)
    main                                     0x08007465   Thumb Code     8  main.o(i.main)
    monitorControlLoop                       0x0800746d   Thumb Code    12  monitorcontrol.o(i.monitorControlLoop)
    move                                     0x08007479   Thumb Code   322  cmcontrol.o(i.move)
    movebackward                             0x080075d9   Thumb Code    14  catchbullet.o(i.movebackward)
    moveforward                              0x080075ed   Thumb Code    14  catchbullet.o(i.moveforward)
    moveinit                                 0x08007601   Thumb Code    60  catchbullet.o(i.moveinit)
    myabs                                    0x08007641   Thumb Code    16  mpu6500.o(i.myabs)
    sqrt                                     0x08007651   Thumb Code   110  sqrt.o(i.sqrt)
    update_euler                             0x080076c1   Thumb Code   812  euler.o(i.update_euler)
    __mathlib_zero                           0x08007b48   Data           8  qnan.o(.constdata)
    Region$$Table$$Base                      0x08007c40   Number         0  anon$$obj.o(Region$$Table)
    Region$$Table$$Limit                     0x08007c60   Number         0  anon$$obj.o(Region$$Table)
    remoteState                              0x20000000   Data           1  remotecontrol.o(.data)
    remoteState_ex                           0x20000001   Data           1  remotecontrol.o(.data)
    CMFollowVal                              0x20000004   Data           2  cmcontrol.o(.data)
    CMSwingVal                               0x20000006   Data           2  cmcontrol.o(.data)
    speedA                                   0x20000008   Data           2  cmcontrol.o(.data)
    speedB                                   0x2000000a   Data           2  cmcontrol.o(.data)
    speedC                                   0x2000000c   Data           2  cmcontrol.o(.data)
    speedD                                   0x2000000e   Data           2  cmcontrol.o(.data)
    step                                     0x20000010   Data           2  cmcontrol.o(.data)
    step_spin                                0x20000012   Data           2  cmcontrol.o(.data)
    x                                        0x20000014   Data           2  cmcontrol.o(.data)
    y                                        0x20000016   Data           2  cmcontrol.o(.data)
    m                                        0x20000018   Data           2  cmcontrol.o(.data)
    n                                        0x2000001a   Data           2  cmcontrol.o(.data)
    q                                        0x2000001c   Data           2  cmcontrol.o(.data)
    p                                        0x2000001e   Data           2  cmcontrol.o(.data)
    xlimit                                   0x20000020   Data           2  cmcontrol.o(.data)
    ylimit                                   0x20000022   Data           2  cmcontrol.o(.data)
    ele_dec                                  0x20000024   Data           4  cmcontrol.o(.data)
    quick_spin_flag                          0x20000028   Data           4  cmcontrol.o(.data)
    quick_spin_step                          0x2000002c   Data           4  cmcontrol.o(.data)
    follow_val_temp                          0x20000030   Data           2  cmcontrol.o(.data)
    flag_swing                               0x20000032   Data           1  cmcontrol.o(.data)
    swing_count                              0x20000034   Data           2  cmcontrol.o(.data)
    swing_dir                                0x20000036   Data           2  cmcontrol.o(.data)
    swing_add_dir                            0x20000038   Data           2  cmcontrol.o(.data)
    PIDOut_Position_Pit                      0x2000003c   Data           4  gimbalcontrol.o(.data)
    PIDOut_Speed_Pit                         0x20000040   Data           4  gimbalcontrol.o(.data)
    PIDOut_Whole_Pit                         0x20000044   Data           4  gimbalcontrol.o(.data)
    PIDOut_Position_Yaw                      0x20000048   Data           4  gimbalcontrol.o(.data)
    PIDOut_Speed_Yaw                         0x2000004c   Data           4  gimbalcontrol.o(.data)
    PIDOut_Whole_Yaw                         0x20000050   Data           4  gimbalcontrol.o(.data)
    PIDOut_Electricity_Yaw                   0x20000054   Data           4  gimbalcontrol.o(.data)
    angleSave                                0x20000058   Data           4  gimbalcontrol.o(.data)
    position_yaw_relative                    0x2000005c   Data           2  gimbalcontrol.o(.data)
    tch3                                     0x2000005e   Data           2  gimbalcontrol.o(.data)
    IsInitialKey                             0x20000060   Data           1  gimbalcontrol.o(.data)
    frictionState                            0x20000064   Data           2  shootcontrol.o(.data)
    friction_count                           0x20000066   Data           2  shootcontrol.o(.data)
    flag_FrtctionDelay                       0x20000068   Data           1  shootcontrol.o(.data)
    bullet_loaded                            0x2000007c   Data           4  shootcontrol.o(.data)
    empty_flag                               0x20000080   Data           4  shootcontrol.o(.data)
    bullet_count                             0x20000084   Data           4  shootcontrol.o(.data)
    infrared1_state_prvious                  0x20000088   Data           4  shootcontrol.o(.data)
    infrared1_state_now                      0x2000008c   Data           4  shootcontrol.o(.data)
    infrared2_state_prvious                  0x20000090   Data           4  shootcontrol.o(.data)
    infrared2_state_now                      0x20000094   Data           4  shootcontrol.o(.data)
    blocking_flag                            0x20000098   Data           4  shootcontrol.o(.data)
    blocking_target                          0x2000009c   Data           4  shootcontrol.o(.data)
    empty_count                              0x200000a0   Data           4  shootcontrol.o(.data)
    now_remote_state                         0x200000a4   Data           1  shootcontrol.o(.data)
    pre_remote_state                         0x200000a5   Data           1  shootcontrol.o(.data)
    press_judge                              0x200000a8   Data           4  shootcontrol.o(.data)
    read_count                               0x200000ac   Data           4  shootcontrol.o(.data)
    Plate_Control                            0x200000b0   Data           8  shootcontrol.o(.data)
    PIDOut_Position_Plate                    0x200000b8   Data           4  shootcontrol.o(.data)
    PIDOut_Speed_Plate                       0x200000bc   Data           4  shootcontrol.o(.data)
    PIDOut_Whole_Shoot                       0x200000c0   Data           4  shootcontrol.o(.data)
    PIDOut_Electricity_Plate                 0x200000c4   Data           4  shootcontrol.o(.data)
    pid_flag                                 0x200000c8   Data           1  shootcontrol.o(.data)
    pp                                       0x200000cc   Data           4  shootcontrol.o(.data)
    pi                                       0x200000d0   Data           4  shootcontrol.o(.data)
    pd                                       0x200000d4   Data           4  shootcontrol.o(.data)
    sp                                       0x200000d8   Data           4  shootcontrol.o(.data)
    si                                       0x200000dc   Data           4  shootcontrol.o(.data)
    sd                                       0x200000e0   Data           4  shootcontrol.o(.data)
    temp                                     0x200000e4   Data           4  shootcontrol.o(.data)
    plimit                                   0x200000e8   Data           4  shootcontrol.o(.data)
    slimit                                   0x200000ec   Data           4  shootcontrol.o(.data)
    input_flag                               0x200000f0   Data           4  shootcontrol.o(.data)
    OriginalPlatePos                         0x200000f4   Data           4  shootcontrol.o(.data)
    now_press                                0x200000f8   Data           4  shootcontrol.o(.data)
    last_press                               0x200000fc   Data           4  shootcontrol.o(.data)
    ele_cal                                  0x20000100   Data           4  monitorcontrol.o(.data)
    rc_monitor_time                          0x20000104   Data           2  monitorcontrol.o(.data)
    pressflagl                               0x20000108   Data           1  catchcontrol.o(.data)
    lastpressflagl                           0x20000109   Data           1  catchcontrol.o(.data)
    pressflagr                               0x2000010a   Data           1  catchcontrol.o(.data)
    lastpressflagr                           0x2000010b   Data           1  catchcontrol.o(.data)
    IsInitialSet0                            0x2000010c   Data           1  catchcontrol.o(.data)
    liftspeed                                0x2000010e   Data           2  catchcontrol.o(.data)
    rollspeed                                0x20000110   Data           2  catchcontrol.o(.data)
    l_flag                                   0x20000112   Data           1  catchcontrol.o(.data)
    r_flag                                   0x20000113   Data           1  catchcontrol.o(.data)
    tA_ms                                    0x20000114   Data           4  catchcontrol.o(.data)
    tB_ms                                    0x20000118   Data           4  catchcontrol.o(.data)
    tC_ms                                    0x2000011c   Data           4  catchcontrol.o(.data)
    tD_ms                                    0x20000120   Data           4  catchcontrol.o(.data)
    tE_ms                                    0x20000124   Data           4  catchcontrol.o(.data)
    tF_ms                                    0x20000128   Data           4  catchcontrol.o(.data)
    tG_ms                                    0x2000012c   Data           4  catchcontrol.o(.data)
    tH_ms                                    0x20000130   Data           4  catchcontrol.o(.data)
    tI_ms                                    0x20000134   Data           4  catchcontrol.o(.data)
    tA_Init_ms                               0x20000138   Data           4  catchcontrol.o(.data)
    tB_Init_ms                               0x2000013c   Data           4  catchcontrol.o(.data)
    tC_Init_ms                               0x20000140   Data           4  catchcontrol.o(.data)
    tD_Init_ms                               0x20000144   Data           4  catchcontrol.o(.data)
    tE_Init_ms                               0x20000148   Data           4  catchcontrol.o(.data)
    tF_Init_ms                               0x2000014c   Data           4  catchcontrol.o(.data)
    tG_Init_ms                               0x20000150   Data           4  catchcontrol.o(.data)
    tH_Init_ms                               0x20000154   Data           4  catchcontrol.o(.data)
    tI_Init_ms                               0x20000158   Data           4  catchcontrol.o(.data)
    CATCH_REG                                0x2000015c   Data           1  catchcontrol.o(.data)
    ID                                       0x2000015d   Data           1  catchcontrol.o(.data)
    time_tick_1ms                            0x20000160   Data           4  controltask.o(.data)
    rc_count00                               0x20000164   Data           4  controltask.o(.data)
    TIM5_time_count                          0x2000016c   Data           2  timer.o(.data)
    flag_Ready                               0x2000016e   Data           1  timer.o(.data)
    offset_x                                 0x20000170   Data           4  mpu6500.o(.data)
    offset_y                                 0x20000174   Data           4  mpu6500.o(.data)
    offset_z                                 0x20000178   Data           4  mpu6500.o(.data)
    usart6_rxbuf                             0x20000180   Data           1  usart6.o(.data)
    usart6_flag                              0x20000181   Data           1  usart6.o(.data)
    __stdout                                 0x20000184   Data           4  usart6.o(.data)
    USART_RX_STA                             0x20000188   Data           2  usart6.o(.data)
    flag_friction_switch                     0x2000018a   Data           1  rc.o(.data)
    friction_rc_last_position                0x2000018b   Data           1  rc.o(.data)
    rc_monitor_count                         0x2000018c   Data           2  rc.o(.data)
    rc_monitor_ex_count                      0x2000018e   Data           2  rc.o(.data)
    flag_rc_offline                          0x20000190   Data           1  rc.o(.data)
    current_position_206                     0x20000194   Data           2  can.o(.data)
    current_position_205                     0x20000196   Data           2  can.o(.data)
    current_cm_201                           0x20000198   Data           2  can.o(.data)
    current_cm_202                           0x2000019a   Data           2  can.o(.data)
    current_cm_203                           0x2000019c   Data           2  can.o(.data)
    current_cm_204                           0x2000019e   Data           2  can.o(.data)
    can2_current_speed201                    0x200001a0   Data           2  can.o(.data)
    can2_current_speed202                    0x200001a2   Data           2  can.o(.data)
    can2_current_speed203                    0x200001a4   Data           2  can.o(.data)
    can2_current_speed204                    0x200001a6   Data           2  can.o(.data)
    can2_current_angle201                    0x200001a8   Data           2  can.o(.data)
    can2_current_angle202                    0x200001aa   Data           2  can.o(.data)
    can2_current_angle203                    0x200001ac   Data           2  can.o(.data)
    can2_current_angle204                    0x200001ae   Data           2  can.o(.data)
    can2_last_angle201                       0x200001b0   Data           2  can.o(.data)
    can2_last_angle203                       0x200001b2   Data           2  can.o(.data)
    can2_last_angle202                       0x200001b4   Data           2  can.o(.data)
    can2_last_angle204                       0x200001b6   Data           2  can.o(.data)
    current_angle_201                        0x200001b8   Data           4  can.o(.data)
    current_angle_203                        0x200001bc   Data           4  can.o(.data)
    current_angle_202                        0x200001c0   Data           4  can.o(.data)
    current_angle_204                        0x200001c4   Data           4  can.o(.data)
    delta                                    0x200001c8   Data           2  can.o(.data)
    timell                                   0x200001cc   Data           4  can.o(.data)
    Yaw_gyro                                 0x200001d0   Data           4  euler.o(.data)
    Roll_gyro                                0x200001d4   Data           4  euler.o(.data)
    Pitch_gyro                               0x200001d8   Data           4  euler.o(.data)
    Yaw_mag                                  0x200001dc   Data           4  euler.o(.data)
    Roll_accel                               0x200001e0   Data           4  euler.o(.data)
    Pitch_accel                              0x200001e4   Data           4  euler.o(.data)
    Yaw                                      0x200001e8   Data           4  euler.o(.data)
    Roll                                     0x200001ec   Data           4  euler.o(.data)
    Pitch                                    0x200001f0   Data           4  euler.o(.data)
    Yaw_Offset                               0x200001f4   Data           4  euler.o(.data)
    Pitch_Offset                             0x200001f8   Data           4  euler.o(.data)
    Roll_Offset                              0x200001fc   Data           4  euler.o(.data)
    count                                    0x20000200   Data           4  euler.o(.data)
    rotate_speed                             0x20000208   Data           4  catchbullet.o(.data)
    liftspeed1                               0x2000020c   Data           4  catchbullet.o(.data)
    liftspeed2                               0x20000210   Data           4  catchbullet.o(.data)
    setangle1                                0x20000214   Data           4  catchbullet.o(.data)
    setangle2                                0x20000218   Data           4  catchbullet.o(.data)
    setrotate                                0x2000021c   Data           4  catchbullet.o(.data)
    lastrotate                               0x20000220   Data           4  catchbullet.o(.data)
    RotateFlag                               0x20000224   Data           4  catchbullet.o(.data)
    RotateDone                               0x20000228   Data           1  catchbullet.o(.data)
    CMPid                                    0x20000240   Data          56  cmcontrol.o(.bss)
    CMFollowPid                              0x20000278   Data          56  cmcontrol.o(.bss)
    Gimbal_control                           0x200002b0   Data          16  gimbalcontrol.o(.bss)
    MotorPID_pitch                           0x200002c0   Data         112  gimbalcontrol.o(.bss)
    MotorPID_yaw                             0x20000330   Data         112  gimbalcontrol.o(.bss)
    MotorPID_plate                           0x200003a0   Data         112  shootcontrol.o(.bss)
    mpu6500_raw_data                         0x20000410   Data          14  mpu6500.o(.bss)
    mpu6500_real_data                        0x20000420   Data          28  mpu6500.o(.bss)
    USART_RX_BUF                             0x2000043c   Data         200  usart6.o(.bss)
    RC_Ctl                                   0x20000504   Data          22  rc.o(.bss)
    RC_Ex_Ctl                                0x2000051a   Data          22  rc.o(.bss)
    sbus_rx_buffer                           0x20000530   Data          18  rc.o(.bss)
    rx_message                               0x20000544   Data          20  can.o(.bss)
    rx_message2                              0x20000558   Data          20  can.o(.bss)
    USART_RX_BUF3                            0x2000056c   Data         100  usart3.o(.bss)
    CatchRotatePid                           0x200005d0   Data          56  catchbullet.o(.bss)
    CatchRotateSPEEDPid                      0x20000608   Data          56  catchbullet.o(.bss)
    CatchLiftPid1                            0x20000640   Data          56  catchbullet.o(.bss)
    CatchLiftPid2                            0x20000678   Data          56  catchbullet.o(.bss)
    CatchLiftPOSPid1                         0x200006b0   Data          56  catchbullet.o(.bss)
    CatchLiftPOSPid2                         0x200006e8   Data          56  catchbullet.o(.bss)
    __initial_sp                             0x20000b20   Data           0  startup_stm32f4xx.o(STACK)



==============================================================================

Memory Map of the image

  Image Entry point : 0x08000189

  Load Region LR_IROM1 (Base: 0x08000000, Size: 0x00007ea0, Max: 0x00080000, ABSOLUTE, COMPRESSED[0x00007cdc])

    Execution Region ER_IROM1 (Exec base: 0x08000000, Load base: 0x08000000, Size: 0x00007c60, Max: 0x00080000, ABSOLUTE)

    Exec Addr    Load Addr    Size         Type   Attr      Idx    E Section Name        Object

    0x08000000   0x08000000   0x00000188   Data   RO         6131    RESET               startup_stm32f4xx.o
    0x08000188   0x08000188   0x00000000   Code   RO         6204  * .ARM.Collect$$$$00000000  mc_w.l(entry.o)
    0x08000188   0x08000188   0x00000004   Code   RO         6535    .ARM.Collect$$$$00000001  mc_w.l(entry2.o)
    0x0800018c   0x0800018c   0x00000004   Code   RO         6538    .ARM.Collect$$$$00000004  mc_w.l(entry5.o)
    0x08000190   0x08000190   0x00000000   Code   RO         6540    .ARM.Collect$$$$00000008  mc_w.l(entry7b.o)
    0x08000190   0x08000190   0x00000000   Code   RO         6542    .ARM.Collect$$$$0000000A  mc_w.l(entry8b.o)
    0x08000190   0x08000190   0x00000008   Code   RO         6543    .ARM.Collect$$$$0000000B  mc_w.l(entry9a.o)
    0x08000198   0x08000198   0x00000000   Code   RO         6545    .ARM.Collect$$$$0000000D  mc_w.l(entry10a.o)
    0x08000198   0x08000198   0x00000000   Code   RO         6547    .ARM.Collect$$$$0000000F  mc_w.l(entry11a.o)
    0x08000198   0x08000198   0x00000004   Code   RO         6536    .ARM.Collect$$$$00002712  mc_w.l(entry2.o)
    0x0800019c   0x0800019c   0x00000024   Code   RO         6132    .text               startup_stm32f4xx.o
    0x080001c0   0x080001c0   0x0000014e   Code   RO         6472    .text               mf_w.l(dadd.o)
    0x0800030e   0x0800030e   0x000000e4   Code   RO         6474    .text               mf_w.l(dmul.o)
    0x080003f2   0x080003f2   0x000000de   Code   RO         6476    .text               mf_w.l(ddiv.o)
    0x080004d0   0x080004d0   0x00000022   Code   RO         6478    .text               mf_w.l(dflti.o)
    0x080004f2   0x080004f2   0x0000001a   Code   RO         6480    .text               mf_w.l(dfltui.o)
    0x0800050c   0x0800050c   0x00000026   Code   RO         6482    .text               mf_w.l(f2d.o)
    0x08000532   0x08000532   0x00000002   PAD
    0x08000534   0x08000534   0x00000030   Code   RO         6484    .text               mf_w.l(cdrcmple.o)
    0x08000564   0x08000564   0x00000038   Code   RO         6486    .text               mf_w.l(d2f.o)
    0x0800059c   0x0800059c   0x0000001e   Code   RO         6553    .text               mc_w.l(llshl.o)
    0x080005ba   0x080005ba   0x00000024   Code   RO         6555    .text               mc_w.l(llsshr.o)
    0x080005de   0x080005de   0x00000000   Code   RO         6564    .text               mc_w.l(iusefp.o)
    0x080005de   0x080005de   0x0000006e   Code   RO         6565    .text               mf_w.l(fepilogue.o)
    0x0800064c   0x0800064c   0x000000ba   Code   RO         6567    .text               mf_w.l(depilogue.o)
    0x08000706   0x08000706   0x000000a2   Code   RO         6571    .text               mf_w.l(dsqrt.o)
    0x080007a8   0x080007a8   0x00000024   Code   RO         6577    .text               mc_w.l(init.o)
    0x080007cc   0x080007cc   0x00000020   Code   RO         6579    .text               mc_w.l(llushr.o)
    0x080007ec   0x080007ec   0x0000003e   Code   RO         6581    .text               mf_w.l(dfixi.o)
    0x0800082a   0x0800082a   0x00000056   Code   RO         6591    .text               mc_w.l(__dczerorl2.o)
    0x08000880   0x08000880   0x00000016   Code   RO         1986    i.ADC_Cmd           stm32f4xx_adc.o
    0x08000896   0x08000896   0x00000002   PAD
    0x08000898   0x08000898   0x00000030   Code   RO         1987    i.ADC_CommonInit    stm32f4xx_adc.o
    0x080008c8   0x080008c8   0x00000008   Code   RO         1998    i.ADC_GetConversionValue  stm32f4xx_adc.o
    0x080008d0   0x080008d0   0x00000012   Code   RO         1999    i.ADC_GetFlagStatus  stm32f4xx_adc.o
    0x080008e2   0x080008e2   0x00000002   PAD
    0x080008e4   0x080008e4   0x00000054   Code   RO         2006    i.ADC_Init          stm32f4xx_adc.o
    0x08000938   0x08000938   0x000000b8   Code   RO         2011    i.ADC_RegularChannelConfig  stm32f4xx_adc.o
    0x080009f0   0x080009f0   0x0000000a   Code   RO         2013    i.ADC_SoftwareStartConv  stm32f4xx_adc.o
    0x080009fa   0x080009fa   0x00000002   PAD
    0x080009fc   0x080009fc   0x00000084   Code   RO         1697    i.Adc_Init          adc.o
    0x08000a80   0x08000a80   0x00000110   Code   RO         1787    i.AutoCatch_CatchBullet  catchbullet.o
    0x08000b90   0x08000b90   0x000001a0   Code   RO          723    i.AutoCatch_TaskControl  catchcontrol.o
    0x08000d30   0x08000d30   0x000000a8   Code   RO          724    i.AutoCatch_TaskJudge  catchcontrol.o
    0x08000dd8   0x08000dd8   0x00000094   Code   RO          725    i.AutoCatch_tInit   catchcontrol.o
    0x08000e6c   0x08000e6c   0x00000076   Code   RO          999    i.BSP_Init          bsp.o
    0x08000ee2   0x08000ee2   0x00000002   PAD
    0x08000ee4   0x08000ee4   0x00000020   Code   RO          554    i.Bullet_Load_Judge  shootcontrol.o
    0x08000f04   0x08000f04   0x00000004   Code   RO          798    i.BusFault_Handler  stm32f4xx_it.o
    0x08000f08   0x08000f08   0x000000b0   Code   RO         1667    i.Buzzer_Init       buzzer.o
    0x08000fb8   0x08000fb8   0x00000058   Code   RO         1304    i.CAN1_Cmd_All      can.o
    0x08001010   0x08001010   0x00000100   Code   RO         1306    i.CAN1_Mode_Init    can.o
    0x08001110   0x08001110   0x00000110   Code   RO         1307    i.CAN1_RX0_IRQHandler  can.o
    0x08001220   0x08001220   0x00000064   Code   RO         1308    i.CAN1_Send_Bottom  can.o
    0x08001284   0x08001284   0x0000009c   Code   RO         1309    i.CAN2_Cmd_SHOOT    can.o
    0x08001320   0x08001320   0x00000108   Code   RO         1310    i.CAN2_Mode_Init    can.o
    0x08001428   0x08001428   0x000003e0   Code   RO         1311    i.CAN2_RX1_IRQHandler  can.o
    0x08001808   0x08001808   0x0000005c   Code   RO         1312    i.CAN2_Send_Bottom  can.o
    0x08001864   0x08001864   0x000000a8   Code   RO         2228    i.CAN_ClearITPendingBit  stm32f4xx_can.o
    0x0800190c   0x0800190c   0x00000108   Code   RO         2232    i.CAN_FilterInit    stm32f4xx_can.o
    0x08001a14   0x08001a14   0x00000120   Code   RO         2234    i.CAN_GetITStatus   stm32f4xx_can.o
    0x08001b34   0x08001b34   0x00000012   Code   RO         2238    i.CAN_ITConfig      stm32f4xx_can.o
    0x08001b46   0x08001b46   0x00000114   Code   RO         2239    i.CAN_Init          stm32f4xx_can.o
    0x08001c5a   0x08001c5a   0x000000f0   Code   RO         2242    i.CAN_Receive       stm32f4xx_can.o
    0x08001d4a   0x08001d4a   0x00000126   Code   RO         2247    i.CAN_Transmit      stm32f4xx_can.o
    0x08001e70   0x08001e70   0x00000014   Code   RO          260    i.CMControlInit     cmcontrol.o
    0x08001e84   0x08001e84   0x000000ac   Code   RO          261    i.CMControlLoop     cmcontrol.o
    0x08001f30   0x08001f30   0x00000190   Code   RO          262    i.CMControlOut      cmcontrol.o
    0x080020c0   0x080020c0   0x00000078   Code   RO          263    i.CMPID_Init        cmcontrol.o
    0x08002138   0x08002138   0x0000002e   Code   RO          264    i.CMSpeedLegalize   cmcontrol.o
    0x08002166   0x08002166   0x00000010   Code   RO          265    i.CMStop            cmcontrol.o
    0x08002176   0x08002176   0x00000002   PAD
    0x08002178   0x08002178   0x000000c4   Code   RO          670    i.CMWatt_Cal        monitorcontrol.o
    0x0800223c   0x0800223c   0x00000160   Code   RO          726    i.CatchControl      catchcontrol.o
    0x0800239c   0x0800239c   0x0000001a   Code   RO          727    i.CatchInit         catchcontrol.o
    0x080023b6   0x080023b6   0x00000012   Code   RO         2250    i.CheckITStatus     stm32f4xx_can.o
    0x080023c8   0x080023c8   0x00000100   Code   RO          873    i.Control_Task      controltask.o
    0x080024c8   0x080024c8   0x0000003c   Code   RO         1739    i.Cylinder_Configuration  cylinder.o
    0x08002504   0x08002504   0x00000028   Code   RO         1601    i.DMA1_Stream1_IRQHandler  usart3.o
    0x0800252c   0x0800252c   0x00000130   Code   RO         1254    i.DMA2_Stream2_IRQHandler  rc.o
    0x0800265c   0x0800265c   0x00000034   Code   RO         2951    i.DMA_ClearFlag     stm32f4xx_dma.o
    0x08002690   0x08002690   0x00000034   Code   RO         2952    i.DMA_ClearITPendingBit  stm32f4xx_dma.o
    0x080026c4   0x080026c4   0x00000016   Code   RO         2953    i.DMA_Cmd           stm32f4xx_dma.o
    0x080026da   0x080026da   0x00000002   PAD
    0x080026dc   0x080026dc   0x00000158   Code   RO         2954    i.DMA_DeInit        stm32f4xx_dma.o
    0x08002834   0x08002834   0x00000064   Code   RO         2963    i.DMA_GetITStatus   stm32f4xx_dma.o
    0x08002898   0x08002898   0x0000003a   Code   RO         2964    i.DMA_ITConfig      stm32f4xx_dma.o
    0x080028d2   0x080028d2   0x00000002   PAD
    0x080028d4   0x080028d4   0x00000058   Code   RO         2965    i.DMA_Init          stm32f4xx_dma.o
    0x0800292c   0x0800292c   0x00000002   Code   RO          799    i.DebugMon_Handler  stm32f4xx_it.o
    0x0800292e   0x0800292e   0x00000002   PAD
    0x08002930   0x08002930   0x0000008c   Code   RO          555    i.Empty_Detection   shootcontrol.o
    0x080029bc   0x080029bc   0x00000068   Code   RO          556    i.FrictionControl   shootcontrol.o
    0x08002a24   0x08002a24   0x000000b0   Code   RO          557    i.FrictionJudge     shootcontrol.o
    0x08002ad4   0x08002ad4   0x00000090   Code   RO         3486    i.GPIO_Init         stm32f4xx_gpio.o
    0x08002b64   0x08002b64   0x00000046   Code   RO         3487    i.GPIO_PinAFConfig  stm32f4xx_gpio.o
    0x08002baa   0x08002baa   0x00000012   Code   RO         3490    i.GPIO_ReadInputDataBit  stm32f4xx_gpio.o
    0x08002bbc   0x08002bbc   0x00000004   Code   RO         3493    i.GPIO_ResetBits    stm32f4xx_gpio.o
    0x08002bc0   0x08002bc0   0x00000004   Code   RO         3494    i.GPIO_SetBits      stm32f4xx_gpio.o
    0x08002bc4   0x08002bc4   0x00000030   Code   RO         1698    i.Get_Adc           adc.o
    0x08002bf4   0x08002bf4   0x00000038   Code   RO          413    i.GimbalControlInit  gimbalcontrol.o
    0x08002c2c   0x08002c2c   0x00000078   Code   RO          414    i.GimbalControlLoop  gimbalcontrol.o
    0x08002ca4   0x08002ca4   0x0000033c   Code   RO          415    i.GimbalControlValSet  gimbalcontrol.o
    0x08002fe0   0x08002fe0   0x000000ac   Code   RO          416    i.GimbalControl_Pitch  gimbalcontrol.o
    0x0800308c   0x0800308c   0x000000c8   Code   RO          417    i.GimbalControl_PitchAngel  gimbalcontrol.o
    0x08003154   0x08003154   0x000000bc   Code   RO          418    i.GimbalControl_Yaw  gimbalcontrol.o
    0x08003210   0x08003210   0x000000cc   Code   RO          419    i.GimbalControl_YawAngel  gimbalcontrol.o
    0x080032dc   0x080032dc   0x000000ac   Code   RO          420    i.GimbalMove        gimbalcontrol.o
    0x08003388   0x08003388   0x000000c8   Code   RO          421    i.GimbalPidInit     gimbalcontrol.o
    0x08003450   0x08003450   0x000000cc   Code   RO          422    i.GimbalPidInitPrepare  gimbalcontrol.o
    0x0800351c   0x0800351c   0x00000060   Code   RO          423    i.GimbalStop        gimbalcontrol.o
    0x0800357c   0x0800357c   0x0000003c   Code   RO            4    i.GimbalSwitchJudge  remotecontrol.o
    0x080035b8   0x080035b8   0x00000020   Code   RO          424    i.GimbalValLigal    gimbalcontrol.o
    0x080035d8   0x080035d8   0x00000020   Code   RO          558    i.GunControl        shootcontrol.o
    0x080035f8   0x080035f8   0x00000110   Code   RO          559    i.GunShootAction    shootcontrol.o
    0x08003708   0x08003708   0x00000004   Code   RO          800    i.HardFault_Handler  stm32f4xx_it.o
    0x0800370c   0x0800370c   0x00000040   Code   RO         1763    i.Infrared_Configuration  infrared.o
    0x0800374c   0x0800374c   0x000000dc   Code   RO         1255    i.ItoE              rc.o
    0x08003828   0x08003828   0x00000040   Code   RO         1643    i.Laser_Configuration  laser.o
    0x08003868   0x08003868   0x00000058   Code   RO          953    i.Led_Configuration  led.o
    0x080038c0   0x080038c0   0x00000124   Code   RO         1788    i.LiftPosSpeedcal   catchbullet.o
    0x080039e4   0x080039e4   0x0000002e   Code   RO         1790    i.Lift_Legalize     catchbullet.o
    0x08003a12   0x08003a12   0x00000002   PAD
    0x08003a14   0x08003a14   0x0000003c   Code   RO         1108    i.MPU6500ReadSPI    mpu6500.o
    0x08003a50   0x08003a50   0x00000030   Code   RO         1109    i.MPU6500ReadSPISingle  mpu6500.o
    0x08003a80   0x08003a80   0x00000030   Code   RO         1110    i.MPU6500WriteSPI   mpu6500.o
    0x08003ab0   0x08003ab0   0x0000009c   Code   RO         1111    i.MPU6500_Init      mpu6500.o
    0x08003b4c   0x08003b4c   0x000001a8   Code   RO         1112    i.MPU6500_Read      mpu6500.o
    0x08003cf4   0x08003cf4   0x00000004   Code   RO          801    i.MemManage_Handler  stm32f4xx_it.o
    0x08003cf8   0x08003cf8   0x0000002e   Code   RO          425    i.MotorCurrentLegalize  gimbalcontrol.o
    0x08003d26   0x08003d26   0x0000002e   Code   RO          426    i.MotorPositionLegalize  gimbalcontrol.o
    0x08003d54   0x08003d54   0x00000002   Code   RO          802    i.NMI_Handler       stm32f4xx_it.o
    0x08003d56   0x08003d56   0x00000002   PAD
    0x08003d58   0x08003d58   0x00000078   Code   RO         1932    i.NVIC_Init         misc.o
    0x08003dd0   0x08003dd0   0x00000012   Code   RO          343    i.PID_BitIsSet      pid.o
    0x08003de2   0x08003de2   0x00000002   PAD
    0x08003de4   0x08003de4   0x00000178   Code   RO          344    i.PID_Calc          pid.o
    0x08003f5c   0x08003f5c   0x0000002c   Code   RO          345    i.PID_Driver        pid.o
    0x08003f88   0x08003f88   0x00000022   Code   RO          346    i.PID_Init          pid.o
    0x08003faa   0x08003faa   0x00000002   PAD
    0x08003fac   0x08003fac   0x000000a8   Code   RO          347    i.PID_PreCalc       pid.o
    0x08004054   0x08004054   0x00000002   Code   RO          803    i.PendSV_Handler    stm32f4xx_it.o
    0x08004056   0x08004056   0x0000002e   Code   RO          560    i.PlateMotorCurrentLegalize  shootcontrol.o
    0x08004084   0x08004084   0x000000a8   Code   RO          561    i.PlatePID          shootcontrol.o
    0x0800412c   0x0800412c   0x0000006c   Code   RO          562    i.PlatePidInit      shootcontrol.o
    0x08004198   0x08004198   0x000000e8   Code   RO          671    i.PowerMonitor      monitorcontrol.o
    0x08004280   0x08004280   0x00000020   Code   RO         4130    i.RCC_AHB1PeriphClockCmd  stm32f4xx_rcc.o
    0x080042a0   0x080042a0   0x00000020   Code   RO         4139    i.RCC_APB1PeriphClockCmd  stm32f4xx_rcc.o
    0x080042c0   0x080042c0   0x00000020   Code   RO         4141    i.RCC_APB1PeriphResetCmd  stm32f4xx_rcc.o
    0x080042e0   0x080042e0   0x00000020   Code   RO         4142    i.RCC_APB2PeriphClockCmd  stm32f4xx_rcc.o
    0x08004300   0x08004300   0x00000020   Code   RO         4144    i.RCC_APB2PeriphResetCmd  stm32f4xx_rcc.o
    0x08004320   0x08004320   0x000000e8   Code   RO         4151    i.RCC_GetClocksFreq  stm32f4xx_rcc.o
    0x08004408   0x08004408   0x00000120   Code   RO         1256    i.RC_Init           rc.o
    0x08004528   0x08004528   0x00000054   Code   RO          672    i.RcReceiveMonitor  monitorcontrol.o
    0x0800457c   0x0800457c   0x0000002c   Code   RO          563    i.Read_Infrared_State  shootcontrol.o
    0x080045a8   0x080045a8   0x00000014   Code   RO            5    i.RemoteControlInit  remotecontrol.o
    0x080045bc   0x080045bc   0x00000010   Code   RO            6    i.RemoteControlLoop  remotecontrol.o
    0x080045cc   0x080045cc   0x00000054   Code   RO            7    i.RemoteStateFSM    remotecontrol.o
    0x08004620   0x08004620   0x00000084   Code   RO         1791    i.RotateSpeedcal    catchbullet.o
    0x080046a4   0x080046a4   0x000000ec   Code   RO         1077    i.SPI5Init          spi.o
    0x08004790   0x08004790   0x00000050   Code   RO         1078    i.SPI5ReadWriteByte  spi.o
    0x080047e0   0x080047e0   0x00000002   Code   RO          804    i.SVC_Handler       stm32f4xx_it.o
    0x080047e2   0x080047e2   0x00000010   Code   RO          349    i.SetPIDCR          pid.o
    0x080047f2   0x080047f2   0x00000002   PAD
    0x080047f4   0x080047f4   0x000000ec   Code   RO         6091    i.SetSysClock       system_stm32f4xx.o
    0x080048e0   0x080048e0   0x00000038   Code   RO          564    i.Set_Target        shootcontrol.o
    0x08004918   0x08004918   0x00000028   Code   RO          565    i.ShootControlInit  shootcontrol.o
    0x08004940   0x08004940   0x000000f4   Code   RO          566    i.ShootControlLoop  shootcontrol.o
    0x08004a34   0x08004a34   0x0000002c   Code   RO          567    i.ShootStop         shootcontrol.o
    0x08004a60   0x08004a60   0x00000028   Code   RO         1936    i.SysTick_CLKSourceConfig  misc.o
    0x08004a88   0x08004a88   0x00000002   Code   RO          805    i.SysTick_Handler   stm32f4xx_it.o
    0x08004a8a   0x08004a8a   0x00000002   PAD
    0x08004a8c   0x08004a8c   0x00000068   Code   RO         6093    i.SystemInit        system_stm32f4xx.o
    0x08004af4   0x08004af4   0x000000d8   Code   RO         1023    i.TIM12_Init        timer.o
    0x08004bcc   0x08004bcc   0x00000020   Code   RO         1024    i.TIM2_IRQHandler   timer.o
    0x08004bec   0x08004bec   0x0000005a   Code   RO         1025    i.TIM2_Init         timer.o
    0x08004c46   0x08004c46   0x00000002   PAD
    0x08004c48   0x08004c48   0x00000054   Code   RO         1026    i.TIM5_IRQHandler   timer.o
    0x08004c9c   0x08004c9c   0x0000005c   Code   RO         1027    i.TIM5_Init         timer.o
    0x08004cf8   0x08004cf8   0x000000f4   Code   RO         1908    i.TIM8_PWM_Init     pwm.o
    0x08004dec   0x08004dec   0x00000018   Code   RO         5268    i.TIM_ARRPreloadConfig  stm32f4xx_tim.o
    0x08004e04   0x08004e04   0x00000006   Code   RO         5275    i.TIM_ClearITPendingBit  stm32f4xx_tim.o
    0x08004e0a   0x08004e0a   0x00000018   Code   RO         5280    i.TIM_Cmd           stm32f4xx_tim.o
    0x08004e22   0x08004e22   0x0000001e   Code   RO         5282    i.TIM_CtrlPWMOutputs  stm32f4xx_tim.o
    0x08004e40   0x08004e40   0x00000022   Code   RO         5301    i.TIM_GetITStatus   stm32f4xx_tim.o
    0x08004e62   0x08004e62   0x00000012   Code   RO         5305    i.TIM_ITConfig      stm32f4xx_tim.o
    0x08004e74   0x08004e74   0x0000007c   Code   RO         5309    i.TIM_OC1Init       stm32f4xx_tim.o
    0x08004ef0   0x08004ef0   0x00000012   Code   RO         5312    i.TIM_OC1PreloadConfig  stm32f4xx_tim.o
    0x08004f02   0x08004f02   0x00000002   PAD
    0x08004f04   0x08004f04   0x000000a4   Code   RO         5314    i.TIM_OC2Init       stm32f4xx_tim.o
    0x08004fa8   0x08004fa8   0x0000001a   Code   RO         5317    i.TIM_OC2PreloadConfig  stm32f4xx_tim.o
    0x08004fc2   0x08004fc2   0x00000004   Code   RO         5342    i.TIM_SetCompare1   stm32f4xx_tim.o
    0x08004fc6   0x08004fc6   0x00000004   Code   RO         5343    i.TIM_SetCompare2   stm32f4xx_tim.o
    0x08004fca   0x08004fca   0x00000002   PAD
    0x08004fcc   0x08004fcc   0x00000084   Code   RO         5352    i.TIM_TimeBaseInit  stm32f4xx_tim.o
    0x08005050   0x08005050   0x00000124   Code   RO         1603    i.USART3_DMA_Init   usart3.o
    0x08005174   0x08005174   0x000000b4   Code   RO         1193    i.USART6_Configuration  usart6.o
    0x08005228   0x08005228   0x000000a0   Code   RO         1194    i.USART6_IRQHandler  usart6.o
    0x080052c8   0x080052c8   0x00000012   Code   RO         5830    i.USART_ClearFlag   stm32f4xx_usart.o
    0x080052da   0x080052da   0x00000018   Code   RO         5834    i.USART_Cmd         stm32f4xx_usart.o
    0x080052f2   0x080052f2   0x00000012   Code   RO         5835    i.USART_DMACmd      stm32f4xx_usart.o
    0x08005304   0x08005304   0x000000b4   Code   RO         5836    i.USART_DeInit      stm32f4xx_usart.o
    0x080053b8   0x080053b8   0x00000054   Code   RO         5838    i.USART_GetITStatus  stm32f4xx_usart.o
    0x0800540c   0x0800540c   0x0000004a   Code   RO         5840    i.USART_ITConfig    stm32f4xx_usart.o
    0x08005456   0x08005456   0x00000002   PAD
    0x08005458   0x08005458   0x000000d4   Code   RO         5841    i.USART_Init        stm32f4xx_usart.o
    0x0800552c   0x0800552c   0x0000000a   Code   RO         5848    i.USART_ReceiveData  stm32f4xx_usart.o
    0x08005536   0x08005536   0x00000004   Code   RO          806    i.UsageFault_Handler  stm32f4xx_it.o
    0x0800553a   0x0800553a   0x00000002   PAD
    0x0800553c   0x0800553c   0x00000044   Code   RO          874    i.WholeInitTask     controltask.o
    0x08005580   0x08005580   0x00000030   Code   RO         6519    i.__ARM_fpclassify  m_wm.l(fpclassify.o)
    0x080055b0   0x080055b0   0x00000360   Code   RO         6136    i.__hardfp_asin     m_wm.l(asin.o)
    0x08005910   0x08005910   0x000002d8   Code   RO         6488    i.__hardfp_atan     m_wm.l(atan.o)
    0x08005be8   0x08005be8   0x000001f0   Code   RO         6150    i.__hardfp_atan2    m_wm.l(atan2.o)
    0x08005dd8   0x08005dd8   0x000000c8   Code   RO         6162    i.__hardfp_cos      m_wm.l(cos.o)
    0x08005ea0   0x08005ea0   0x00000014   Code   RO         6174    i.__hardfp_fabs     m_wm.l(fabs.o)
    0x08005eb4   0x08005eb4   0x00000004   PAD
    0x08005eb8   0x08005eb8   0x000000c8   Code   RO         6180    i.__hardfp_sin      m_wm.l(sin.o)
    0x08005f80   0x08005f80   0x0000007a   Code   RO         6192    i.__hardfp_sqrt     m_wm.l(sqrt.o)
    0x08005ffa   0x08005ffa   0x00000006   PAD
    0x08006000   0x08006000   0x00000438   Code   RO         6524    i.__ieee754_rem_pio2  m_wm.l(rred.o)
    0x08006438   0x08006438   0x00000170   Code   RO         6502    i.__kernel_cos      m_wm.l(cos_i.o)
    0x080065a8   0x080065a8   0x000000f8   Code   RO         6521    i.__kernel_poly     m_wm.l(poly.o)
    0x080066a0   0x080066a0   0x00000130   Code   RO         6529    i.__kernel_sin      m_wm.l(sin_i.o)
    0x080067d0   0x080067d0   0x00000014   Code   RO         6506    i.__mathlib_dbl_infnan  m_wm.l(dunder.o)
    0x080067e4   0x080067e4   0x00000014   Code   RO         6507    i.__mathlib_dbl_infnan2  m_wm.l(dunder.o)
    0x080067f8   0x080067f8   0x00000020   Code   RO         6508    i.__mathlib_dbl_invalid  m_wm.l(dunder.o)
    0x08006818   0x08006818   0x00000020   Code   RO         6511    i.__mathlib_dbl_underflow  m_wm.l(dunder.o)
    0x08006838   0x08006838   0x0000000e   Code   RO         6585    i.__scatterload_copy  mc_w.l(handlers.o)
    0x08006846   0x08006846   0x00000002   Code   RO         6586    i.__scatterload_null  mc_w.l(handlers.o)
    0x08006848   0x08006848   0x0000000e   Code   RO         6587    i.__scatterload_zeroinit  mc_w.l(handlers.o)
    0x08006856   0x08006856   0x00000002   PAD
    0x08006858   0x08006858   0x0000000c   Code   RO         6559    i.__set_errno       mc_w.l(errno.o)
    0x08006864   0x08006864   0x00000010   Code   RO         6490    i.atan              m_wm.l(atan.o)
    0x08006874   0x08006874   0x000000b8   Code   RO          568    i.blocking_judge    shootcontrol.o
    0x0800692c   0x0800692c   0x00000014   Code   RO         1793    i.catchfinish       catchbullet.o
    0x08006940   0x08006940   0x000000a4   Code   RO         1794    i.catchinit         catchbullet.o
    0x080069e4   0x080069e4   0x00000014   Code   RO         1795    i.catchstart        catchbullet.o
    0x080069f8   0x080069f8   0x0000003c   Code   RO          909    i.delay_init        delay.o
    0x08006a34   0x08006a34   0x00000038   Code   RO          910    i.delay_ms          delay.o
    0x08006a6c   0x08006a6c   0x0000004c   Code   RO          912    i.delay_xms         delay.o
    0x08006ab8   0x08006ab8   0x00000018   Code   RO         6176    i.fabs              m_wm.l(fabs.o)
    0x08006ad0   0x08006ad0   0x00000044   Code   RO         1797    i.flift             catchbullet.o
    0x08006b14   0x08006b14   0x00000068   Code   RO         1798    i.fliftdown         catchbullet.o
    0x08006b7c   0x08006b7c   0x00000078   Code   RO          266    i.followValCal      cmcontrol.o
    0x08006bf4   0x08006bf4   0x00000016   Code   RO         1114    i.getDeviceID       mpu6500.o
    0x08006c0a   0x08006c0a   0x00000002   PAD
    0x08006c0c   0x08006c0c   0x00000140   Code   RO         1115    i.gyro_offset       mpu6500.o
    0x08006d4c   0x08006d4c   0x00000150   Code   RO         1517    i.init_euler        euler.o
    0x08006e9c   0x08006e9c   0x0000003c   Code   RO         1518    i.invSqrt           euler.o
    0x08006ed8   0x08006ed8   0x000004bc   Code   RO          267    i.keyboardmove_old  cmcontrol.o
    0x08007394   0x08007394   0x000000d0   Code   RO         1799    i.liftinit          catchbullet.o
    0x08007464   0x08007464   0x00000008   Code   RO          774    i.main              main.o
    0x0800746c   0x0800746c   0x0000000c   Code   RO          673    i.monitorControlLoop  monitorcontrol.o
    0x08007478   0x08007478   0x00000160   Code   RO          268    i.move              cmcontrol.o
    0x080075d8   0x080075d8   0x00000014   Code   RO         1800    i.movebackward      catchbullet.o
    0x080075ec   0x080075ec   0x00000014   Code   RO         1801    i.moveforward       catchbullet.o
    0x08007600   0x08007600   0x00000040   Code   RO         1802    i.moveinit          catchbullet.o
    0x08007640   0x08007640   0x00000010   Code   RO         1116    i.myabs             mpu6500.o
    0x08007650   0x08007650   0x0000006e   Code   RO         6194    i.sqrt              m_wm.l(sqrt.o)
    0x080076be   0x080076be   0x00000002   PAD
    0x080076c0   0x080076c0   0x00000370   Code   RO         1519    i.update_euler      euler.o
    0x08007a30   0x08007a30   0x00000050   Data   RO         6139    .constdata          m_wm.l(asin.o)
    0x08007a80   0x08007a80   0x00000098   Data   RO         6491    .constdata          m_wm.l(atan.o)
    0x08007b18   0x08007b18   0x00000030   Data   RO         6503    .constdata          m_wm.l(cos_i.o)
    0x08007b48   0x08007b48   0x00000008   Data   RO         6523    .constdata          m_wm.l(qnan.o)
    0x08007b50   0x08007b50   0x000000c8   Data   RO         6526    .constdata          m_wm.l(rred.o)
    0x08007c18   0x08007c18   0x00000028   Data   RO         6530    .constdata          m_wm.l(sin_i.o)
    0x08007c40   0x08007c40   0x00000020   Data   RO         6583    Region$$Table       anon$$obj.o


    Execution Region RW_IRAM1 (Exec base: 0x20000000, Load base: 0x08007c60, Size: 0x00000b20, Max: 0x00020000, ABSOLUTE, COMPRESSED[0x0000007c])

    Exec Addr    Load Addr    Size         Type   Attr      Idx    E Section Name        Object

    0x20000000   COMPRESSED   0x00000002   Data   RW            8    .data               remotecontrol.o
    0x20000002   COMPRESSED   0x00000002   PAD
    0x20000004   COMPRESSED   0x00000036   Data   RW          270    .data               cmcontrol.o
    0x2000003a   COMPRESSED   0x00000002   PAD
    0x2000003c   COMPRESSED   0x00000025   Data   RW          428    .data               gimbalcontrol.o
    0x20000061   COMPRESSED   0x00000003   PAD
    0x20000064   COMPRESSED   0x0000009c   Data   RW          570    .data               shootcontrol.o
    0x20000100   COMPRESSED   0x00000006   Data   RW          674    .data               monitorcontrol.o
    0x20000106   COMPRESSED   0x00000002   PAD
    0x20000108   COMPRESSED   0x00000056   Data   RW          728    .data               catchcontrol.o
    0x2000015e   COMPRESSED   0x00000002   PAD
    0x20000160   COMPRESSED   0x00000008   Data   RW          875    .data               controltask.o
    0x20000168   COMPRESSED   0x00000004   Data   RW          913    .data               delay.o
    0x2000016c   COMPRESSED   0x00000003   Data   RW         1028    .data               timer.o
    0x2000016f   COMPRESSED   0x00000001   PAD
    0x20000170   COMPRESSED   0x00000010   Data   RW         1118    .data               mpu6500.o
    0x20000180   COMPRESSED   0x0000000a   Data   RW         1198    .data               usart6.o
    0x2000018a   COMPRESSED   0x00000007   Data   RW         1259    .data               rc.o
    0x20000191   COMPRESSED   0x00000003   PAD
    0x20000194   COMPRESSED   0x0000003c   Data   RW         1314    .data               can.o
    0x200001d0   COMPRESSED   0x00000034   Data   RW         1520    .data               euler.o
    0x20000204   COMPRESSED   0x00000025   Data   RW         1804    .data               catchbullet.o
    0x20000229   COMPRESSED   0x00000010   Data   RW         4174    .data               stm32f4xx_rcc.o
    0x20000239   COMPRESSED   0x00000003   PAD
    0x2000023c   COMPRESSED   0x00000004   Data   RW         6560    .data               mc_w.l(errno.o)
    0x20000240        -       0x00000070   Zero   RW          269    .bss                cmcontrol.o
    0x200002b0        -       0x000000f0   Zero   RW          427    .bss                gimbalcontrol.o
    0x200003a0        -       0x00000070   Zero   RW          569    .bss                shootcontrol.o
    0x20000410        -       0x0000002c   Zero   RW         1117    .bss                mpu6500.o
    0x2000043c        -       0x000000c8   Zero   RW         1197    .bss                usart6.o
    0x20000504        -       0x0000003e   Zero   RW         1258    .bss                rc.o
    0x20000542   COMPRESSED   0x00000002   PAD
    0x20000544        -       0x00000028   Zero   RW         1313    .bss                can.o
    0x2000056c        -       0x00000064   Zero   RW         1604    .bss                usart3.o
    0x200005d0        -       0x00000150   Zero   RW         1803    .bss                catchbullet.o
    0x20000720        -       0x00000400   Zero   RW         6129    STACK               startup_stm32f4xx.o


==============================================================================

Image component sizes


      Code (inc. data)   RO Data    RW Data    ZI Data      Debug   Object Name

       180         12          0          0          0       1489   adc.o
       118          0          0          0          0        667   bsp.o
       176         10          0          0          0        818   buzzer.o
      2220        180          0         60         40       9544   can.o
      1430        248          0         37        336       9806   catchbullet.o
      1110        196          0         86          0       5103   catchcontrol.o
      2458        206          0         54        112       9016   cmcontrol.o
       324         24          0          8          0       1790   controltask.o
        60          6          0          0          0        693   cylinder.o
       192         12          0          4          0       2424   delay.o
      1276        100          0         52          0       3650   euler.o
      2564        398          0         37        240      13176   gimbalcontrol.o
        64         10          0          0          0        689   infrared.o
        64          4          0          0          0        682   laser.o
        88          8          0          0          0        680   led.o
         8          0          0          0          0        583   main.o
       160         14          0          0          0       2058   misc.o
       524         74          0          6          0       3306   monitorcontrol.o
      1094         86          0         16         44      11068   mpu6500.o
       656         16          0          0          0       6271   pid.o
       244          8          0          0          0        944   pwm.o
       812         64          0          7         62       4679   rc.o
       180         30          0          2          0     301260   remotecontrol.o
      1690        282          0        156        112      13058   shootcontrol.o
       316         24          0          0          0       1559   spi.o
        36          8        392          0       1024       1004   startup_stm32f4xx.o
       374         24          0          0          0       6870   stm32f4xx_adc.o
      1566         16          0          0          0       7910   stm32f4xx_can.o
       716         72          0          0          0       7115   stm32f4xx_dma.o
       240          0          0          0          0       4519   stm32f4xx_gpio.o
        26          0          0          0          0       5222   stm32f4xx_it.o
       392         48          0         16          0       6841   stm32f4xx_rcc.o
       608         48          0          0          0      10920   stm32f4xx_tim.o
       620         32          0          0          0       7574   stm32f4xx_usart.o
       340         32          0          0          0       2149   system_stm32f4xx.o
       514         26          0          3          0       3990   timer.o
       332         32          0          0        100       2328   usart3.o
       340         30          0         10        200       3928   usart6.o

    ----------------------------------------------------------------------
     24152       2380        424        572       2272     475383   Object Totals
         0          0         32          0          0          0   (incl. Generated)
        40          0          0         18          2          0   (incl. Padding)

    ----------------------------------------------------------------------

      Code (inc. data)   RO Data    RW Data    ZI Data      Debug   Library Member Name

       864         94         80          0          0        280   asin.o
       744        106        152          0          0        352   atan.o
       496         64          0          0          0        192   atan2.o
       200         20          0          0          0        164   cos.o
       368         46         48          0          0        200   cos_i.o
       104         16          0          0          0        496   dunder.o
        44          0          0          0          0        248   fabs.o
        48          0          0          0          0        124   fpclassify.o
       248          0          0          0          0        152   poly.o
         0          0          8          0          0          0   qnan.o
      1080        142        200          0          0        188   rred.o
       200         20          0          0          0        164   sin.o
       304         24         40          0          0        208   sin_i.o
       232          0          0          0          0        296   sqrt.o
        86          0          0          0          0          0   __dczerorl2.o
         0          0          0          0          0          0   entry.o
         0          0          0          0          0          0   entry10a.o
         0          0          0          0          0          0   entry11a.o
         8          4          0          0          0          0   entry2.o
         4          0          0          0          0          0   entry5.o
         0          0          0          0          0          0   entry7b.o
         0          0          0          0          0          0   entry8b.o
         8          4          0          0          0          0   entry9a.o
        12          6          0          4          0         68   errno.o
        30          0          0          0          0          0   handlers.o
        36          8          0          0          0         68   init.o
         0          0          0          0          0          0   iusefp.o
        30          0          0          0          0         68   llshl.o
        36          0          0          0          0         68   llsshr.o
        32          0          0          0          0         68   llushr.o
        48          0          0          0          0         68   cdrcmple.o
        56          0          0          0          0         88   d2f.o
       334          0          0          0          0        148   dadd.o
       222          0          0          0          0        100   ddiv.o
       186          0          0          0          0        176   depilogue.o
        62          0          0          0          0         80   dfixi.o
        34          0          0          0          0         76   dflti.o
        26          0          0          0          0         76   dfltui.o
       228          0          0          0          0         96   dmul.o
       162          0          0          0          0        100   dsqrt.o
        38          0          0          0          0         68   f2d.o
       110          0          0          0          0        168   fepilogue.o

    ----------------------------------------------------------------------
      6736        554        528          4          0       4648   Library Totals
        16          0          0          0          0          0   (incl. Padding)

    ----------------------------------------------------------------------

      Code (inc. data)   RO Data    RW Data    ZI Data      Debug   Library Name

      4932        532        528          0          0       3064   m_wm.l
       282         22          0          4          0        340   mc_w.l
      1506          0          0          0          0       1244   mf_w.l

    ----------------------------------------------------------------------
      6736        554        528          4          0       4648   Library Totals

    ----------------------------------------------------------------------

==============================================================================


      Code (inc. data)   RO Data    RW Data    ZI Data      Debug   

     30888       2934        952        576       2272     460587   Grand Totals
     30888       2934        952        124       2272     460587   ELF Image Totals (compressed)
     30888       2934        952        124          0          0   ROM Totals

==============================================================================

    Total RO  Size (Code + RO Data)                31840 (  31.09kB)
    Total RW  Size (RW Data + ZI Data)              2848 (   2.78kB)
    Total ROM Size (Code + RO Data + RW Data)      31964 (  31.21kB)

==============================================================================

