Component: ARM Compiler 5.06 update 5 (build 528) Tool: armlink [4d35e2]

==============================================================================

Section Cross References

    remotecontrol.o(i.RemoteControlLoop) refers to remotecontrol.o(.data) for Remote_FromBottomData
    remotecontrol.o(i.RemoteControlLoop) refers to mode.o(.data) for GlobalMode
    pid.o(i.PID_Calc) refers to pid.o(i.PID_BitIsSet) for PID_BitIsSet
    pid.o(i.PID_Calc) refers to pid.o(i.PID_PreCalc) for PID_PreCalc
    pid.o(i.PID_Driver) refers to pid.o(i.PID_Calc) for PID_Calc
    pid.o(i.PID_PreCalc) refers to pid.o(i.PID_BitIsSet) for PID_BitIsSet
    pid.o(i.PidValControl) refers to f2d.o(.text) for __aeabi_f2d
    pid.o(i.PidValControl) refers to printfa.o(i.__0printf) for __2printf
    pid.o(i.PidValControl) refers to pid.o(i.PID_Init) for PID_Init
    pid.o(i.PidValControl) refers to pid.o(i.SetPIDCR) for SetPIDCR
    pid.o(i.PidValControl) refers to usart6.o(.data) for usart6_rxbuf
    pid.o(i.PidValControl) refers to pid.o(.data) for test_p
    duct.o(i.Duct_Configuration) refers to stm32f4xx_tim.o(i.TIM_SetCompare1) for TIM_SetCompare1
    duct.o(i.Duct_Configuration) refers to stm32f4xx_tim.o(i.TIM_SetCompare2) for TIM_SetCompare2
    duct.o(i.Duct_Configuration) refers to delay.o(i.delay_ms) for delay_ms
    duct.o(i.Duct_Loop) refers to stm32f4xx_tim.o(i.TIM_SetCompare1) for TIM_SetCompare1
    duct.o(i.Duct_Loop) refers to stm32f4xx_tim.o(i.TIM_SetCompare2) for TIM_SetCompare2
    duct.o(i.Duct_Loop) refers to mode.o(.data) for GlobalMode
    duct.o(i.Duct_Loop) refers to remotecontrol.o(.data) for Remote_KEYVal
    mode.o(i.Mode_Configuration) refers to mode.o(.data) for GlobalMode
    cylinder.o(i.Cylinder_Configuration) refers to stm32f4xx_rcc.o(i.RCC_AHB1PeriphClockCmd) for RCC_AHB1PeriphClockCmd
    cylinder.o(i.Cylinder_Configuration) refers to stm32f4xx_gpio.o(i.GPIO_Init) for GPIO_Init
    cylinder.o(i.Cylinder_Loop) refers to cylinder.o(i.Cylinder_Bao_Close) for Cylinder_Bao_Close
    cylinder.o(i.Cylinder_Loop) refers to cylinder.o(i.Cylinder_Catch_Close) for Cylinder_Catch_Close
    cylinder.o(i.Cylinder_Loop) refers to cylinder.o(i.Cylinder_Stretch_Close) for Cylinder_Stretch_Close
    cylinder.o(i.Cylinder_Loop) refers to mode.o(.data) for GlobalMode
    rotate.o(i.Rotate_Bao_DirePos) refers to rotate.o(.data) for ROTATE_FLAG_REG
    rotate.o(i.Rotate_Bao_DireRev) refers to rotate.o(.data) for ROTATE_FLAG_REG
    rotate.o(i.Rotate_Bao_DireToggle) refers to rotate.o(.data) for ROTATE_FLAG_REG
    rotate.o(i.Rotate_Bao_Start) refers to rotate.o(.data) for ROTATE_FLAG_REG
    rotate.o(i.Rotate_Bao_Stop) refers to rotate.o(.data) for ROTATE_FLAG_REG
    rotate.o(i.Rotate_Bao_Toggle) refers to rotate.o(.data) for ROTATE_FLAG_REG
    rotate.o(i.Rotate_CalcSpeed) refers to pid.o(i.PID_Driver) for PID_Driver
    rotate.o(i.Rotate_CalcSpeed) refers to rotate.o(i.Rotate_Legalize) for Rotate_Legalize
    rotate.o(i.Rotate_CalcSpeed) refers to can.o(i.CAN1_Rotate) for CAN1_Rotate
    rotate.o(i.Rotate_CalcSpeed) refers to rotate.o(.bss) for MotorSpeedPid_Bao
    rotate.o(i.Rotate_CalcSpeed) refers to can.o(.data) for can1_current_motor_speed205
    rotate.o(i.Rotate_CalcSpeed) refers to rotate.o(.data) for Rotate_SpeedTrans_Bao
    rotate.o(i.Rotate_CheckGoal) refers to f2d.o(.text) for __aeabi_f2d
    rotate.o(i.Rotate_CheckGoal) refers to fabs.o(i.__hardfp_fabs) for __hardfp_fabs
    rotate.o(i.Rotate_CheckGoal) refers to cdcmple.o(.text) for __aeabi_cdcmple
    rotate.o(i.Rotate_Configuration) refers to pid.o(i.PID_Init) for PID_Init
    rotate.o(i.Rotate_Configuration) refers to pid.o(i.SetPIDCR) for SetPIDCR
    rotate.o(i.Rotate_Configuration) refers to rotate.o(i.Rotate_Stop) for Rotate_Stop
    rotate.o(i.Rotate_Configuration) refers to rotate.o(.bss) for MotorSpeedPid_Bao
    rotate.o(i.Rotate_Configuration) refers to rotate.o(.data) for ROTATE_FLAG_REG
    rotate.o(i.Rotate_Fan) refers to rotate.o(.data) for ROTATE_FLAG_REG
    rotate.o(i.Rotate_Loop) refers to rotate.o(i.Rotate_CheckGoal) for Rotate_CheckGoal
    rotate.o(i.Rotate_Loop) refers to rotate.o(i.Rotate_Move) for Rotate_Move
    rotate.o(i.Rotate_Loop) refers to mode.o(.data) for GlobalMode
    rotate.o(i.Rotate_Loop) refers to rotate.o(.data) for ROTATE_FLAG_REG
    rotate.o(i.Rotate_Loop) refers to can.o(.data) for can1_current_angel206
    rotate.o(i.Rotate_Loop) refers to rotate.o(.constdata) for Rotate_Posi_Fan
    rotate.o(i.Rotate_Move) refers to pid.o(i.PID_Driver) for PID_Driver
    rotate.o(i.Rotate_Move) refers to rotate.o(i.Rotate_Legalize) for Rotate_Legalize
    rotate.o(i.Rotate_Move) refers to rotate.o(i.Rotate_CalcSpeed) for Rotate_CalcSpeed
    rotate.o(i.Rotate_Move) refers to rotate.o(.data) for Rotate_SetAngel_Fan
    rotate.o(i.Rotate_Move) refers to can.o(.data) for can1_current_angel206
    rotate.o(i.Rotate_Move) refers to rotate.o(.bss) for MotorAnglePid_Fan
[...]
    i.CAN_Transmit                           0x0800147a   Section        0  stm32f4xx_can.o(i.CAN_Transmit)
    i.Camera_Configuration                   0x080015a0   Section        0  camera.o(i.Camera_Configuration)
    i.Camera_Loop                            0x080015ac   Section        0  camera.o(i.Camera_Loop)
    i.CheckITStatus                          0x08001668   Section        0  stm32f4xx_can.o(i.CheckITStatus)
    CheckITStatus                            0x08001669   Thumb Code    18  stm32f4xx_can.o(i.CheckITStatus)
    i.Control_Task                           0x0800167c   Section        0  controltask.o(i.Control_Task)
    i.Cylinder_Bao_Close                     0x0800177c   Section        0  cylinder.o(i.Cylinder_Bao_Close)
    i.Cylinder_Bao_Open                      0x08001790   Section        0  cylinder.o(i.Cylinder_Bao_Open)
    i.Cylinder_Catch_Close                   0x080017a4   Section        0  cylinder.o(i.Cylinder_Catch_Close)
    i.Cylinder_Catch_Open                    0x080017b8   Section        0  cylinder.o(i.Cylinder_Catch_Open)
    i.Cylinder_Configuration                 0x080017cc   Section        0  cylinder.o(i.Cylinder_Configuration)
    i.Cylinder_Loop                          0x0800183c   Section        0  cylinder.o(i.Cylinder_Loop)
    i.Cylinder_Stretch_Close                 0x0800186c   Section        0  cylinder.o(i.Cylinder_Stretch_Close)
    i.Cylinder_Stretch_Open                  0x08001880   Section        0  cylinder.o(i.Cylinder_Stretch_Open)
    i.DMA1_Stream1_IRQHandler                0x08001894   Section        0  usart3.o(i.DMA1_Stream1_IRQHandler)
    i.DMA_ClearFlag                          0x080018bc   Section        0  stm32f4xx_dma.o(i.DMA_ClearFlag)
    i.DMA_ClearITPendingBit                  0x080018f0   Section        0  stm32f4xx_dma.o(i.DMA_ClearITPendingBit)
    i.DMA_Cmd                                0x08001924   Section        0  stm32f4xx_dma.o(i.DMA_Cmd)
    i.DMA_DeInit                             0x0800193c   Section        0  stm32f4xx_dma.o(i.DMA_DeInit)
    i.DMA_GetITStatus                        0x08001a94   Section        0  stm32f4xx_dma.o(i.DMA_GetITStatus)
    i.DMA_ITConfig                           0x08001af8   Section        0  stm32f4xx_dma.o(i.DMA_ITConfig)
    i.DMA_Init                               0x08001b34   Section        0  stm32f4xx_dma.o(i.DMA_Init)
    i.DebugMon_Handler                       0x08001b8c   Section        0  stm32f4xx_it.o(i.DebugMon_Handler)
    i.Duct_Configuration                     0x08001b90   Section        0  duct.o(i.Duct_Configuration)
    i.Duct_Loop                              0x08001bd0   Section        0  duct.o(i.Duct_Loop)
    i.GPIO_Init                              0x08001c40   Section        0  stm32f4xx_gpio.o(i.GPIO_Init)
    i.GPIO_PinAFConfig                       0x08001cd0   Section        0  stm32f4xx_gpio.o(i.GPIO_PinAFConfig)
    i.GPIO_ResetBits                         0x08001d16   Section        0  stm32f4xx_gpio.o(i.GPIO_ResetBits)
    i.GPIO_SetBits                           0x08001d1a   Section        0  stm32f4xx_gpio.o(i.GPIO_SetBits)
    i.HardFault_Handler                      0x08001d1e   Section        0  stm32f4xx_it.o(i.HardFault_Handler)
    i.IWDG_Configuration                     0x08001d22   Section        0  iwdg.o(i.IWDG_Configuration)
    i.IWDG_Enable                            0x08001d40   Section        0  stm32f4xx_iwdg.o(i.IWDG_Enable)
    i.IWDG_FeedDog                           0x08001d50   Section        0  iwdg.o(i.IWDG_FeedDog)
    i.IWDG_ReloadCounter                     0x08001d58   Section        0  stm32f4xx_iwdg.o(i.IWDG_ReloadCounter)
    i.IWDG_SetPrescaler                      0x08001d68   Section        0  stm32f4xx_iwdg.o(i.IWDG_SetPrescaler)
    i.IWDG_SetReload                         0x08001d74   Section        0  stm32f4xx_iwdg.o(i.IWDG_SetReload)
    i.IWDG_WriteAccessCmd                    0x08001d80   Section        0  stm32f4xx_iwdg.o(i.IWDG_WriteAccessCmd)
    i.Init_Task                              0x08001d8c   Section        0  controltask.o(i.Init_Task)
    i.Led_Configuration                      0x08001dbc   Section        0  led.o(i.Led_Configuration)
    i.MPU6500ReadSPI                         0x08001e14   Section        0  mpu6500.o(i.MPU6500ReadSPI)
    i.MPU6500_Read                           0x08001e50   Section        0  mpu6500.o(i.MPU6500_Read)
    i.MemManage_Handler                      0x08001ff8   Section        0  stm32f4xx_it.o(i.MemManage_Handler)
    i.Mode_Configuration                     0x08001ffc   Section        0  mode.o(i.Mode_Configuration)
    i.NMI_Handler                            0x08002008   Section        0  stm32f4xx_it.o(i.NMI_Handler)
    i.NVIC_Init                              0x0800200c   Section        0  misc.o(i.NVIC_Init)
    i.PID_BitIsSet                           0x08002084   Section        0  pid.o(i.PID_BitIsSet)
    i.PID_Calc                               0x08002098   Section        0  pid.o(i.PID_Calc)
    i.PID_Driver                             0x08002210   Section        0  pid.o(i.PID_Driver)
    i.PID_Init                               0x0800223c   Section        0  pid.o(i.PID_Init)
    i.PID_PreCalc                            0x08002260   Section        0  pid.o(i.PID_PreCalc)
    i.PendSV_Handler                         0x08002308   Section        0  stm32f4xx_it.o(i.PendSV_Handler)
    i.RCC_AHB1PeriphClockCmd                 0x0800230c   Section        0  stm32f4xx_rcc.o(i.RCC_AHB1PeriphClockCmd)
    i.RCC_APB1PeriphClockCmd                 0x0800232c   Section        0  stm32f4xx_rcc.o(i.RCC_APB1PeriphClockCmd)
    i.RCC_APB1PeriphResetCmd                 0x0800234c   Section        0  stm32f4xx_rcc.o(i.RCC_APB1PeriphResetCmd)
    i.RCC_APB2PeriphClockCmd                 0x0800236c   Section        0  stm32f4xx_rcc.o(i.RCC_APB2PeriphClockCmd)
    i.RCC_APB2PeriphResetCmd                 0x0800238c   Section        0  stm32f4xx_rcc.o(i.RCC_APB2PeriphResetCmd)
    i.RCC_GetClocksFreq                      0x080023ac   Section        0  stm32f4xx_rcc.o(i.RCC_GetClocksFreq)
    i.RemoteControlLoop                      0x08002494   Section        0  remotecontrol.o(i.RemoteControlLoop)
    i.Rotate_Bao_DirePos                     0x080024cc   Section        0  rotate.o(i.Rotate_Bao_DirePos)
    i.Rotate_Bao_DireRev                     0x080024e0   Section        0  rotate.o(i.Rotate_Bao_DireRev)
    i.Rotate_Bao_Start                       0x080024f4   Section        0  rotate.o(i.Rotate_Bao_Start)
    i.Rotate_Bao_Stop                        0x08002508   Section        0  rotate.o(i.Rotate_Bao_Stop)
    i.Rotate_CalcSpeed                       0x0800251c   Section        0  rotate.o(i.Rotate_CalcSpeed)
    i.Rotate_CheckGoal                       0x08002630   Section        0  rotate.o(i.Rotate_CheckGoal)
    i.Rotate_Configuration                   0x0800268c   Section        0  rotate.o(i.Rotate_Configuration)
    i.Rotate_Fan                             0x0800274c   Section        0  rotate.o(i.Rotate_Fan)
    i.Rotate_Legalize                        0x08002774   Section        0  rotate.o(i.Rotate_Legalize)
    i.Rotate_Loop                            0x080027a4   Section        0  rotate.o(i.Rotate_Loop)
    i.Rotate_Move                            0x0800282c   Section        0  rotate.o(i.Rotate_Move)
    i.Rotate_Stop                            0x08002944   Section        0  rotate.o(i.Rotate_Stop)
    i.SPI5Init                               0x08002950   Section        0  spi.o(i.SPI5Init)
    i.SPI5ReadWriteByte                      0x08002a3c   Section        0  spi.o(i.SPI5ReadWriteByte)
    i.SVC_Handler                            0x08002a8c   Section        0  stm32f4xx_it.o(i.SVC_Handler)
    i.Servo_Configuration                    0x08002a8e   Section        0  servo.o(i.Servo_Configuration)
    i.Servo_Loop                             0x08002a90   Section        0  servo.o(i.Servo_Loop)
    i.SetPIDCR                               0x08002afc   Section        0  pid.o(i.SetPIDCR)
    i.SetSysClock                            0x08002b0c   Section        0  system_stm32f4xx.o(i.SetSysClock)
    SetSysClock                              0x08002b0d   Thumb Code   220  system_stm32f4xx.o(i.SetSysClock)
    i.SysTick_CLKSourceConfig                0x08002bf8   Section        0  misc.o(i.SysTick_CLKSourceConfig)
    i.SysTick_Handler                        0x08002c20   Section        0  stm32f4xx_it.o(i.SysTick_Handler)
    i.SystemInit                             0x08002c24   Section        0  system_stm32f4xx.o(i.SystemInit)
    i.TIM2_IRQHandler                        0x08002c8c   Section        0  timer.o(i.TIM2_IRQHandler)
    i.TIM2_Init                              0x08002ca8   Section        0  timer.o(i.TIM2_Init)
    i.TIM4_Init                              0x08002d04   Section        0  timer.o(i.TIM4_Init)
    i.TIM5_IRQHandler                        0x08002e00   Section        0  timer.o(i.TIM5_IRQHandler)
    i.TIM5_Init                              0x08002e30   Section        0  timer.o(i.TIM5_Init)
    i.TIM8_Init                              0x08002e8c   Section        0  timer.o(i.TIM8_Init)
    i.TIM_ARRPreloadConfig                   0x08002f58   Section        0  stm32f4xx_tim.o(i.TIM_ARRPreloadConfig)
    i.TIM_ClearITPendingBit                  0x08002f70   Section        0  stm32f4xx_tim.o(i.TIM_ClearITPendingBit)
    i.TIM_Cmd                                0x08002f76   Section        0  stm32f4xx_tim.o(i.TIM_Cmd)
    i.TIM_CtrlPWMOutputs                     0x08002f8e   Section        0  stm32f4xx_tim.o(i.TIM_CtrlPWMOutputs)
    i.TIM_GetITStatus                        0x08002fac   Section        0  stm32f4xx_tim.o(i.TIM_GetITStatus)
    i.TIM_ITConfig                           0x08002fce   Section        0  stm32f4xx_tim.o(i.TIM_ITConfig)
    i.TIM_OC1Init                            0x08002fe0   Section        0  stm32f4xx_tim.o(i.TIM_OC1Init)
    i.TIM_OC1PreloadConfig                   0x0800305c   Section        0  stm32f4xx_tim.o(i.TIM_OC1PreloadConfig)
    i.TIM_OC2Init                            0x08003070   Section        0  stm32f4xx_tim.o(i.TIM_OC2Init)
    i.TIM_OC2PreloadConfig                   0x08003114   Section        0  stm32f4xx_tim.o(i.TIM_OC2PreloadConfig)
    i.TIM_OC3Init                            0x08003130   Section        0  stm32f4xx_tim.o(i.TIM_OC3Init)
    i.TIM_OC3PreloadConfig                   0x080031d0   Section        0  stm32f4xx_tim.o(i.TIM_OC3PreloadConfig)
    i.TIM_OC4Init                            0x080031e4   Section        0  stm32f4xx_tim.o(i.TIM_OC4Init)
    i.TIM_OC4PreloadConfig                   0x0800325c   Section        0  stm32f4xx_tim.o(i.TIM_OC4PreloadConfig)
    i.TIM_SetCompare1                        0x08003276   Section        0  stm32f4xx_tim.o(i.TIM_SetCompare1)
    i.TIM_SetCompare2                        0x0800327a   Section        0  stm32f4xx_tim.o(i.TIM_SetCompare2)
    i.TIM_SetCompare3                        0x0800327e   Section        0  stm32f4xx_tim.o(i.TIM_SetCompare3)
    i.TIM_SetCompare4                        0x08003282   Section        0  stm32f4xx_tim.o(i.TIM_SetCompare4)
    i.TIM_TimeBaseInit                       0x08003288   Section        0  stm32f4xx_tim.o(i.TIM_TimeBaseInit)
    i.USART3_DMA_Init                        0x0800330c   Section        0  usart3.o(i.USART3_DMA_Init)
    i.USART6_Configuration                   0x08003430   Section        0  usart6.o(i.USART6_Configuration)
    i.USART6_IRQHandler                      0x080034e4   Section        0  usart6.o(i.USART6_IRQHandler)
    i.USART_ClearFlag                        0x08003584   Section        0  stm32f4xx_usart.o(i.USART_ClearFlag)
    i.USART_Cmd                              0x08003596   Section        0  stm32f4xx_usart.o(i.USART_Cmd)
    i.USART_DMACmd                           0x080035ae   Section        0  stm32f4xx_usart.o(i.USART_DMACmd)
    i.USART_DeInit                           0x080035c0   Section        0  stm32f4xx_usart.o(i.USART_DeInit)
    i.USART_GetITStatus                      0x08003674   Section        0  stm32f4xx_usart.o(i.USART_GetITStatus)
    i.USART_ITConfig                         0x080036c8   Section        0  stm32f4xx_usart.o(i.USART_ITConfig)
    i.USART_Init                             0x08003714   Section        0  stm32f4xx_usart.o(i.USART_Init)
    i.USART_ReceiveData                      0x080037e8   Section        0  stm32f4xx_usart.o(i.USART_ReceiveData)
    i.UsageFault_Handler                     0x080037f2   Section        0  stm32f4xx_it.o(i.UsageFault_Handler)
    i.WholeInitTask                          0x080037f8   Section        0  controltask.o(i.WholeInitTask)
    i.__0printf                              0x08003850   Section        0  printfa.o(i.__0printf)
    i.__ARM_fpclassify                       0x08003870   Section        0  fpclassify.o(i.__ARM_fpclassify)
    i.__hardfp_cos                           0x080038a0   Section        0  cos.o(i.__hardfp_cos)
    i.__hardfp_fabs                          0x08003968   Section        0  fabs.o(i.__hardfp_fabs)
    i.__hardfp_sin                           0x08003980   Section        0  sin.o(i.__hardfp_sin)
    i.__ieee754_rem_pio2                     0x08003a48   Section        0  rred.o(i.__ieee754_rem_pio2)
    i.__kernel_cos                           0x08003e80   Section        0  cos_i.o(i.__kernel_cos)
    i.__kernel_poly                          0x08003ff0   Section        0  poly.o(i.__kernel_poly)
    i.__kernel_sin                           0x080040e8   Section        0  sin_i.o(i.__kernel_sin)
    i.__mathlib_dbl_infnan                   0x08004218   Section        0  dunder.o(i.__mathlib_dbl_infnan)
    i.__mathlib_dbl_invalid                  0x08004230   Section        0  dunder.o(i.__mathlib_dbl_invalid)
    i.__mathlib_dbl_underflow                0x08004250   Section        0  dunder.o(i.__mathlib_dbl_underflow)
    i.__scatterload_copy                     0x08004270   Section       14  handlers.o(i.__scatterload_copy)
    i.__scatterload_null                     0x0800427e   Section        2  handlers.o(i.__scatterload_null)
    i.__scatterload_zeroinit                 0x08004280   Section       14  handlers.o(i.__scatterload_zeroinit)
    i.__set_errno                            0x08004290   Section        0  errno.o(i.__set_errno)
    i._fp_digits                             0x0800429c   Section        0  printfa.o(i._fp_digits)
    _fp_digits                               0x0800429d   Thumb Code   366  printfa.o(i._fp_digits)
    i._printf_core                           0x08004420   Section        0  printfa.o(i._printf_core)
    _printf_core                             0x08004421   Thumb Code  1744  printfa.o(i._printf_core)
    i._printf_post_padding                   0x08004afc   Section        0  printfa.o(i._printf_post_padding)
    _printf_post_padding                     0x08004afd   Thumb Code    36  printfa.o(i._printf_post_padding)
    i._printf_pre_padding                    0x08004b20   Section        0  printfa.o(i._printf_pre_padding)
    _printf_pre_padding                      0x08004b21   Thumb Code    46  printfa.o(i._printf_pre_padding)
    i.delay_init                             0x08004b50   Section        0  delay.o(i.delay_init)
    i.delay_ms                               0x08004b8c   Section        0  delay.o(i.delay_ms)
    i.delay_xms                              0x08004bc4   Section        0  delay.o(i.delay_xms)
    i.fabs                                   0x08004c10   Section        0  fabs.o(i.fabs)
    i.fputc                                  0x08004c28   Section        0  usart6.o(i.fputc)
    i.invSqrt                                0x08004c44   Section        0  euler.o(i.invSqrt)
    i.main                                   0x08004c80   Section        0  main.o(i.main)
    i.update_euler                           0x08004c88   Section        0  euler.o(i.update_euler)
    .constdata                               0x08004ff8   Section        8  rotate.o(.constdata)
    .constdata                               0x08005000   Section       48  cos_i.o(.constdata)
    C                                        0x08005000   Data          48  cos_i.o(.constdata)
    .constdata                               0x08005030   Section      200  rred.o(.constdata)
    pio2s                                    0x08005030   Data          48  rred.o(.constdata)
    twooverpi                                0x08005060   Data         152  rred.o(.constdata)
    .constdata                               0x080050f8   Section       40  sin_i.o(.constdata)
    S                                        0x080050f8   Data          40  sin_i.o(.constdata)
    .data                                    0x20000000   Section       11  remotecontrol.o(.data)
    .data                                    0x2000000b   Section        1  mode.o(.data)
    .data                                    0x2000000c   Section       28  rotate.o(.data)
    .data                                    0x20000028   Section      196  automove.o(.data)
    pNode                                    0x200000e8   Data           4  automove.o(.data)
    .data                                    0x200000ec   Section        8  camera.o(.data)
    camera_loop_count                        0x200000f0   Data           4  camera.o(.data)
    .data                                    0x200000f4   Section        8  controltask.o(.data)
    time_tick_init                           0x200000f4   Data           4  controltask.o(.data)
    time_tick_1ms                            0x200000f8   Data           4  controltask.o(.data)
    .data                                    0x200000fc   Section        3  timer.o(.data)
    .data                                    0x20000100   Section       48  can.o(.data)
    id                                       0x20000128   Data           1  can.o(.data)
    delta                                    0x2000012c   Data           4  can.o(.data)
    .data                                    0x20000130   Section       16  mpu6500.o(.data)
    num                                      0x2000013c   Data           4  mpu6500.o(.data)
    .data                                    0x20000140   Section       10  usart6.o(.data)
    .data                                    0x2000014c   Section       52  euler.o(.data)
    .data                                    0x20000180   Section        4  delay.o(.data)
    fac_us                                   0x20000180   Data           1  delay.o(.data)
    fac_ms                                   0x20000182   Data           2  delay.o(.data)
    .data                                    0x20000184   Section       16  stm32f4xx_rcc.o(.data)
    APBAHBPrescTable                         0x20000184   Data          16  stm32f4xx_rcc.o(.data)
    .data                                    0x20000194   Section        4  errno.o(.data)
    _errno                                   0x20000194   Data           4  errno.o(.data)
    .bss                                     0x20000198   Section      168  rotate.o(.bss)
    .bss                                     0x20000240   Section       48  automove.o(.bss)
    .bss                                     0x20000270   Section       48  controltask.o(.bss)
    .bss                                     0x200002a0   Section       20  can.o(.bss)
    .bss                                     0x200002b4   Section       44  mpu6500.o(.bss)
    .bss                                     0x200002e0   Section      200  usart6.o(.bss)
    .bss                                     0x200003a8   Section       50  usart3.o(.bss)
    STACK                                    0x200003e0   Section     1024  startup_stm32f4xx.o(STACK)

    Global Symbols

    Symbol Name                              Value     Ov Type        Size  Object(Section)

    BuildAttributes$$THM_ISAv4$E$P$D$K$B$S$7EM$VFPi3$EXTD16$VFPS$VFMA$PE$A:L22UL41UL21$X:L11$S22US41US21$IEEE1$IW$USESV6$~STKCKD$USESV7$~SHL$OTIME$ROPI$IEEEX$EBA8$MICROLIB$REQ8$PRES8$EABIv2 0x00000000   Number         0  anon$$obj.o ABSOLUTE
    __ARM_use_no_argv                        0x00000000   Number         0  main.o ABSOLUTE
    __use_no_errno                           0x00000000   Number         0  useno.o ABSOLUTE
    __use_no_exception_handling              0x00000000   Number         0  useno.o ABSOLUTE
    __use_no_fp                              0x00000000   Number         0  useno.o ABSOLUTE
    __use_no_heap                            0x00000000   Number         0  useno.o ABSOLUTE
    __use_no_heap_region                     0x00000000   Number         0  useno.o ABSOLUTE
    __use_no_semihosting                     0x00000000   Number         0  useno.o ABSOLUTE
    __use_no_semihosting_swi                 0x00000000   Number         0  useno.o ABSOLUTE
    __use_no_signal_handling                 0x00000000   Number         0  useno.o ABSOLUTE
    _printf_a                                0x00000000   Number         0  stubs.o ABSOLUTE
    _printf_c                                0x00000000   Number         0  stubs.o ABSOLUTE
    _printf_charcount                        0x00000000   Number         0  stubs.o ABSOLUTE
    _printf_d                                0x00000000   Number         0  stubs.o ABSOLUTE
    _printf_e                                0x00000000   Number         0  stubs.o ABSOLUTE
    _printf_f                                0x00000000   Number         0  stubs.o ABSOLUTE
    _printf_flags                            0x00000000   Number         0  stubs.o ABSOLUTE
    _printf_fp_dec                           0x00000000   Number         0  stubs.o ABSOLUTE
    _printf_fp_hex                           0x00000000   Number         0  stubs.o ABSOLUTE
    _printf_g                                0x00000000   Number         0  stubs.o ABSOLUTE
    _printf_i                                0x00000000   Number         0  stubs.o ABSOLUTE
    _printf_int_dec                          0x00000000   Number         0  stubs.o ABSOLUTE
    _printf_l                                0x00000000   Number         0  stubs.o ABSOLUTE
    _printf_lc                               0x00000000   Number         0  stubs.o ABSOLUTE
    _printf_ll                               0x00000000   Number         0  stubs.o ABSOLUTE
    _printf_lld                              0x00000000   Number         0  stubs.o ABSOLUTE
    _printf_lli                              0x00000000   Number         0  stubs.o ABSOLUTE
    _printf_llo                              0x00000000   Number         0  stubs.o ABSOLUTE
    _printf_llu                              0x00000000   Number         0  stubs.o ABSOLUTE
    _printf_llx                              0x00000000   Number         0  stubs.o ABSOLUTE
    _printf_longlong_dec                     0x00000000   Number         0  stubs.o ABSOLUTE
    _printf_longlong_hex                     0x00000000   Number         0  stubs.o ABSOLUTE
    _printf_longlong_oct                     0x00000000   Number         0  stubs.o ABSOLUTE
    _printf_ls                               0x00000000   Number         0  stubs.o ABSOLUTE
    _printf_mbtowc                           0x00000000   Number         0  stubs.o ABSOLUTE
    _printf_n                                0x00000000   Number         0  stubs.o ABSOLUTE
    _printf_o                                0x00000000   Number         0  stubs.o ABSOLUTE
    _printf_p                                0x00000000   Number         0  stubs.o ABSOLUTE
    _printf_percent                          0x00000000   Number         0  stubs.o ABSOLUTE
    _printf_pre_padding                      0x00000000   Number         0  stubs.o ABSOLUTE
    _printf_return_value                     0x00000000   Number         0  stubs.o ABSOLUTE
    _printf_s                                0x00000000   Number         0  stubs.o ABSOLUTE
    _printf_sizespec                         0x00000000   Number         0  stubs.o ABSOLUTE
    _printf_str                              0x00000000   Number         0  stubs.o ABSOLUTE
    _printf_truncate_signed                  0x00000000   Number         0  stubs.o ABSOLUTE
    _printf_truncate_unsigned                0x00000000   Number         0  stubs.o ABSOLUTE
    _printf_u                                0x00000000   Number         0  stubs.o ABSOLUTE
    _printf_wc                               0x00000000   Number         0  stubs.o ABSOLUTE
    _printf_wctomb                           0x00000000   Number         0  stubs.o ABSOLUTE
    _printf_widthprec                        0x00000000   Number         0  stubs.o ABSOLUTE
    _printf_x                                0x00000000   Number         0  stubs.o ABSOLUTE
    __cpp_initialize__aeabi_                  - Undefined Weak Reference
    __cxa_finalize                            - Undefined Weak Reference
    _clock_init                               - Undefined Weak Reference
    _microlib_exit                            - Undefined Weak Reference
    __Vectors_Size                           0x00000188   Number         0  startup_stm32f4xx.o ABSOLUTE
    __Vectors                                0x08000000   Data           4  startup_stm32f4xx.o(RESET)
    __Vectors_End                            0x08000188   Data           0  startup_stm32f4xx.o(RESET)
    __main                                   0x08000189   Thumb Code     0  entry.o(.ARM.Collect$$$$00000000)
    _main_stk                                0x08000189   Thumb Code     0  entry2.o(.ARM.Collect$$$$00000001)
    _main_scatterload                        0x0800018d   Thumb Code     0  entry5.o(.ARM.Collect$$$$00000004)
    __main_after_scatterload                 0x08000191   Thumb Code     0  entry5.o(.ARM.Collect$$$$00000004)
    _main_clock                              0x08000191   Thumb Code     0  entry7b.o(.ARM.Collect$$$$00000008)
    _main_cpp_init                           0x08000191   Thumb Code     0  entry8b.o(.ARM.Collect$$$$0000000A)
    _main_init                               0x08000191   Thumb Code     0  entry9a.o(.ARM.Collect$$$$0000000B)
    __rt_final_cpp                           0x08000199   Thumb Code     0  entry10a.o(.ARM.Collect$$$$0000000D)
    __rt_final_exit                          0x08000199   Thumb Code     0  entry11a.o(.ARM.Collect$$$$0000000F)
    Reset_Handler                            0x0800019d   Thumb Code     8  startup_stm32f4xx.o(.text)
    ADC_IRQHandler                           0x080001b7   Thumb Code     0  startup_stm32f4xx.o(.text)
    CAN1_RX1_IRQHandler                      0x080001b7   Thumb Code     0  startup_stm32f4xx.o(.text)
    CAN1_SCE_IRQHandler                      0x080001b7   Thumb Code     0  startup_stm32f4xx.o(.text)
    CAN1_TX_IRQHandler                       0x080001b7   Thumb Code     0  startup_stm32f4xx.o(.text)
    CAN2_RX0_IRQHandler                      0x080001b7   Thumb Code     0  startup_stm32f4xx.o(.text)
    CAN2_RX1_IRQHandler                      0x080001b7   Thumb Code     0  startup_stm32f4xx.o(.text)
    CAN2_SCE_IRQHandler                      0x080001b7   Thumb Code     0  startup_stm32f4xx.o(.text)
    CAN2_TX_IRQHandler                       0x080001b7   Thumb Code     0  startup_stm32f4xx.o(.text)
    CRYP_IRQHandler                          0x080001b7   Thumb Code     0  startup_stm32f4xx.o(.text)
    DCMI_IRQHandler                          0x080001b7   Thumb Code     0  startup_stm32f4xx.o(.text)
    DMA1_Stream0_IRQHandler                  0x080001b7   Thumb Code     0  startup_stm32f4xx.o(.text)
    DMA1_Stream2_IRQHandler                  0x080001b7   Thumb Code     0  startup_stm32f4xx.o(.text)
    DMA1_Stream3_IRQHandler                  0x080001b7   Thumb Code     0  startup_stm32f4xx.o(.text)
    DMA1_Stream4_IRQHandler                  0x080001b7   Thumb Code     0  startup_stm32f4xx.o(.text)
    DMA1_Stream5_IRQHandler                  0x080001b7   Thumb Code     0  startup_stm32f4xx.o(.text)
    DMA1_Stream6_IRQHandler                  0x080001b7   Thumb Code     0  startup_stm32f4xx.o(.text)
    DMA1_Stream7_IRQHandler                  0x080001b7   Thumb Code     0  startup_stm32f4xx.o(.text)
    DMA2_Stream0_IRQHandler                  0x080001b7   Thumb Code     0  startup_stm32f4xx.o(.text)
    DMA2_Stream1_IRQHandler                  0x080001b7   Thumb Code     0  startup_stm32f4xx.o(.text)
    DMA2_Stream2_IRQHandler                  0x080001b7   Thumb Code     0  startup_stm32f4xx.o(.text)
    DMA2_Stream3_IRQHandler                  0x080001b7   Thumb Code     0  startup_stm32f4xx.o(.text)
    DMA2_Stream4_IRQHandler                  0x080001b7   Thumb Code     0  startup_stm32f4xx.o(.text)
    DMA2_Stream5_IRQHandler                  0x080001b7   Thumb Code     0  startup_stm32f4xx.o(.text)
    DMA2_Stream6_IRQHandler                  0x080001b7   Thumb Code     0  startup_stm32f4xx.o(.text)
    DMA2_Stream7_IRQHandler                  0x080001b7   Thumb Code     0  startup_stm32f4xx.o(.text)
    ETH_IRQHandler                           0x080001b7   Thumb Code     0  startup_stm32f4xx.o(.text)
    ETH_WKUP_IRQHandler                      0x080001b7   Thumb Code     0  startup_stm32f4xx.o(.text)
    EXTI0_IRQHandler                         0x080001b7   Thumb Code     0  startup_stm32f4xx.o(.text)
    EXTI15_10_IRQHandler                     0x080001b7   Thumb Code     0  startup_stm32f4xx.o(.text)
    EXTI1_IRQHandler                         0x080001b7   Thumb Code     0  startup_stm32f4xx.o(.text)
    EXTI2_IRQHandler                         0x080001b7   Thumb Code     0  startup_stm32f4xx.o(.text)
    EXTI3_IRQHandler                         0x080001b7   Thumb Code     0  startup_stm32f4xx.o(.text)
    EXTI4_IRQHandler                         0x080001b7   Thumb Code     0  startup_stm32f4xx.o(.text)
    EXTI9_5_IRQHandler                       0x080001b7   Thumb Code     0  startup_stm32f4xx.o(.text)
    FLASH_IRQHandler                         0x080001b7   Thumb Code     0  startup_stm32f4xx.o(.text)
    FPU_IRQHandler                           0x080001b7   Thumb Code     0  startup_stm32f4xx.o(.text)
    FSMC_IRQHandler                          0x080001b7   Thumb Code     0  startup_stm32f4xx.o(.text)
    HASH_RNG_IRQHandler                      0x080001b7   Thumb Code     0  startup_stm32f4xx.o(.text)
    I2C1_ER_IRQHandler                       0x080001b7   Thumb Code     0  startup_stm32f4xx.o(.text)
    I2C1_EV_IRQHandler                       0x080001b7   Thumb Code     0  startup_stm32f4xx.o(.text)
    I2C2_ER_IRQHandler                       0x080001b7   Thumb Code     0  startup_stm32f4xx.o(.text)
    I2C2_EV_IRQHandler                       0x080001b7   Thumb Code     0  startup_stm32f4xx.o(.text)
    I2C3_ER_IRQHandler                       0x080001b7   Thumb Code     0  startup_stm32f4xx.o(.text)
    I2C3_EV_IRQHandler                       0x080001b7   Thumb Code     0  startup_stm32f4xx.o(.text)
    OTG_FS_IRQHandler                        0x080001b7   Thumb Code     0  startup_stm32f4xx.o(.text)
    OTG_FS_WKUP_IRQHandler                   0x080001b7   Thumb Code     0  startup_stm32f4xx.o(.text)
    OTG_HS_EP1_IN_IRQHandler                 0x080001b7   Thumb Code     0  startup_stm32f4xx.o(.text)
    OTG_HS_EP1_OUT_IRQHandler                0x080001b7   Thumb Code     0  startup_stm32f4xx.o(.text)
    OTG_HS_IRQHandler                        0x080001b7   Thumb Code     0  startup_stm32f4xx.o(.text)
    OTG_HS_WKUP_IRQHandler                   0x080001b7   Thumb Code     0  startup_stm32f4xx.o(.text)
    PVD_IRQHandler                           0x080001b7   Thumb Code     0  startup_stm32f4xx.o(.text)
    RCC_IRQHandler                           0x080001b7   Thumb Code     0  startup_stm32f4xx.o(.text)
    RTC_Alarm_IRQHandler                     0x080001b7   Thumb Code     0  startup_stm32f4xx.o(.text)
    RTC_WKUP_IRQHandler                      0x080001b7   Thumb Code     0  startup_stm32f4xx.o(.text)
    SDIO_IRQHandler                          0x080001b7   Thumb Code     0  startup_stm32f4xx.o(.text)
    SPI1_IRQHandler                          0x080001b7   Thumb Code     0  startup_stm32f4xx.o(.text)
    SPI2_IRQHandler                          0x080001b7   Thumb Code     0  startup_stm32f4xx.o(.text)
    SPI3_IRQHandler                          0x080001b7   Thumb Code     0  startup_stm32f4xx.o(.text)
    TAMP_STAMP_IRQHandler                    0x080001b7   Thumb Code     0  startup_stm32f4xx.o(.text)
    TIM1_BRK_TIM9_IRQHandler                 0x080001b7   Thumb Code     0  startup_stm32f4xx.o(.text)
    TIM1_CC_IRQHandler                       0x080001b7   Thumb Code     0  startup_stm32f4xx.o(.text)
    TIM1_TRG_COM_TIM11_IRQHandler            0x080001b7   Thumb Code     0  startup_stm32f4xx.o(.text)
    TIM1_UP_TIM10_IRQHandler                 0x080001b7   Thumb Code     0  startup_stm32f4xx.o(.text)
    TIM3_IRQHandler                          0x080001b7   Thumb Code     0  startup_stm32f4xx.o(.text)
    TIM4_IRQHandler                          0x080001b7   Thumb Code     0  startup_stm32f4xx.o(.text)
    TIM6_DAC_IRQHandler                      0x080001b7   Thumb Code     0  startup_stm32f4xx.o(.text)
    TIM7_IRQHandler                          0x080001b7   Thumb Code     0  startup_stm32f4xx.o(.text)
    TIM8_BRK_TIM12_IRQHandler                0x080001b7   Thumb Code     0  startup_stm32f4xx.o(.text)
    TIM8_CC_IRQHandler                       0x080001b7   Thumb Code     0  startup_stm32f4xx.o(.text)
    TIM8_TRG_COM_TIM14_IRQHandler            0x080001b7   Thumb Code     0  startup_stm32f4xx.o(.text)
    TIM8_UP_TIM13_IRQHandler                 0x080001b7   Thumb Code     0  startup_stm32f4xx.o(.text)
    UART4_IRQHandler                         0x080001b7   Thumb Code     0  startup_stm32f4xx.o(.text)
    UART5_IRQHandler                         0x080001b7   Thumb Code     0  startup_stm32f4xx.o(.text)
    USART1_IRQHandler                        0x080001b7   Thumb Code     0  startup_stm32f4xx.o(.text)
    USART2_IRQHandler                        0x080001b7   Thumb Code     0  startup_stm32f4xx.o(.text)
    USART3_IRQHandler                        0x080001b7   Thumb Code     0  startup_stm32f4xx.o(.text)
    WWDG_IRQHandler                          0x080001b7   Thumb Code     0  startup_stm32f4xx.o(.text)
    __aeabi_dmul                             0x080001c1   Thumb Code   228  dmul.o(.text)
    __aeabi_ddiv                             0x080002a5   Thumb Code   222  ddiv.o(.text)
    __aeabi_i2d                              0x08000383   Thumb Code    34  dflti.o(.text)
    __aeabi_f2d                              0x080003a5   Thumb Code    38  f2d.o(.text)
    __aeabi_cdcmpeq                          0x080003cd   Thumb Code     0  cdcmple.o(.text)
    __aeabi_cdcmple                          0x080003cd   Thumb Code    48  cdcmple.o(.text)
    __aeabi_d2f                              0x080003fd   Thumb Code    56  d2f.o(.text)
    __aeabi_uidiv                            0x08000435   Thumb Code     0  uidiv.o(.text)
    __aeabi_uidivmod                         0x08000435   Thumb Code    44  uidiv.o(.text)
    __aeabi_uldivmod                         0x08000461   Thumb Code    98  uldiv.o(.text)
    __I$use$fp                               0x080004c3   Thumb Code     0  iusefp.o(.text)
    _float_round                             0x080004c3   Thumb Code    18  fepilogue.o(.text)
    _float_epilogue                          0x080004d5   Thumb Code    92  fepilogue.o(.text)
    _double_round                            0x08000531   Thumb Code    30  depilogue.o(.text)
    _double_epilogue                         0x0800054f   Thumb Code   156  depilogue.o(.text)
    __aeabi_dadd                             0x080005eb   Thumb Code   322  dadd.o(.text)
    __aeabi_dsub                             0x0800072d   Thumb Code     6  dadd.o(.text)
    __aeabi_drsub                            0x08000733   Thumb Code     6  dadd.o(.text)
    __aeabi_d2ulz                            0x08000739   Thumb Code    48  dfixul.o(.text)
    __aeabi_cdrcmple                         0x08000769   Thumb Code    48  cdrcmple.o(.text)
    __scatterload                            0x08000799   Thumb Code    28  init.o(.text)
    __scatterload_rt2                        0x08000799   Thumb Code     0  init.o(.text)
    __aeabi_llsl                             0x080007bd   Thumb Code    30  llshl.o(.text)
    _ll_shift_l                              0x080007bd   Thumb Code     0  llshl.o(.text)
    __aeabi_llsr                             0x080007db   Thumb Code    32  llushr.o(.text)
    _ll_ushift_r                             0x080007db   Thumb Code     0  llushr.o(.text)
    __aeabi_lasr                             0x080007fb   Thumb Code    36  llsshr.o(.text)
    _ll_sshift_r                             0x080007fb   Thumb Code     0  llsshr.o(.text)
    __aeabi_ui2d                             0x0800081f   Thumb Code    26  dfltui.o(.text)
    __aeabi_d2iz                             0x08000839   Thumb Code    62  dfixi.o(.text)
    __decompress                             0x08000877   Thumb Code     0  __dczerorl2.o(.text)
    __decompress1                            0x08000877   Thumb Code    86  __dczerorl2.o(.text)
    AutoMove_BAO_Init                        0x080008cd   Thumb Code    38  automove.o(i.AutoMove_BAO_Init)
    AutoMove_BAO_MoveDown                    0x080008fd   Thumb Code    16  automove.o(i.AutoMove_BAO_MoveDown)
    AutoMove_BAO_MoveUp                      0x0800090d   Thumb Code    16  automove.o(i.AutoMove_BAO_MoveUp)
    AutoMove_CatchBullet_Init                0x0800091d   Thumb Code    38  automove.o(i.AutoMove_CatchBullet_Init)
    AutoMove_CatchBullet_MoveDown            0x0800094d   Thumb Code    16  automove.o(i.AutoMove_CatchBullet_MoveDown)
    AutoMove_CatchBullet_MoveUp              0x0800095d   Thumb Code    14  automove.o(i.AutoMove_CatchBullet_MoveUp)
    AutoMove_Configuration                   0x0800096b   Thumb Code    12  automove.o(i.AutoMove_Configuration)
    AutoMove_INNER                           0x08000979   Thumb Code   132  automove.o(i.AutoMove_INNER)
    AutoMove_Loop                            0x08000a01   Thumb Code    92  automove.o(i.AutoMove_Loop)
    AutoMove_Start                           0x08000a6d   Thumb Code    26  automove.o(i.AutoMove_Start)
    BSP_Init                                 0x08000a87   Thumb Code    68  bsp.o(i.BSP_Init)
    BusFault_Handler                         0x08000acb   Thumb Code     4  stm32f4xx_it.o(i.BusFault_Handler)
    Buzzer_Init                              0x08000ad1   Thumb Code   166  buzzer.o(i.Buzzer_Init)
    CAN1_Mode_Init                           0x08000b81   Thumb Code   248  can.o(i.CAN1_Mode_Init)
    CAN1_RX0_IRQHandler                      0x08000c81   Thumb Code   550  can.o(i.CAN1_RX0_IRQHandler)
    CAN1_Rotate                              0x08000ef5   Thumb Code    84  can.o(i.CAN1_Rotate)
    CAN1_SendMessage                         0x08000f4d   Thumb Code    68  can.o(i.CAN1_SendMessage)
    CAN_ClearITPendingBit                    0x08000f95   Thumb Code   162  stm32f4xx_can.o(i.CAN_ClearITPendingBit)
    CAN_FilterInit                           0x0800103d   Thumb Code   258  stm32f4xx_can.o(i.CAN_FilterInit)
    CAN_GetITStatus                          0x08001145   Thumb Code   284  stm32f4xx_can.o(i.CAN_GetITStatus)
    CAN_ITConfig                             0x08001265   Thumb Code    18  stm32f4xx_can.o(i.CAN_ITConfig)
    CAN_Init                                 0x08001277   Thumb Code   276  stm32f4xx_can.o(i.CAN_Init)
    CAN_Receive                              0x0800138b   Thumb Code   240  stm32f4xx_can.o(i.CAN_Receive)
    CAN_Transmit                             0x0800147b   Thumb Code   294  stm32f4xx_can.o(i.CAN_Transmit)
    Camera_Configuration                     0x080015a1   Thumb Code     8  camera.o(i.Camera_Configuration)
    Camera_Loop                              0x080015ad   Thumb Code   166  camera.o(i.Camera_Loop)
    Control_Task                             0x0800167d   Thumb Code   240  controltask.o(i.Control_Task)
    Cylinder_Bao_Close                       0x0800177d   Thumb Code    14  cylinder.o(i.Cylinder_Bao_Close)
    Cylinder_Bao_Open                        0x08001791   Thumb Code    14  cylinder.o(i.Cylinder_Bao_Open)
    Cylinder_Catch_Close                     0x080017a5   Thumb Code    14  cylinder.o(i.Cylinder_Catch_Close)
    Cylinder_Catch_Open                      0x080017b9   Thumb Code    14  cylinder.o(i.Cylinder_Catch_Open)
    Cylinder_Configuration                   0x080017cd   Thumb Code   106  cylinder.o(i.Cylinder_Configuration)
    Cylinder_Loop                            0x0800183d   Thumb Code    44  cylinder.o(i.Cylinder_Loop)
    Cylinder_Stretch_Close                   0x0800186d   Thumb Code    14  cylinder.o(i.Cylinder_Stretch_Close)
    Cylinder_Stretch_Open                    0x08001881   Thumb Code    14  cylinder.o(i.Cylinder_Stretch_Open)
    DMA1_Stream1_IRQHandler                  0x08001895   Thumb Code    30  usart3.o(i.DMA1_Stream1_IRQHandler)
    DMA_ClearFlag                            0x080018bd   Thumb Code    38  stm32f4xx_dma.o(i.DMA_ClearFlag)
    DMA_ClearITPendingBit                    0x080018f1   Thumb Code    38  stm32f4xx_dma.o(i.DMA_ClearITPendingBit)
    DMA_Cmd                                  0x08001925   Thumb Code    22  stm32f4xx_dma.o(i.DMA_Cmd)
    DMA_DeInit                               0x0800193d   Thumb Code   324  stm32f4xx_dma.o(i.DMA_DeInit)
    DMA_GetITStatus                          0x08001a95   Thumb Code    82  stm32f4xx_dma.o(i.DMA_GetITStatus)
    DMA_ITConfig                             0x08001af9   Thumb Code    58  stm32f4xx_dma.o(i.DMA_ITConfig)
    DMA_Init                                 0x08001b35   Thumb Code    82  stm32f4xx_dma.o(i.DMA_Init)
    DebugMon_Handler                         0x08001b8d   Thumb Code     2  stm32f4xx_it.o(i.DebugMon_Handler)
    Duct_Configuration                       0x08001b91   Thumb Code    60  duct.o(i.Duct_Configuration)
    Duct_Loop                                0x08001bd1   Thumb Code    98  duct.o(i.Duct_Loop)
    GPIO_Init                                0x08001c41   Thumb Code   144  stm32f4xx_gpio.o(i.GPIO_Init)
    GPIO_PinAFConfig                         0x08001cd1   Thumb Code    70  stm32f4xx_gpio.o(i.GPIO_PinAFConfig)
    GPIO_ResetBits                           0x08001d17   Thumb Code     4  stm32f4xx_gpio.o(i.GPIO_ResetBits)
    GPIO_SetBits                             0x08001d1b   Thumb Code     4  stm32f4xx_gpio.o(i.GPIO_SetBits)
    HardFault_Handler                        0x08001d1f   Thumb Code     4  stm32f4xx_it.o(i.HardFault_Handler)
    IWDG_Configuration                       0x08001d23   Thumb Code    30  iwdg.o(i.IWDG_Configuration)
    IWDG_Enable                              0x08001d41   Thumb Code    10  stm32f4xx_iwdg.o(i.IWDG_Enable)
    IWDG_FeedDog                             0x08001d51   Thumb Code     8  iwdg.o(i.IWDG_FeedDog)
    IWDG_ReloadCounter                       0x08001d59   Thumb Code    10  stm32f4xx_iwdg.o(i.IWDG_ReloadCounter)
    IWDG_SetPrescaler                        0x08001d69   Thumb Code     6  stm32f4xx_iwdg.o(i.IWDG_SetPrescaler)
    IWDG_SetReload                           0x08001d75   Thumb Code     6  stm32f4xx_iwdg.o(i.IWDG_SetReload)
    IWDG_WriteAccessCmd                      0x08001d81   Thumb Code     6  stm32f4xx_iwdg.o(i.IWDG_WriteAccessCmd)
    Init_Task                                0x08001d8d   Thumb Code    40  controltask.o(i.Init_Task)
    Led_Configuration                        0x08001dbd   Thumb Code    80  led.o(i.Led_Configuration)
    MPU6500ReadSPI                           0x08001e15   Thumb Code    56  mpu6500.o(i.MPU6500ReadSPI)
    MPU6500_Read                             0x08001e51   Thumb Code   386  mpu6500.o(i.MPU6500_Read)
    MemManage_Handler                        0x08001ff9   Thumb Code     4  stm32f4xx_it.o(i.MemManage_Handler)
    Mode_Configuration                       0x08001ffd   Thumb Code     8  mode.o(i.Mode_Configuration)
    NMI_Handler                              0x08002009   Thumb Code     2  stm32f4xx_it.o(i.NMI_Handler)
    NVIC_Init                                0x0800200d   Thumb Code   106  misc.o(i.NVIC_Init)
    PID_BitIsSet                             0x08002085   Thumb Code    18  pid.o(i.PID_BitIsSet)
    PID_Calc                                 0x08002099   Thumb Code   366  pid.o(i.PID_Calc)
    PID_Driver                               0x08002211   Thumb Code    44  pid.o(i.PID_Driver)
    PID_Init                                 0x0800223d   Thumb Code    34  pid.o(i.PID_Init)
    PID_PreCalc                              0x08002261   Thumb Code   162  pid.o(i.PID_PreCalc)
    PendSV_Handler                           0x08002309   Thumb Code     2  stm32f4xx_it.o(i.PendSV_Handler)
    RCC_AHB1PeriphClockCmd                   0x0800230d   Thumb Code    26  stm32f4xx_rcc.o(i.RCC_AHB1PeriphClockCmd)
    RCC_APB1PeriphClockCmd                   0x0800232d   Thumb Code    26  stm32f4xx_rcc.o(i.RCC_APB1PeriphClockCmd)
    RCC_APB1PeriphResetCmd                   0x0800234d   Thumb Code    26  stm32f4xx_rcc.o(i.RCC_APB1PeriphResetCmd)
    RCC_APB2PeriphClockCmd                   0x0800236d   Thumb Code    26  stm32f4xx_rcc.o(i.RCC_APB2PeriphClockCmd)
    RCC_APB2PeriphResetCmd                   0x0800238d   Thumb Code    26  stm32f4xx_rcc.o(i.RCC_APB2PeriphResetCmd)
    RCC_GetClocksFreq                        0x080023ad   Thumb Code   214  stm32f4xx_rcc.o(i.RCC_GetClocksFreq)
    RemoteControlLoop                        0x08002495   Thumb Code    34  remotecontrol.o(i.RemoteControlLoop)
    Rotate_Bao_DirePos                       0x080024cd   Thumb Code    14  rotate.o(i.Rotate_Bao_DirePos)
    Rotate_Bao_DireRev                       0x080024e1   Thumb Code    16  rotate.o(i.Rotate_Bao_DireRev)
    Rotate_Bao_Start                         0x080024f5   Thumb Code    16  rotate.o(i.Rotate_Bao_Start)
    Rotate_Bao_Stop                          0x08002509   Thumb Code    14  rotate.o(i.Rotate_Bao_Stop)
    Rotate_CalcSpeed                         0x0800251d   Thumb Code   242  rotate.o(i.Rotate_CalcSpeed)
    Rotate_CheckGoal                         0x08002631   Thumb Code    82  rotate.o(i.Rotate_CheckGoal)
    Rotate_Configuration                     0x0800268d   Thumb Code   164  rotate.o(i.Rotate_Configuration)
    Rotate_Fan                               0x0800274d   Thumb Code    34  rotate.o(i.Rotate_Fan)
    Rotate_Legalize                          0x08002775   Thumb Code    46  rotate.o(i.Rotate_Legalize)
    Rotate_Loop                              0x080027a5   Thumb Code   110  rotate.o(i.Rotate_Loop)
    Rotate_Move                              0x0800282d   Thumb Code   236  rotate.o(i.Rotate_Move)
    Rotate_Stop                              0x08002945   Thumb Code    12  rotate.o(i.Rotate_Stop)
    SPI5Init                                 0x08002951   Thumb Code   218  spi.o(i.SPI5Init)
    SPI5ReadWriteByte                        0x08002a3d   Thumb Code    74  spi.o(i.SPI5ReadWriteByte)
    SVC_Handler                              0x08002a8d   Thumb Code     2  stm32f4xx_it.o(i.SVC_Handler)
    Servo_Configuration                      0x08002a8f   Thumb Code     2  servo.o(i.Servo_Configuration)
    Servo_Loop                               0x08002a91   Thumb Code    96  servo.o(i.Servo_Loop)
    SetPIDCR                                 0x08002afd   Thumb Code    16  pid.o(i.SetPIDCR)
    SysTick_CLKSourceConfig                  0x08002bf9   Thumb Code    40  misc.o(i.SysTick_CLKSourceConfig)
    SysTick_Handler                          0x08002c21   Thumb Code     2  stm32f4xx_it.o(i.SysTick_Handler)
    SystemInit                               0x08002c25   Thumb Code    88  system_stm32f4xx.o(i.SystemInit)
    TIM2_IRQHandler                          0x08002c8d   Thumb Code    28  timer.o(i.TIM2_IRQHandler)
    TIM2_Init                                0x08002ca9   Thumb Code    90  timer.o(i.TIM2_Init)
    TIM4_Init                                0x08002d05   Thumb Code   242  timer.o(i.TIM4_Init)
    TIM5_IRQHandler                          0x08002e01   Thumb Code    40  timer.o(i.TIM5_IRQHandler)
    TIM5_Init                                0x08002e31   Thumb Code    88  timer.o(i.TIM5_Init)
    TIM8_Init                                0x08002e8d   Thumb Code   194  timer.o(i.TIM8_Init)
    TIM_ARRPreloadConfig                     0x08002f59   Thumb Code    24  stm32f4xx_tim.o(i.TIM_ARRPreloadConfig)
    TIM_ClearITPendingBit                    0x08002f71   Thumb Code     6  stm32f4xx_tim.o(i.TIM_ClearITPendingBit)
    TIM_Cmd                                  0x08002f77   Thumb Code    24  stm32f4xx_tim.o(i.TIM_Cmd)
    TIM_CtrlPWMOutputs                       0x08002f8f   Thumb Code    30  stm32f4xx_tim.o(i.TIM_CtrlPWMOutputs)
    TIM_GetITStatus                          0x08002fad   Thumb Code    34  stm32f4xx_tim.o(i.TIM_GetITStatus)
    TIM_ITConfig                             0x08002fcf   Thumb Code    18  stm32f4xx_tim.o(i.TIM_ITConfig)
    TIM_OC1Init                              0x08002fe1   Thumb Code   114  stm32f4xx_tim.o(i.TIM_OC1Init)
    TIM_OC1PreloadConfig                     0x0800305d   Thumb Code    18  stm32f4xx_tim.o(i.TIM_OC1PreloadConfig)
    TIM_OC2Init                              0x08003071   Thumb Code   154  stm32f4xx_tim.o(i.TIM_OC2Init)
    TIM_OC2PreloadConfig                     0x08003115   Thumb Code    26  stm32f4xx_tim.o(i.TIM_OC2PreloadConfig)
    TIM_OC3Init                              0x08003131   Thumb Code   150  stm32f4xx_tim.o(i.TIM_OC3Init)
    TIM_OC3PreloadConfig                     0x080031d1   Thumb Code    18  stm32f4xx_tim.o(i.TIM_OC3PreloadConfig)
    TIM_OC4Init                              0x080031e5   Thumb Code   112  stm32f4xx_tim.o(i.TIM_OC4Init)
    TIM_OC4PreloadConfig                     0x0800325d   Thumb Code    26  stm32f4xx_tim.o(i.TIM_OC4PreloadConfig)
    TIM_SetCompare1                          0x08003277   Thumb Code     4  stm32f4xx_tim.o(i.TIM_SetCompare1)
    TIM_SetCompare2                          0x0800327b   Thumb Code     4  stm32f4xx_tim.o(i.TIM_SetCompare2)
    TIM_SetCompare3                          0x0800327f   Thumb Code     4  stm32f4xx_tim.o(i.TIM_SetCompare3)
    TIM_SetCompare4                          0x08003283   Thumb Code     4  stm32f4xx_tim.o(i.TIM_SetCompare4)
    TIM_TimeBaseInit                         0x08003289   Thumb Code   104  stm32f4xx_tim.o(i.TIM_TimeBaseInit)
    USART3_DMA_Init                          0x0800330d   Thumb Code   270  usart3.o(i.USART3_DMA_Init)
    USART6_Configuration                     0x08003431   Thumb Code   172  usart6.o(i.USART6_Configuration)
    USART6_IRQHandler                        0x080034e5   Thumb Code   138  usart6.o(i.USART6_IRQHandler)
    USART_ClearFlag                          0x08003585   Thumb Code    18  stm32f4xx_usart.o(i.USART_ClearFlag)
    USART_Cmd                                0x08003597   Thumb Code    24  stm32f4xx_usart.o(i.USART_Cmd)
    USART_DMACmd                             0x080035af   Thumb Code    18  stm32f4xx_usart.o(i.USART_DMACmd)
    USART_DeInit                             0x080035c1   Thumb Code   156  stm32f4xx_usart.o(i.USART_DeInit)
    USART_GetITStatus                        0x08003675   Thumb Code    84  stm32f4xx_usart.o(i.USART_GetITStatus)
    USART_ITConfig                           0x080036c9   Thumb Code    74  stm32f4xx_usart.o(i.USART_ITConfig)
    USART_Init                               0x08003715   Thumb Code   204  stm32f4xx_usart.o(i.USART_Init)
    USART_ReceiveData                        0x080037e9   Thumb Code    10  stm32f4xx_usart.o(i.USART_ReceiveData)
    UsageFault_Handler                       0x080037f3   Thumb Code     4  stm32f4xx_it.o(i.UsageFault_Handler)
    WholeInitTask                            0x080037f9   Thumb Code    68  controltask.o(i.WholeInitTask)
    __0printf                                0x08003851   Thumb Code    22  printfa.o(i.__0printf)
    __1printf                                0x08003851   Thumb Code     0  printfa.o(i.__0printf)
    __2printf                                0x08003851   Thumb Code     0  printfa.o(i.__0printf)
    __c89printf                              0x08003851   Thumb Code     0  printfa.o(i.__0printf)
    printf                                   0x08003851   Thumb Code     0  printfa.o(i.__0printf)
    __ARM_fpclassify                         0x08003871   Thumb Code    48  fpclassify.o(i.__ARM_fpclassify)
    __hardfp_cos                             0x080038a1   Thumb Code   180  cos.o(i.__hardfp_cos)
    __hardfp_fabs                            0x08003969   Thumb Code    20  fabs.o(i.__hardfp_fabs)
    __hardfp_sin                             0x08003981   Thumb Code   180  sin.o(i.__hardfp_sin)
    __ieee754_rem_pio2                       0x08003a49   Thumb Code   938  rred.o(i.__ieee754_rem_pio2)
    __kernel_cos                             0x08003e81   Thumb Code   322  cos_i.o(i.__kernel_cos)
    __kernel_poly                            0x08003ff1   Thumb Code   248  poly.o(i.__kernel_poly)
    __kernel_sin                             0x080040e9   Thumb Code   280  sin_i.o(i.__kernel_sin)
    __mathlib_dbl_infnan                     0x08004219   Thumb Code    20  dunder.o(i.__mathlib_dbl_infnan)
    __mathlib_dbl_invalid                    0x08004231   Thumb Code    24  dunder.o(i.__mathlib_dbl_invalid)
    __mathlib_dbl_underflow                  0x08004251   Thumb Code    24  dunder.o(i.__mathlib_dbl_underflow)
    __scatterload_copy                       0x08004271   Thumb Code    14  handlers.o(i.__scatterload_copy)
    __scatterload_null                       0x0800427f   Thumb Code     2  handlers.o(i.__scatterload_null)
    __scatterload_zeroinit                   0x08004281   Thumb Code    14  handlers.o(i.__scatterload_zeroinit)
    __set_errno                              0x08004291   Thumb Code     6  errno.o(i.__set_errno)
    delay_init                               0x08004b51   Thumb Code    52  delay.o(i.delay_init)
    delay_ms                                 0x08004b8d   Thumb Code    56  delay.o(i.delay_ms)
    delay_xms                                0x08004bc5   Thumb Code    72  delay.o(i.delay_xms)
    fabs                                     0x08004c11   Thumb Code    24  fabs.o(i.fabs)
    fputc                                    0x08004c29   Thumb Code    24  usart6.o(i.fputc)
    invSqrt                                  0x08004c45   Thumb Code    56  euler.o(i.invSqrt)
    main                                     0x08004c81   Thumb Code     8  main.o(i.main)
    update_euler                             0x08004c89   Thumb Code   812  euler.o(i.update_euler)
    Rotate_Posi_Fan                          0x08004ff8   Data           8  rotate.o(.constdata)
    Region$$Table$$Base                      0x08005120   Number         0  anon$$obj.o(Region$$Table)
    Region$$Table$$Limit                     0x08005140   Number         0  anon$$obj.o(Region$$Table)
    Remote_FromBottomData                    0x20000000   Data           8  remotecontrol.o(.data)
    Remote_KEYVal                            0x20000008   Data           1  remotecontrol.o(.data)
    RemoteSEF_REG                            0x20000009   Data           1  remotecontrol.o(.data)
    RemoteSDF_REG                            0x2000000a   Data           1  remotecontrol.o(.data)
    GlobalMode                               0x2000000b   Data           1  mode.o(.data)
    ROTATE_FLAG_REG                          0x2000000c   Data           2  rotate.o(.data)
    Rotate_SetAngel_Bao                      0x20000010   Data           4  rotate.o(.data)
    Rotate_SetAngel_Fan                      0x20000014   Data           4  rotate.o(.data)
    Rotate_LastAngel_Bao                     0x20000018   Data           4  rotate.o(.data)
    Rotate_LastAngel_Fan                     0x2000001c   Data           4  rotate.o(.data)
    Rotate_SpeedTrans_Bao                    0x20000020   Data           4  rotate.o(.data)
    Rotate_SpeedTrans_Fan                    0x20000024   Data           4  rotate.o(.data)
    CatchBulletUnits                         0x20000028   Data         120  automove.o(.data)
    BaoUnits                                 0x200000a0   Data          72  automove.o(.data)
    CAMERA_FLAG                              0x200000ec   Data           1  camera.o(.data)
    TIM5_time_count                          0x200000fc   Data           2  timer.o(.data)
    INITREADY_FLAG                           0x200000fe   Data           1  timer.o(.data)
    current_cm_speed                         0x20000100   Data           8  can.o(.data)
    current_cm_angle                         0x20000108   Data           8  can.o(.data)
    can1_current_angel205                    0x20000110   Data           4  can.o(.data)
    can1_current_angel206                    0x20000114   Data           4  can.o(.data)
    can1_current_motor_current205            0x20000118   Data           2  can.o(.data)
    can1_current_motor_current206            0x2000011a   Data           2  can.o(.data)
    can1_current_motor_speed205              0x2000011c   Data           2  can.o(.data)
    can1_current_motor_speed206              0x2000011e   Data           2  can.o(.data)
    can1_current_motor_angel205              0x20000120   Data           2  can.o(.data)
    can1_current_motor_angel206              0x20000122   Data           2  can.o(.data)
    can1_last_motor_angel205                 0x20000124   Data           2  can.o(.data)
    can1_last_motor_angel206                 0x20000126   Data           2  can.o(.data)
    offset_x                                 0x20000130   Data           4  mpu6500.o(.data)
    offset_y                                 0x20000134   Data           4  mpu6500.o(.data)
    offset_z                                 0x20000138   Data           4  mpu6500.o(.data)
    usart6_rxbuf                             0x20000140   Data           1  usart6.o(.data)
    usart6_flag                              0x20000141   Data           1  usart6.o(.data)
    __stdout                                 0x20000144   Data           4  usart6.o(.data)
    USART_RX_STA                             0x20000148   Data           2  usart6.o(.data)
    count                                    0x2000014c   Data           4  euler.o(.data)
    Yaw_gyro                                 0x20000150   Data           4  euler.o(.data)
    Roll_gyro                                0x20000154   Data           4  euler.o(.data)
    Pitch_gyro                               0x20000158   Data           4  euler.o(.data)
    Yaw_mag                                  0x2000015c   Data           4  euler.o(.data)
    Roll_accel                               0x20000160   Data           4  euler.o(.data)
    Pitch_accel                              0x20000164   Data           4  euler.o(.data)
    Yaw_Offset                               0x20000168   Data           4  euler.o(.data)
    Pitch_Offset                             0x2000016c   Data           4  euler.o(.data)
    Roll_Offset                              0x20000170   Data           4  euler.o(.data)
    Yaw                                      0x20000174   Data           4  euler.o(.data)
    Roll                                     0x20000178   Data           4  euler.o(.data)
    Pitch                                    0x2000017c   Data           4  euler.o(.data)
    MotorSpeedPid_Bao                        0x20000198   Data          56  rotate.o(.bss)
    MotorSpeedPid_Fan                        0x200001d0   Data          56  rotate.o(.bss)
    MotorAnglePid_Fan                        0x20000208   Data          56  rotate.o(.bss)
    LedEvent                                 0x20000240   Data          16  automove.o(.bss)
    CatchBulletEvent                         0x20000250   Data          16  automove.o(.bss)
    BaoEvent                                 0x20000260   Data          16  automove.o(.bss)
    disp0                                    0x20000270   Data          32  controltask.o(.bss)
    disp1                                    0x20000290   Data          16  controltask.o(.bss)
    rx_message                               0x200002a0   Data          20  can.o(.bss)
    mpu6500_raw_data                         0x200002b4   Data          14  mpu6500.o(.bss)
    mpu6500_real_data                        0x200002c4   Data          28  mpu6500.o(.bss)
    USART_RX_BUF                             0x200002e0   Data         200  usart6.o(.bss)
    USART_RX_BUF3                            0x200003a8   Data          50  usart3.o(.bss)
    __initial_sp                             0x200007e0   Data           0  startup_stm32f4xx.o(STACK)



==============================================================================

Memory Map of the image

  Image Entry point : 0x08000189

  Load Region LR_IROM1 (Base: 0x08000000, Size: 0x000052d8, Max: 0x00200000, ABSOLUTE, COMPRESSED[0x000051c4])

    Execution Region ER_IROM1 (Exec base: 0x08000000, Load base: 0x08000000, Size: 0x00005140, Max: 0x00200000, ABSOLUTE)

    Exec Addr    Load Addr    Size         Type   Attr      Idx    E Section Name        Object

    0x08000000   0x08000000   0x00000188   Data   RO         5681    RESET               startup_stm32f4xx.o
    0x08000188   0x08000188   0x00000000   Code   RO         5754  * .ARM.Collect$$$$00000000  mc_w.l(entry.o)
    0x08000188   0x08000188   0x00000004   Code   RO         6081    .ARM.Collect$$$$00000001  mc_w.l(entry2.o)
    0x0800018c   0x0800018c   0x00000004   Code   RO         6084    .ARM.Collect$$$$00000004  mc_w.l(entry5.o)
    0x08000190   0x08000190   0x00000000   Code   RO         6086    .ARM.Collect$$$$00000008  mc_w.l(entry7b.o)
    0x08000190   0x08000190   0x00000000   Code   RO         6088    .ARM.Collect$$$$0000000A  mc_w.l(entry8b.o)
    0x08000190   0x08000190   0x00000008   Code   RO         6089    .ARM.Collect$$$$0000000B  mc_w.l(entry9a.o)
    0x08000198   0x08000198   0x00000000   Code   RO         6091    .ARM.Collect$$$$0000000D  mc_w.l(entry10a.o)
    0x08000198   0x08000198   0x00000000   Code   RO         6093    .ARM.Collect$$$$0000000F  mc_w.l(entry11a.o)
    0x08000198   0x08000198   0x00000004   Code   RO         6082    .ARM.Collect$$$$00002712  mc_w.l(entry2.o)
    0x0800019c   0x0800019c   0x00000024   Code   RO         5682    .text               startup_stm32f4xx.o
    0x080001c0   0x080001c0   0x000000e4   Code   RO         6022    .text               mf_w.l(dmul.o)
    0x080002a4   0x080002a4   0x000000de   Code   RO         6024    .text               mf_w.l(ddiv.o)
    0x08000382   0x08000382   0x00000022   Code   RO         6026    .text               mf_w.l(dflti.o)
    0x080003a4   0x080003a4   0x00000026   Code   RO         6028    .text               mf_w.l(f2d.o)
    0x080003ca   0x080003ca   0x00000002   PAD
    0x080003cc   0x080003cc   0x00000030   Code   RO         6030    .text               mf_w.l(cdcmple.o)
    0x080003fc   0x080003fc   0x00000038   Code   RO         6032    .text               mf_w.l(d2f.o)
    0x08000434   0x08000434   0x0000002c   Code   RO         6095    .text               mc_w.l(uidiv.o)
    0x08000460   0x08000460   0x00000062   Code   RO         6097    .text               mc_w.l(uldiv.o)
    0x080004c2   0x080004c2   0x00000000   Code   RO         6106    .text               mc_w.l(iusefp.o)
    0x080004c2   0x080004c2   0x0000006e   Code   RO         6107    .text               mf_w.l(fepilogue.o)
    0x08000530   0x08000530   0x000000ba   Code   RO         6109    .text               mf_w.l(depilogue.o)
    0x080005ea   0x080005ea   0x0000014e   Code   RO         6111    .text               mf_w.l(dadd.o)
    0x08000738   0x08000738   0x00000030   Code   RO         6117    .text               mf_w.l(dfixul.o)
    0x08000768   0x08000768   0x00000030   Code   RO         6119    .text               mf_w.l(cdrcmple.o)
    0x08000798   0x08000798   0x00000024   Code   RO         6121    .text               mc_w.l(init.o)
    0x080007bc   0x080007bc   0x0000001e   Code   RO         6123    .text               mc_w.l(llshl.o)
    0x080007da   0x080007da   0x00000020   Code   RO         6125    .text               mc_w.l(llushr.o)
    0x080007fa   0x080007fa   0x00000024   Code   RO         6127    .text               mc_w.l(llsshr.o)
    0x0800081e   0x0800081e   0x0000001a   Code   RO         6129    .text               mf_w.l(dfltui.o)
    0x08000838   0x08000838   0x0000003e   Code   RO         6131    .text               mf_w.l(dfixi.o)
    0x08000876   0x08000876   0x00000056   Code   RO         6141    .text               mc_w.l(__dczerorl2.o)
    0x080008cc   0x080008cc   0x00000030   Code   RO          562    i.AutoMove_BAO_Init  automove.o
    0x080008fc   0x080008fc   0x00000010   Code   RO          563    i.AutoMove_BAO_MoveDown  automove.o
    0x0800090c   0x0800090c   0x00000010   Code   RO          564    i.AutoMove_BAO_MoveUp  automove.o
    0x0800091c   0x0800091c   0x00000030   Code   RO          565    i.AutoMove_CatchBullet_Init  automove.o
    0x0800094c   0x0800094c   0x00000010   Code   RO          566    i.AutoMove_CatchBullet_MoveDown  automove.o
    0x0800095c   0x0800095c   0x0000000e   Code   RO          567    i.AutoMove_CatchBullet_MoveUp  automove.o
    0x0800096a   0x0800096a   0x0000000c   Code   RO          568    i.AutoMove_Configuration  automove.o
    0x08000976   0x08000976   0x00000002   PAD
    0x08000978   0x08000978   0x00000088   Code   RO          569    i.AutoMove_INNER    automove.o
    0x08000a00   0x08000a00   0x0000006c   Code   RO          570    i.AutoMove_Loop     automove.o
    0x08000a6c   0x08000a6c   0x0000001a   Code   RO          571    i.AutoMove_Start    automove.o
    0x08000a86   0x08000a86   0x00000044   Code   RO          747    i.BSP_Init          bsp.o
    0x08000aca   0x08000aca   0x00000004   Code   RO         5566    i.BusFault_Handler  stm32f4xx_it.o
    0x08000ace   0x08000ace   0x00000002   PAD
    0x08000ad0   0x08000ad0   0x000000b0   Code   RO         1153    i.Buzzer_Init       buzzer.o
    0x08000b80   0x08000b80   0x00000100   Code   RO          831    i.CAN1_Mode_Init    can.o
    0x08000c80   0x08000c80   0x00000274   Code   RO          832    i.CAN1_RX0_IRQHandler  can.o
    0x08000ef4   0x08000ef4   0x00000058   Code   RO          833    i.CAN1_Rotate       can.o
    0x08000f4c   0x08000f4c   0x00000048   Code   RO          834    i.CAN1_SendMessage  can.o
    0x08000f94   0x08000f94   0x000000a8   Code   RO         1673    i.CAN_ClearITPendingBit  stm32f4xx_can.o
    0x0800103c   0x0800103c   0x00000108   Code   RO         1677    i.CAN_FilterInit    stm32f4xx_can.o
    0x08001144   0x08001144   0x00000120   Code   RO         1679    i.CAN_GetITStatus   stm32f4xx_can.o
    0x08001264   0x08001264   0x00000012   Code   RO         1683    i.CAN_ITConfig      stm32f4xx_can.o
    0x08001276   0x08001276   0x00000114   Code   RO         1684    i.CAN_Init          stm32f4xx_can.o
    0x0800138a   0x0800138a   0x000000f0   Code   RO         1687    i.CAN_Receive       stm32f4xx_can.o
    0x0800147a   0x0800147a   0x00000126   Code   RO         1692    i.CAN_Transmit      stm32f4xx_can.o
    0x080015a0   0x080015a0   0x0000000c   Code   RO          647    i.Camera_Configuration  camera.o
    0x080015ac   0x080015ac   0x000000bc   Code   RO          648    i.Camera_Loop       camera.o
    0x08001668   0x08001668   0x00000012   Code   RO         1695    i.CheckITStatus     stm32f4xx_can.o
    0x0800167a   0x0800167a   0x00000002   PAD
    0x0800167c   0x0800167c   0x00000100   Code   RO          680    i.Control_Task      controltask.o
    0x0800177c   0x0800177c   0x00000014   Code   RO          338    i.Cylinder_Bao_Close  cylinder.o
    0x08001790   0x08001790   0x00000014   Code   RO          339    i.Cylinder_Bao_Open  cylinder.o
    0x080017a4   0x080017a4   0x00000014   Code   RO          341    i.Cylinder_Catch_Close  cylinder.o
    0x080017b8   0x080017b8   0x00000014   Code   RO          342    i.Cylinder_Catch_Open  cylinder.o
    0x080017cc   0x080017cc   0x00000070   Code   RO          344    i.Cylinder_Configuration  cylinder.o
    0x0800183c   0x0800183c   0x00000030   Code   RO          345    i.Cylinder_Loop     cylinder.o
    0x0800186c   0x0800186c   0x00000014   Code   RO          346    i.Cylinder_Stretch_Close  cylinder.o
    0x08001880   0x08001880   0x00000014   Code   RO          347    i.Cylinder_Stretch_Open  cylinder.o
    0x08001894   0x08001894   0x00000028   Code   RO         1183    i.DMA1_Stream1_IRQHandler  usart3.o
    0x080018bc   0x080018bc   0x00000034   Code   RO         2399    i.DMA_ClearFlag     stm32f4xx_dma.o
    0x080018f0   0x080018f0   0x00000034   Code   RO         2400    i.DMA_ClearITPendingBit  stm32f4xx_dma.o
    0x08001924   0x08001924   0x00000016   Code   RO         2401    i.DMA_Cmd           stm32f4xx_dma.o
    0x0800193a   0x0800193a   0x00000002   PAD
    0x0800193c   0x0800193c   0x00000158   Code   RO         2402    i.DMA_DeInit        stm32f4xx_dma.o
    0x08001a94   0x08001a94   0x00000064   Code   RO         2411    i.DMA_GetITStatus   stm32f4xx_dma.o
    0x08001af8   0x08001af8   0x0000003a   Code   RO         2412    i.DMA_ITConfig      stm32f4xx_dma.o
    0x08001b32   0x08001b32   0x00000002   PAD
    0x08001b34   0x08001b34   0x00000058   Code   RO         2413    i.DMA_Init          stm32f4xx_dma.o
    0x08001b8c   0x08001b8c   0x00000002   Code   RO         5567    i.DebugMon_Handler  stm32f4xx_it.o
    0x08001b8e   0x08001b8e   0x00000002   PAD
    0x08001b90   0x08001b90   0x00000040   Code   RO          268    i.Duct_Configuration  duct.o
    0x08001bd0   0x08001bd0   0x00000070   Code   RO          269    i.Duct_Loop         duct.o
    0x08001c40   0x08001c40   0x00000090   Code   RO         2940    i.GPIO_Init         stm32f4xx_gpio.o
    0x08001cd0   0x08001cd0   0x00000046   Code   RO         2941    i.GPIO_PinAFConfig  stm32f4xx_gpio.o
    0x08001d16   0x08001d16   0x00000004   Code   RO         2947    i.GPIO_ResetBits    stm32f4xx_gpio.o
    0x08001d1a   0x08001d1a   0x00000004   Code   RO         2948    i.GPIO_SetBits      stm32f4xx_gpio.o
    0x08001d1e   0x08001d1e   0x00000004   Code   RO         5568    i.HardFault_Handler  stm32f4xx_it.o
    0x08001d22   0x08001d22   0x0000001e   Code   RO         1293    i.IWDG_Configuration  iwdg.o
    0x08001d40   0x08001d40   0x00000010   Code   RO         3446    i.IWDG_Enable       stm32f4xx_iwdg.o
    0x08001d50   0x08001d50   0x00000008   Code   RO         1294    i.IWDG_FeedDog      iwdg.o
    0x08001d58   0x08001d58   0x00000010   Code   RO         3448    i.IWDG_ReloadCounter  stm32f4xx_iwdg.o
    0x08001d68   0x08001d68   0x0000000c   Code   RO         3449    i.IWDG_SetPrescaler  stm32f4xx_iwdg.o
    0x08001d74   0x08001d74   0x0000000c   Code   RO         3450    i.IWDG_SetReload    stm32f4xx_iwdg.o
    0x08001d80   0x08001d80   0x0000000c   Code   RO         3451    i.IWDG_WriteAccessCmd  stm32f4xx_iwdg.o
    0x08001d8c   0x08001d8c   0x00000030   Code   RO          681    i.Init_Task         controltask.o
    0x08001dbc   0x08001dbc   0x00000058   Code   RO         1225    i.Led_Configuration  led.o
    0x08001e14   0x08001e14   0x0000003c   Code   RO          917    i.MPU6500ReadSPI    mpu6500.o
    0x08001e50   0x08001e50   0x000001a8   Code   RO          921    i.MPU6500_Read      mpu6500.o
    0x08001ff8   0x08001ff8   0x00000004   Code   RO         5569    i.MemManage_Handler  stm32f4xx_it.o
    0x08001ffc   0x08001ffc   0x0000000c   Code   RO          302    i.Mode_Configuration  mode.o
    0x08002008   0x08002008   0x00000002   Code   RO         5570    i.NMI_Handler       stm32f4xx_it.o
    0x0800200a   0x0800200a   0x00000002   PAD
    0x0800200c   0x0800200c   0x00000078   Code   RO         1323    i.NVIC_Init         misc.o
    0x08002084   0x08002084   0x00000012   Code   RO          205    i.PID_BitIsSet      pid.o
    0x08002096   0x08002096   0x00000002   PAD
    0x08002098   0x08002098   0x00000178   Code   RO          206    i.PID_Calc          pid.o
    0x08002210   0x08002210   0x0000002c   Code   RO          207    i.PID_Driver        pid.o
    0x0800223c   0x0800223c   0x00000022   Code   RO          208    i.PID_Init          pid.o
    0x0800225e   0x0800225e   0x00000002   PAD
    0x08002260   0x08002260   0x000000a8   Code   RO          209    i.PID_PreCalc       pid.o
    0x08002308   0x08002308   0x00000002   Code   RO         5571    i.PendSV_Handler    stm32f4xx_it.o
    0x0800230a   0x0800230a   0x00000002   PAD
    0x0800230c   0x0800230c   0x00000020   Code   RO         3590    i.RCC_AHB1PeriphClockCmd  stm32f4xx_rcc.o
    0x0800232c   0x0800232c   0x00000020   Code   RO         3599    i.RCC_APB1PeriphClockCmd  stm32f4xx_rcc.o
    0x0800234c   0x0800234c   0x00000020   Code   RO         3601    i.RCC_APB1PeriphResetCmd  stm32f4xx_rcc.o
    0x0800236c   0x0800236c   0x00000020   Code   RO         3602    i.RCC_APB2PeriphClockCmd  stm32f4xx_rcc.o
    0x0800238c   0x0800238c   0x00000020   Code   RO         3604    i.RCC_APB2PeriphResetCmd  stm32f4xx_rcc.o
    0x080023ac   0x080023ac   0x000000e8   Code   RO         3611    i.RCC_GetClocksFreq  stm32f4xx_rcc.o
    0x08002494   0x08002494   0x00000038   Code   RO            4    i.RemoteControlLoop  remotecontrol.o
    0x080024cc   0x080024cc   0x00000014   Code   RO          422    i.Rotate_Bao_DirePos  rotate.o
    0x080024e0   0x080024e0   0x00000014   Code   RO          423    i.Rotate_Bao_DireRev  rotate.o
    0x080024f4   0x080024f4   0x00000014   Code   RO          425    i.Rotate_Bao_Start  rotate.o
    0x08002508   0x08002508   0x00000014   Code   RO          426    i.Rotate_Bao_Stop   rotate.o
    0x0800251c   0x0800251c   0x00000114   Code   RO          428    i.Rotate_CalcSpeed  rotate.o
    0x08002630   0x08002630   0x0000005c   Code   RO          429    i.Rotate_CheckGoal  rotate.o
    0x0800268c   0x0800268c   0x000000c0   Code   RO          430    i.Rotate_Configuration  rotate.o
    0x0800274c   0x0800274c   0x00000028   Code   RO          431    i.Rotate_Fan        rotate.o
    0x08002774   0x08002774   0x0000002e   Code   RO          432    i.Rotate_Legalize   rotate.o
    0x080027a2   0x080027a2   0x00000002   PAD
    0x080027a4   0x080027a4   0x00000088   Code   RO          433    i.Rotate_Loop       rotate.o
    0x0800282c   0x0800282c   0x00000118   Code   RO          434    i.Rotate_Move       rotate.o
    0x08002944   0x08002944   0x0000000c   Code   RO          435    i.Rotate_Stop       rotate.o
    0x08002950   0x08002950   0x000000ec   Code   RO          886    i.SPI5Init          spi.o
    0x08002a3c   0x08002a3c   0x00000050   Code   RO          887    i.SPI5ReadWriteByte  spi.o
    0x08002a8c   0x08002a8c   0x00000002   Code   RO         5572    i.SVC_Handler       stm32f4xx_it.o
    0x08002a8e   0x08002a8e   0x00000002   Code   RO          529    i.Servo_Configuration  servo.o
    0x08002a90   0x08002a90   0x0000006c   Code   RO          530    i.Servo_Loop        servo.o
    0x08002afc   0x08002afc   0x00000010   Code   RO          211    i.SetPIDCR          pid.o
    0x08002b0c   0x08002b0c   0x000000ec   Code   RO         5641    i.SetSysClock       system_stm32f4xx.o
    0x08002bf8   0x08002bf8   0x00000028   Code   RO         1327    i.SysTick_CLKSourceConfig  misc.o
    0x08002c20   0x08002c20   0x00000002   Code   RO         5573    i.SysTick_Handler   stm32f4xx_it.o
    0x08002c22   0x08002c22   0x00000002   PAD
    0x08002c24   0x08002c24   0x00000068   Code   RO         5643    i.SystemInit        system_stm32f4xx.o
    0x08002c8c   0x08002c8c   0x0000001c   Code   RO          771    i.TIM2_IRQHandler   timer.o
    0x08002ca8   0x08002ca8   0x0000005a   Code   RO          772    i.TIM2_Init         timer.o
    0x08002d02   0x08002d02   0x00000002   PAD
    0x08002d04   0x08002d04   0x000000fc   Code   RO          773    i.TIM4_Init         timer.o
    0x08002e00   0x08002e00   0x00000030   Code   RO          774    i.TIM5_IRQHandler   timer.o
    0x08002e30   0x08002e30   0x0000005c   Code   RO          775    i.TIM5_Init         timer.o
    0x08002e8c   0x08002e8c   0x000000cc   Code   RO          776    i.TIM8_Init         timer.o
    0x08002f58   0x08002f58   0x00000018   Code   RO         4737    i.TIM_ARRPreloadConfig  stm32f4xx_tim.o
    0x08002f70   0x08002f70   0x00000006   Code   RO         4744    i.TIM_ClearITPendingBit  stm32f4xx_tim.o
    0x08002f76   0x08002f76   0x00000018   Code   RO         4749    i.TIM_Cmd           stm32f4xx_tim.o
    0x08002f8e   0x08002f8e   0x0000001e   Code   RO         4751    i.TIM_CtrlPWMOutputs  stm32f4xx_tim.o
    0x08002fac   0x08002fac   0x00000022   Code   RO         4770    i.TIM_GetITStatus   stm32f4xx_tim.o
    0x08002fce   0x08002fce   0x00000012   Code   RO         4774    i.TIM_ITConfig      stm32f4xx_tim.o
    0x08002fe0   0x08002fe0   0x0000007c   Code   RO         4778    i.TIM_OC1Init       stm32f4xx_tim.o
    0x0800305c   0x0800305c   0x00000012   Code   RO         4781    i.TIM_OC1PreloadConfig  stm32f4xx_tim.o
    0x0800306e   0x0800306e   0x00000002   PAD
    0x08003070   0x08003070   0x000000a4   Code   RO         4783    i.TIM_OC2Init       stm32f4xx_tim.o
    0x08003114   0x08003114   0x0000001a   Code   RO         4786    i.TIM_OC2PreloadConfig  stm32f4xx_tim.o
    0x0800312e   0x0800312e   0x00000002   PAD
    0x08003130   0x08003130   0x000000a0   Code   RO         4788    i.TIM_OC3Init       stm32f4xx_tim.o
    0x080031d0   0x080031d0   0x00000012   Code   RO         4791    i.TIM_OC3PreloadConfig  stm32f4xx_tim.o
    0x080031e2   0x080031e2   0x00000002   PAD
    0x080031e4   0x080031e4   0x00000078   Code   RO         4793    i.TIM_OC4Init       stm32f4xx_tim.o
    0x0800325c   0x0800325c   0x0000001a   Code   RO         4795    i.TIM_OC4PreloadConfig  stm32f4xx_tim.o
    0x08003276   0x08003276   0x00000004   Code   RO         4811    i.TIM_SetCompare1   stm32f4xx_tim.o
    0x0800327a   0x0800327a   0x00000004   Code   RO         4812    i.TIM_SetCompare2   stm32f4xx_tim.o
    0x0800327e   0x0800327e   0x00000004   Code   RO         4813    i.TIM_SetCompare3   stm32f4xx_tim.o
    0x08003282   0x08003282   0x00000004   Code   RO         4814    i.TIM_SetCompare4   stm32f4xx_tim.o
    0x08003286   0x08003286   0x00000002   PAD
    0x08003288   0x08003288   0x00000084   Code   RO         4821    i.TIM_TimeBaseInit  stm32f4xx_tim.o
    0x0800330c   0x0800330c   0x00000124   Code   RO         1185    i.USART3_DMA_Init   usart3.o
    0x08003430   0x08003430   0x000000b4   Code   RO         1002    i.USART6_Configuration  usart6.o
    0x080034e4   0x080034e4   0x000000a0   Code   RO         1003    i.USART6_IRQHandler  usart6.o
    0x08003584   0x08003584   0x00000012   Code   RO         5302    i.USART_ClearFlag   stm32f4xx_usart.o
    0x08003596   0x08003596   0x00000018   Code   RO         5306    i.USART_Cmd         stm32f4xx_usart.o
    0x080035ae   0x080035ae   0x00000012   Code   RO         5307    i.USART_DMACmd      stm32f4xx_usart.o
    0x080035c0   0x080035c0   0x000000b4   Code   RO         5308    i.USART_DeInit      stm32f4xx_usart.o
    0x08003674   0x08003674   0x00000054   Code   RO         5310    i.USART_GetITStatus  stm32f4xx_usart.o
    0x080036c8   0x080036c8   0x0000004a   Code   RO         5312    i.USART_ITConfig    stm32f4xx_usart.o
    0x08003712   0x08003712   0x00000002   PAD
    0x08003714   0x08003714   0x000000d4   Code   RO         5313    i.USART_Init        stm32f4xx_usart.o
    0x080037e8   0x080037e8   0x0000000a   Code   RO         5320    i.USART_ReceiveData  stm32f4xx_usart.o
    0x080037f2   0x080037f2   0x00000004   Code   RO         5574    i.UsageFault_Handler  stm32f4xx_it.o
    0x080037f6   0x080037f6   0x00000002   PAD
    0x080037f8   0x080037f8   0x00000058   Code   RO          682    i.WholeInitTask     controltask.o
    0x08003850   0x08003850   0x00000020   Code   RO         5994    i.__0printf         mc_w.l(printfa.o)
    0x08003870   0x08003870   0x00000030   Code   RO         6065    i.__ARM_fpclassify  m_wm.l(fpclassify.o)
    0x080038a0   0x080038a0   0x000000c8   Code   RO         5712    i.__hardfp_cos      m_wm.l(cos.o)
    0x08003968   0x08003968   0x00000014   Code   RO         5724    i.__hardfp_fabs     m_wm.l(fabs.o)
    0x0800397c   0x0800397c   0x00000004   PAD
    0x08003980   0x08003980   0x000000c8   Code   RO         5730    i.__hardfp_sin      m_wm.l(sin.o)
    0x08003a48   0x08003a48   0x00000438   Code   RO         6070    i.__ieee754_rem_pio2  m_wm.l(rred.o)
    0x08003e80   0x08003e80   0x00000170   Code   RO         6048    i.__kernel_cos      m_wm.l(cos_i.o)
    0x08003ff0   0x08003ff0   0x000000f8   Code   RO         6067    i.__kernel_poly     m_wm.l(poly.o)
    0x080040e8   0x080040e8   0x00000130   Code   RO         6075    i.__kernel_sin      m_wm.l(sin_i.o)
    0x08004218   0x08004218   0x00000014   Code   RO         6052    i.__mathlib_dbl_infnan  m_wm.l(dunder.o)
    0x0800422c   0x0800422c   0x00000004   PAD
    0x08004230   0x08004230   0x00000020   Code   RO         6054    i.__mathlib_dbl_invalid  m_wm.l(dunder.o)
    0x08004250   0x08004250   0x00000020   Code   RO         6057    i.__mathlib_dbl_underflow  m_wm.l(dunder.o)
    0x08004270   0x08004270   0x0000000e   Code   RO         6135    i.__scatterload_copy  mc_w.l(handlers.o)
    0x0800427e   0x0800427e   0x00000002   Code   RO         6136    i.__scatterload_null  mc_w.l(handlers.o)
    0x08004280   0x08004280   0x0000000e   Code   RO         6137    i.__scatterload_zeroinit  mc_w.l(handlers.o)
    0x0800428e   0x0800428e   0x00000002   PAD
    0x08004290   0x08004290   0x0000000c   Code   RO         6101    i.__set_errno       mc_w.l(errno.o)
    0x0800429c   0x0800429c   0x00000184   Code   RO         6001    i._fp_digits        mc_w.l(printfa.o)
    0x08004420   0x08004420   0x000006dc   Code   RO         6002    i._printf_core      mc_w.l(printfa.o)
    0x08004afc   0x08004afc   0x00000024   Code   RO         6003    i._printf_post_padding  mc_w.l(printfa.o)
    0x08004b20   0x08004b20   0x0000002e   Code   RO         6004    i._printf_pre_padding  mc_w.l(printfa.o)
    0x08004b4e   0x08004b4e   0x00000002   PAD
    0x08004b50   0x08004b50   0x0000003c   Code   RO         1249    i.delay_init        delay.o
    0x08004b8c   0x08004b8c   0x00000038   Code   RO         1250    i.delay_ms          delay.o
    0x08004bc4   0x08004bc4   0x0000004c   Code   RO         1252    i.delay_xms         delay.o
    0x08004c10   0x08004c10   0x00000018   Code   RO         5726    i.fabs              m_wm.l(fabs.o)
    0x08004c28   0x08004c28   0x0000001c   Code   RO         1005    i.fputc             usart6.o
    0x08004c44   0x08004c44   0x0000003c   Code   RO         1064    i.invSqrt           euler.o
    0x08004c80   0x08004c80   0x00000008   Code   RO          723    i.main              main.o
    0x08004c88   0x08004c88   0x00000370   Code   RO         1065    i.update_euler      euler.o
    0x08004ff8   0x08004ff8   0x00000008   Data   RO          437    .constdata          rotate.o
    0x08005000   0x08005000   0x00000030   Data   RO         6049    .constdata          m_wm.l(cos_i.o)
    0x08005030   0x08005030   0x000000c8   Data   RO         6072    .constdata          m_wm.l(rred.o)
    0x080050f8   0x080050f8   0x00000028   Data   RO         6076    .constdata          m_wm.l(sin_i.o)
    0x08005120   0x08005120   0x00000020   Data   RO         6133    Region$$Table       anon$$obj.o


    Execution Region RW_IRAM1 (Exec base: 0x20000000, Load base: 0x08005140, Size: 0x000007e0, Max: 0x00030000, ABSOLUTE, COMPRESSED[0x00000084])

    Exec Addr    Load Addr    Size         Type   Attr      Idx    E Section Name        Object

    0x20000000   COMPRESSED   0x0000000b   Data   RW            5    .data               remotecontrol.o
    0x2000000b   COMPRESSED   0x00000001   Data   RW          304    .data               mode.o
    0x2000000c   COMPRESSED   0x0000001c   Data   RW          438    .data               rotate.o
    0x20000028   COMPRESSED   0x000000c4   Data   RW          573    .data               automove.o
    0x200000ec   COMPRESSED   0x00000008   Data   RW          649    .data               camera.o
    0x200000f4   COMPRESSED   0x00000008   Data   RW          684    .data               controltask.o
    0x200000fc   COMPRESSED   0x00000003   Data   RW          777    .data               timer.o
    0x200000ff   COMPRESSED   0x00000001   PAD
    0x20000100   COMPRESSED   0x00000030   Data   RW          837    .data               can.o
    0x20000130   COMPRESSED   0x00000010   Data   RW          927    .data               mpu6500.o
    0x20000140   COMPRESSED   0x0000000a   Data   RW         1007    .data               usart6.o
    0x2000014a   COMPRESSED   0x00000002   PAD
    0x2000014c   COMPRESSED   0x00000034   Data   RW         1066    .data               euler.o
    0x20000180   COMPRESSED   0x00000004   Data   RW         1253    .data               delay.o
    0x20000184   COMPRESSED   0x00000010   Data   RW         3634    .data               stm32f4xx_rcc.o
    0x20000194   COMPRESSED   0x00000004   Data   RW         6102    .data               mc_w.l(errno.o)
    0x20000198        -       0x000000a8   Zero   RW          436    .bss                rotate.o
    0x20000240        -       0x00000030   Zero   RW          572    .bss                automove.o
    0x20000270        -       0x00000030   Zero   RW          683    .bss                controltask.o
    0x200002a0        -       0x00000014   Zero   RW          836    .bss                can.o
    0x200002b4        -       0x0000002c   Zero   RW          926    .bss                mpu6500.o
    0x200002e0        -       0x000000c8   Zero   RW         1006    .bss                usart6.o
    0x200003a8        -       0x00000032   Zero   RW         1186    .bss                usart3.o
    0x200003da   COMPRESSED   0x00000006   PAD
    0x200003e0        -       0x00000400   Zero   RW         5679    STACK               startup_stm32f4xx.o


==============================================================================

Image component sizes


      Code (inc. data)   RO Data    RW Data    ZI Data      Debug   Object Name

       440         40          0        196         48       6418   automove.o
        68          0          0          0          0        499   bsp.o
       176         10          0          0          0        682   buzzer.o
       200         26          0          8          0       1523   camera.o
      1044         94          0         48         20       4425   can.o
       392         44          0          8         48       2173   controltask.o
       280         46          0          0          0       3852   cylinder.o
       192         12          0          4          0       1876   delay.o
       176         18          0          0          0        977   duct.o
       940         72          0         52          0       2393   euler.o
        38          0          0          0          0        948   iwdg.o
        88          8          0          0          0        540   led.o
         8          0          0          0          0        439   main.o
       160         14          0          0          0      16214   misc.o
        12          4          0          1          0        998   mode.o
       484         42          0         16         44       6710   mpu6500.o
       656         16          0          0          0       4367   pid.o
        56         22          0         11          0     268274   remotecontrol.o
      1154        168          8         28        168       8307   rotate.o
       110         12          0          0          0        943   servo.o
       316         24          0          0          0       1279   spi.o
        36          8        392          0       1024        800   startup_stm32f4xx.o
      1566         16          0          0          0      14970   stm32f4xx_can.o
       716         72          0          0          0      18635   stm32f4xx_dma.o
       222          0          0          0          0       9403   stm32f4xx_gpio.o
        26          0          0          0          0       3962   stm32f4xx_it.o
        68         30          0          0          0       2698   stm32f4xx_iwdg.o
       392         48          0         16          0      18637   stm32f4xx_rcc.o
       940         66          0          0          0      32706   stm32f4xx_tim.o
       620         32          0          0          0      12322   stm32f4xx_usart.o
       340         32          0          0          0       1437   system_stm32f4xx.o
       714         32          0          3          0       3785   timer.o
       332         32          0          0         50       1760   usart3.o
       368         34          0         10        200       3864   usart6.o

    ----------------------------------------------------------------------
     13368       1074        432        404       1608     458816   Object Totals
         0          0         32          0          0          0   (incl. Generated)
        38          0          0          3          6          0   (incl. Padding)

    ----------------------------------------------------------------------

      Code (inc. data)   RO Data    RW Data    ZI Data      Debug   Library Member Name

       200         20          0          0          0        164   cos.o
       368         46         48          0          0        200   cos_i.o
        84         16          0          0          0        372   dunder.o
        44          0          0          0          0        248   fabs.o
        48          0          0          0          0        124   fpclassify.o
       248          0          0          0          0        152   poly.o
      1080        142        200          0          0        188   rred.o
       200         20          0          0          0        164   sin.o
       304         24         40          0          0        208   sin_i.o
        86          0          0          0          0          0   __dczerorl2.o
         0          0          0          0          0          0   entry.o
         0          0          0          0          0          0   entry10a.o
         0          0          0          0          0          0   entry11a.o
         8          4          0          0          0          0   entry2.o
         4          0          0          0          0          0   entry5.o
         0          0          0          0          0          0   entry7b.o
         0          0          0          0          0          0   entry8b.o
         8          4          0          0          0          0   entry9a.o
        12          6          0          4          0         68   errno.o
        30          0          0          0          0          0   handlers.o
        36          8          0          0          0         68   init.o
         0          0          0          0          0          0   iusefp.o
        30          0          0          0          0         68   llshl.o
        36          0          0          0          0         68   llsshr.o
        32          0          0          0          0         68   llushr.o
      2258         90          0          0          0        452   printfa.o
        44          0          0          0          0         80   uidiv.o
        98          0          0          0          0         92   uldiv.o
        48          0          0          0          0         68   cdcmple.o
        48          0          0          0          0         68   cdrcmple.o
        56          0          0          0          0         88   d2f.o
       334          0          0          0          0        148   dadd.o
       222          0          0          0          0        100   ddiv.o
       186          0          0          0          0        176   depilogue.o
        62          0          0          0          0         80   dfixi.o
        48          0          0          0          0         68   dfixul.o
        34          0          0          0          0         76   dflti.o
        26          0          0          0          0         76   dfltui.o
       228          0          0          0          0         96   dmul.o
        38          0          0          0          0         68   f2d.o
       110          0          0          0          0        168   fepilogue.o

    ----------------------------------------------------------------------
      6712        380        288          4          0       4064   Library Totals
        14          0          0          0          0          0   (incl. Padding)

    ----------------------------------------------------------------------

      Code (inc. data)   RO Data    RW Data    ZI Data      Debug   Library Name

      2576        268        288          0          0       1820   m_wm.l
      2682        112          0          4          0        964   mc_w.l
      1440          0          0          0          0       1280   mf_w.l

    ----------------------------------------------------------------------
      6712        380        288          4          0       4064   Library Totals

    ----------------------------------------------------------------------

==============================================================================


      Code (inc. data)   RO Data    RW Data    ZI Data      Debug   

     20080       1454        720        408       1608     447120   Grand Totals
     20080       1454        720        132       1608     447120   ELF Image Totals (compressed)
     20080       1454        720        132          0          0   ROM Totals

==============================================================================

    Total RO  Size (Code + RO Data)                20800 (  20.31kB)
    Total RW  Size (RW Data + ZI Data)              2016 (   1.97kB)
    Total ROM Size (Code + RO Data + RW Data)      20932 (  20.44kB)

==============================================================================

