Component: ARM Compiler 5.06 update 5 (build 528) Tool: armlink [4d35e2]

==============================================================================

Section Cross References

    remotecontrol.o(i.GimbalSwitchJudge) refers to gimbalcontrol.o(i.GimbalPidInitPrepare) for GimbalPidInitPrepare
    remotecontrol.o(i.GimbalSwitchJudge) refers to remotecontrol.o(.data) for remoteState_ex
    remotecontrol.o(i.GimbalSwitchJudge) refers to timer.o(.data) for flag_Ready
    remotecontrol.o(i.RemoteControlInit) refers to rc.o(i.ItoE) for ItoE
    remotecontrol.o(i.RemoteControlInit) refers to remotecontrol.o(.data) for remoteState
    remotecontrol.o(i.RemoteControlLoop) refers to rc.o(i.ItoE) for ItoE
    remotecontrol.o(i.RemoteControlLoop) refers to remotecontrol.o(i.RemoteStateFSM) for RemoteStateFSM
    remotecontrol.o(i.RemoteControlLoop) refers to remotecontrol.o(i.GimbalSwitchJudge) for GimbalSwitchJudge
    remotecontrol.o(i.RemoteStateFSM) refers to timer.o(.data) for flag_Ready
    remotecontrol.o(i.RemoteStateFSM) refers to rc.o(.bss) for RC_Ex_Ctl
    remotecontrol.o(i.RemoteStateFSM) refers to remotecontrol.o(.data) for remoteState
    cmcontrol.o(i.CMControlInit) refers to cmcontrol.o(i.CMPID_Init) for CMPID_Init
    cmcontrol.o(i.CMControlInit) refers to cmcontrol.o(i.CMControlOut) for CMControlOut
    cmcontrol.o(i.CMControlLoop) refers to cmcontrol.o(i.CMControlOut) for CMControlOut
    cmcontrol.o(i.CMControlLoop) refers to cmcontrol.o(i.keyboardmove_old) for keyboardmove_old
    cmcontrol.o(i.CMControlLoop) refers to cmcontrol.o(i.CMStop) for CMStop
    cmcontrol.o(i.CMControlLoop) refers to cmcontrol.o(i.followValCal) for followValCal
    cmcontrol.o(i.CMControlLoop) refers to remotecontrol.o(.data) for remoteState
    cmcontrol.o(i.CMControlLoop) refers to rc.o(.bss) for RC_Ex_Ctl
    cmcontrol.o(i.CMControlLoop) refers to cmcontrol.o(.data) for follow_val_temp
    cmcontrol.o(i.CMControlOut) refers to pid.o(i.PID_Driver) for PID_Driver
    cmcontrol.o(i.CMControlOut) refers to monitorcontrol.o(i.CMWatt_Cal) for CMWatt_Cal
    cmcontrol.o(i.CMControlOut) refers to cmcontrol.o(i.CMSpeedLegalize) for CMSpeedLegalize
    cmcontrol.o(i.CMControlOut) refers to can.o(i.CAN1_Send_Bottom) for CAN1_Send_Bottom
    cmcontrol.o(i.CMControlOut) refers to cmcontrol.o(.bss) for CMPid
    cmcontrol.o(i.CMControlOut) refers to can.o(.data) for current_cm_201
    cmcontrol.o(i.CMControlOut) refers to monitorcontrol.o(.data) for ele_cal
    cmcontrol.o(i.CMControlOut) refers to cmcontrol.o(.data) for ele_dec
    cmcontrol.o(i.CMPID_Init) refers to pid.o(i.PID_Init) for PID_Init
    cmcontrol.o(i.CMPID_Init) refers to pid.o(i.SetPIDCR) for SetPIDCR
    cmcontrol.o(i.CMPID_Init) refers to cmcontrol.o(.bss) for CMPid
    cmcontrol.o(i.CMStop) refers to can.o(i.CAN1_Send_Bottom) for CAN1_Send_Bottom
    cmcontrol.o(i.followValCal) refers to pid.o(i.PID_Driver) for PID_Driver
    cmcontrol.o(i.followValCal) refers to cmcontrol.o(i.CMSpeedLegalize) for CMSpeedLegalize
    cmcontrol.o(i.followValCal) refers to gimbalcontrol.o(.data) for position_yaw_relative
    cmcontrol.o(i.followValCal) refers to cmcontrol.o(.bss) for CMFollowPid
    cmcontrol.o(i.keyboardmove_old) refers to cmcontrol.o(.data) for quick_spin_flag
    cmcontrol.o(i.keyboardmove_old) refers to remotecontrol.o(.data) for remoteState
    cmcontrol.o(i.keyboardmove_old) refers to cmcontrol.o(i.move) for move
    cmcontrol.o(i.move) refers to cmcontrol.o(i.CMSpeedLegalize) for CMSpeedLegalize
    cmcontrol.o(i.move) refers to cmcontrol.o(i.CMControlOut) for CMControlOut
    cmcontrol.o(i.move) refers to cmcontrol.o(.data) for quick_spin_flag
    cmcontrol.o(i.move) refers to remotecontrol.o(.data) for remoteState
    pid.o(i.PID_Calc) refers to pid.o(i.PID_BitIsSet) for PID_BitIsSet
    pid.o(i.PID_Calc) refers to pid.o(i.PID_PreCalc) for PID_PreCalc
    pid.o(i.PID_Driver) refers to pid.o(i.PID_Calc) for PID_Calc
    pid.o(i.PID_PreCalc) refers to pid.o(i.PID_BitIsSet) for PID_BitIsSet
    pid.o(i.PidValControl) refers to f2d.o(.text) for __aeabi_f2d
    pid.o(i.PidValControl) refers to printfa.o(i.__0printf) for __2printf
    pid.o(i.PidValControl) refers to pid.o(i.PID_Init) for PID_Init
    pid.o(i.PidValControl) refers to pid.o(i.SetPIDCR) for SetPIDCR
    pid.o(i.PidValControl) refers to usart6.o(.data) for usart6_rxbuf
    pid.o(i.PidValControl) refers to pid.o(.data) for test_p
    gimbalcontrol.o(i.GimbalControlInit) refers to gimbalcontrol.o(i.GimbalPidInitPrepare) for GimbalPidInitPrepare
    gimbalcontrol.o(i.GimbalControlInit) refers to gimbalcontrol.o(i.GimbalStop) for GimbalStop
    gimbalcontrol.o(i.GimbalControlInit) refers to can.o(i.CAN1_Cmd_All) for CAN1_Cmd_All
    gimbalcontrol.o(i.GimbalControlInit) refers to gimbalcontrol.o(.data) for PIDOut_Whole_Pit
    gimbalcontrol.o(i.GimbalControlLoop) refers to gimbalcontrol.o(i.GimbalValLigal) for GimbalValLigal
[...]
    CAN2_SCE_IRQHandler                      0x080001b7   Thumb Code     0  startup_stm32f4xx.o(.text)
    CAN2_TX_IRQHandler                       0x080001b7   Thumb Code     0  startup_stm32f4xx.o(.text)
    CRYP_IRQHandler                          0x080001b7   Thumb Code     0  startup_stm32f4xx.o(.text)
    DCMI_IRQHandler                          0x080001b7   Thumb Code     0  startup_stm32f4xx.o(.text)
    DMA1_Stream0_IRQHandler                  0x080001b7   Thumb Code     0  startup_stm32f4xx.o(.text)
    DMA1_Stream2_IRQHandler                  0x080001b7   Thumb Code     0  startup_stm32f4xx.o(.text)
    DMA1_Stream3_IRQHandler                  0x080001b7   Thumb Code     0  startup_stm32f4xx.o(.text)
    DMA1_Stream4_IRQHandler                  0x080001b7   Thumb Code     0  startup_stm32f4xx.o(.text)
    DMA1_Stream5_IRQHandler                  0x080001b7   Thumb Code     0  startup_stm32f4xx.o(.text)
    DMA1_Stream6_IRQHandler                  0x080001b7   Thumb Code     0  startup_stm32f4xx.o(.text)
    DMA1_Stream7_IRQHandler                  0x080001b7   Thumb Code     0  startup_stm32f4xx.o(.text)
    DMA2_Stream0_IRQHandler                  0x080001b7   Thumb Code     0  startup_stm32f4xx.o(.text)
    DMA2_Stream3_IRQHandler                  0x080001b7   Thumb Code     0  startup_stm32f4xx.o(.text)
    DMA2_Stream4_IRQHandler                  0x080001b7   Thumb Code     0  startup_stm32f4xx.o(.text)
    DMA2_Stream5_IRQHandler                  0x080001b7   Thumb Code     0  startup_stm32f4xx.o(.text)
    DMA2_Stream7_IRQHandler                  0x080001b7   Thumb Code     0  startup_stm32f4xx.o(.text)
    ETH_IRQHandler                           0x080001b7   Thumb Code     0  startup_stm32f4xx.o(.text)
    ETH_WKUP_IRQHandler                      0x080001b7   Thumb Code     0  startup_stm32f4xx.o(.text)
    EXTI0_IRQHandler                         0x080001b7   Thumb Code     0  startup_stm32f4xx.o(.text)
    EXTI15_10_IRQHandler                     0x080001b7   Thumb Code     0  startup_stm32f4xx.o(.text)
    EXTI1_IRQHandler                         0x080001b7   Thumb Code     0  startup_stm32f4xx.o(.text)
    EXTI2_IRQHandler                         0x080001b7   Thumb Code     0  startup_stm32f4xx.o(.text)
    EXTI3_IRQHandler                         0x080001b7   Thumb Code     0  startup_stm32f4xx.o(.text)
    EXTI4_IRQHandler                         0x080001b7   Thumb Code     0  startup_stm32f4xx.o(.text)
    EXTI9_5_IRQHandler                       0x080001b7   Thumb Code     0  startup_stm32f4xx.o(.text)
    FLASH_IRQHandler                         0x080001b7   Thumb Code     0  startup_stm32f4xx.o(.text)
    FPU_IRQHandler                           0x080001b7   Thumb Code     0  startup_stm32f4xx.o(.text)
    FSMC_IRQHandler                          0x080001b7   Thumb Code     0  startup_stm32f4xx.o(.text)
    HASH_RNG_IRQHandler                      0x080001b7   Thumb Code     0  startup_stm32f4xx.o(.text)
    I2C1_ER_IRQHandler                       0x080001b7   Thumb Code     0  startup_stm32f4xx.o(.text)
    I2C1_EV_IRQHandler                       0x080001b7   Thumb Code     0  startup_stm32f4xx.o(.text)
    I2C2_ER_IRQHandler                       0x080001b7   Thumb Code     0  startup_stm32f4xx.o(.text)
    I2C2_EV_IRQHandler                       0x080001b7   Thumb Code     0  startup_stm32f4xx.o(.text)
    I2C3_ER_IRQHandler                       0x080001b7   Thumb Code     0  startup_stm32f4xx.o(.text)
    I2C3_EV_IRQHandler                       0x080001b7   Thumb Code     0  startup_stm32f4xx.o(.text)
    OTG_FS_IRQHandler                        0x080001b7   Thumb Code     0  startup_stm32f4xx.o(.text)
    OTG_FS_WKUP_IRQHandler                   0x080001b7   Thumb Code     0  startup_stm32f4xx.o(.text)
    OTG_HS_EP1_IN_IRQHandler                 0x080001b7   Thumb Code     0  startup_stm32f4xx.o(.text)
    OTG_HS_EP1_OUT_IRQHandler                0x080001b7   Thumb Code     0  startup_stm32f4xx.o(.text)
    OTG_HS_IRQHandler                        0x080001b7   Thumb Code     0  startup_stm32f4xx.o(.text)
    OTG_HS_WKUP_IRQHandler                   0x080001b7   Thumb Code     0  startup_stm32f4xx.o(.text)
    PVD_IRQHandler                           0x080001b7   Thumb Code     0  startup_stm32f4xx.o(.text)
    RCC_IRQHandler                           0x080001b7   Thumb Code     0  startup_stm32f4xx.o(.text)
    RTC_Alarm_IRQHandler                     0x080001b7   Thumb Code     0  startup_stm32f4xx.o(.text)
    RTC_WKUP_IRQHandler                      0x080001b7   Thumb Code     0  startup_stm32f4xx.o(.text)
    SDIO_IRQHandler                          0x080001b7   Thumb Code     0  startup_stm32f4xx.o(.text)
    SPI1_IRQHandler                          0x080001b7   Thumb Code     0  startup_stm32f4xx.o(.text)
    SPI2_IRQHandler                          0x080001b7   Thumb Code     0  startup_stm32f4xx.o(.text)
    SPI3_IRQHandler                          0x080001b7   Thumb Code     0  startup_stm32f4xx.o(.text)
    TAMP_STAMP_IRQHandler                    0x080001b7   Thumb Code     0  startup_stm32f4xx.o(.text)
    TIM1_BRK_TIM9_IRQHandler                 0x080001b7   Thumb Code     0  startup_stm32f4xx.o(.text)
    TIM1_CC_IRQHandler                       0x080001b7   Thumb Code     0  startup_stm32f4xx.o(.text)
    TIM1_TRG_COM_TIM11_IRQHandler            0x080001b7   Thumb Code     0  startup_stm32f4xx.o(.text)
    TIM1_UP_TIM10_IRQHandler                 0x080001b7   Thumb Code     0  startup_stm32f4xx.o(.text)
    TIM3_IRQHandler                          0x080001b7   Thumb Code     0  startup_stm32f4xx.o(.text)
    TIM4_IRQHandler                          0x080001b7   Thumb Code     0  startup_stm32f4xx.o(.text)
    TIM6_DAC_IRQHandler                      0x080001b7   Thumb Code     0  startup_stm32f4xx.o(.text)
    TIM7_IRQHandler                          0x080001b7   Thumb Code     0  startup_stm32f4xx.o(.text)
    TIM8_BRK_TIM12_IRQHandler                0x080001b7   Thumb Code     0  startup_stm32f4xx.o(.text)
    TIM8_CC_IRQHandler                       0x080001b7   Thumb Code     0  startup_stm32f4xx.o(.text)
    TIM8_TRG_COM_TIM14_IRQHandler            0x080001b7   Thumb Code     0  startup_stm32f4xx.o(.text)
    TIM8_UP_TIM13_IRQHandler                 0x080001b7   Thumb Code     0  startup_stm32f4xx.o(.text)
    UART4_IRQHandler                         0x080001b7   Thumb Code     0  startup_stm32f4xx.o(.text)
    UART5_IRQHandler                         0x080001b7   Thumb Code     0  startup_stm32f4xx.o(.text)
    USART1_IRQHandler                        0x080001b7   Thumb Code     0  startup_stm32f4xx.o(.text)
    USART2_IRQHandler                        0x080001b7   Thumb Code     0  startup_stm32f4xx.o(.text)
    USART3_IRQHandler                        0x080001b7   Thumb Code     0  startup_stm32f4xx.o(.text)
    USART6_IRQHandler                        0x080001b7   Thumb Code     0  startup_stm32f4xx.o(.text)
    WWDG_IRQHandler                          0x080001b7   Thumb Code     0  startup_stm32f4xx.o(.text)
    __aeabi_dadd                             0x080001c1   Thumb Code   322  dadd.o(.text)
    __aeabi_dsub                             0x08000303   Thumb Code     6  dadd.o(.text)
    __aeabi_drsub                            0x08000309   Thumb Code     6  dadd.o(.text)
    __aeabi_dmul                             0x0800030f   Thumb Code   228  dmul.o(.text)
    __aeabi_ddiv                             0x080003f3   Thumb Code   222  ddiv.o(.text)
    __aeabi_i2d                              0x080004d1   Thumb Code    34  dflti.o(.text)
    __aeabi_ui2d                             0x080004f3   Thumb Code    26  dfltui.o(.text)
    __aeabi_f2d                              0x0800050d   Thumb Code    38  f2d.o(.text)
    __aeabi_cdrcmple                         0x08000535   Thumb Code    48  cdrcmple.o(.text)
    __aeabi_d2f                              0x08000565   Thumb Code    56  d2f.o(.text)
    __aeabi_llsl                             0x0800059d   Thumb Code    30  llshl.o(.text)
    _ll_shift_l                              0x0800059d   Thumb Code     0  llshl.o(.text)
    __aeabi_lasr                             0x080005bb   Thumb Code    36  llsshr.o(.text)
    _ll_sshift_r                             0x080005bb   Thumb Code     0  llsshr.o(.text)
    __I$use$fp                               0x080005df   Thumb Code     0  iusefp.o(.text)
    _float_round                             0x080005df   Thumb Code    18  fepilogue.o(.text)
    _float_epilogue                          0x080005f1   Thumb Code    92  fepilogue.o(.text)
    _double_round                            0x0800064d   Thumb Code    30  depilogue.o(.text)
    _double_epilogue                         0x0800066b   Thumb Code   156  depilogue.o(.text)
    _dsqrt                                   0x08000707   Thumb Code   162  dsqrt.o(.text)
    __scatterload                            0x080007a9   Thumb Code    28  init.o(.text)
    __scatterload_rt2                        0x080007a9   Thumb Code     0  init.o(.text)
    __aeabi_llsr                             0x080007cd   Thumb Code    32  llushr.o(.text)
    _ll_ushift_r                             0x080007cd   Thumb Code     0  llushr.o(.text)
    __aeabi_d2iz                             0x080007ed   Thumb Code    62  dfixi.o(.text)
    __decompress                             0x0800082b   Thumb Code     0  __dczerorl2.o(.text)
    __decompress1                            0x0800082b   Thumb Code    86  __dczerorl2.o(.text)
    ADC_Cmd                                  0x08000881   Thumb Code    22  stm32f4xx_adc.o(i.ADC_Cmd)
    ADC_CommonInit                           0x08000899   Thumb Code    34  stm32f4xx_adc.o(i.ADC_CommonInit)
    ADC_GetConversionValue                   0x080008c9   Thumb Code     8  stm32f4xx_adc.o(i.ADC_GetConversionValue)
    ADC_GetFlagStatus                        0x080008d1   Thumb Code    18  stm32f4xx_adc.o(i.ADC_GetFlagStatus)
    ADC_Init                                 0x080008e5   Thumb Code    74  stm32f4xx_adc.o(i.ADC_Init)
    ADC_RegularChannelConfig                 0x08000939   Thumb Code   184  stm32f4xx_adc.o(i.ADC_RegularChannelConfig)
    ADC_SoftwareStartConv                    0x080009f1   Thumb Code    10  stm32f4xx_adc.o(i.ADC_SoftwareStartConv)
    Adc_Init                                 0x080009fd   Thumb Code   124  adc.o(i.Adc_Init)
    AutoCatch_CatchBullet                    0x08000a81   Thumb Code   214  catchbullet.o(i.AutoCatch_CatchBullet)
    AutoCatch_TaskControl                    0x08000b91   Thumb Code   438  catchcontrol.o(i.AutoCatch_TaskControl)
    AutoCatch_TaskJudge                      0x08000d8d   Thumb Code   150  catchcontrol.o(i.AutoCatch_TaskJudge)
    AutoCatch_tInit                          0x08000e35   Thumb Code    82  catchcontrol.o(i.AutoCatch_tInit)
    BSP_Init                                 0x08000ed9   Thumb Code   122  bsp.o(i.BSP_Init)
    Bullet_Load_Judge                        0x08000f55   Thumb Code    36  shootcontrol.o(i.Bullet_Load_Judge)
    BusFault_Handler                         0x08000f8d   Thumb Code     4  stm32f4xx_it.o(i.BusFault_Handler)
    Buzzer_Init                              0x08000f91   Thumb Code   166  buzzer.o(i.Buzzer_Init)
    CAN1_Cmd_All                             0x08001041   Thumb Code    84  can.o(i.CAN1_Cmd_All)
    CAN1_Mode_Init                           0x08001099   Thumb Code   248  can.o(i.CAN1_Mode_Init)
    CAN1_RX0_IRQHandler                      0x08001199   Thumb Code   234  can.o(i.CAN1_RX0_IRQHandler)
    CAN1_Send_Bottom                         0x080012a9   Thumb Code    96  can.o(i.CAN1_Send_Bottom)
    CAN2_Cmd_SHOOT                           0x0800130d   Thumb Code   144  can.o(i.CAN2_Cmd_SHOOT)
    CAN2_Mode_Init                           0x080013a9   Thumb Code   254  can.o(i.CAN2_Mode_Init)
    CAN2_RX1_IRQHandler                      0x080014b1   Thumb Code   894  can.o(i.CAN2_RX1_IRQHandler)
    CAN2_Send_Bottom                         0x08001891   Thumb Code    86  can.o(i.CAN2_Send_Bottom)
    CAN_ClearITPendingBit                    0x080018ed   Thumb Code   162  stm32f4xx_can.o(i.CAN_ClearITPendingBit)
    CAN_FilterInit                           0x08001995   Thumb Code   258  stm32f4xx_can.o(i.CAN_FilterInit)
    CAN_GetITStatus                          0x08001a9d   Thumb Code   284  stm32f4xx_can.o(i.CAN_GetITStatus)
    CAN_ITConfig                             0x08001bbd   Thumb Code    18  stm32f4xx_can.o(i.CAN_ITConfig)
    CAN_Init                                 0x08001bcf   Thumb Code   276  stm32f4xx_can.o(i.CAN_Init)
    CAN_Receive                              0x08001ce3   Thumb Code   240  stm32f4xx_can.o(i.CAN_Receive)
    CAN_Transmit                             0x08001dd3   Thumb Code   294  stm32f4xx_can.o(i.CAN_Transmit)
    CMControlInit                            0x08001ef9   Thumb Code    20  cmcontrol.o(i.CMControlInit)
    CMControlLoop                            0x08001f0d   Thumb Code   142  cmcontrol.o(i.CMControlLoop)
    CMControlOut                             0x08001fb9   Thumb Code   366  cmcontrol.o(i.CMControlOut)
    CMPID_Init                               0x08002149   Thumb Code    80  cmcontrol.o(i.CMPID_Init)
    CMSpeedLegalize                          0x080021c1   Thumb Code    46  cmcontrol.o(i.CMSpeedLegalize)
    CMStop                                   0x080021ef   Thumb Code    16  cmcontrol.o(i.CMStop)
    CMWatt_Cal                               0x08002201   Thumb Code   180  monitorcontrol.o(i.CMWatt_Cal)
    CatchControl                             0x080022c5   Thumb Code   298  catchcontrol.o(i.CatchControl)
    CatchInit                                0x08002421   Thumb Code    26  catchcontrol.o(i.CatchInit)
    Control_Task                             0x0800244d   Thumb Code   260  controltask.o(i.Control_Task)
    Cylinder_Configuration                   0x08002561   Thumb Code    54  cylinder.o(i.Cylinder_Configuration)
    DMA1_Stream1_IRQHandler                  0x0800259d   Thumb Code    30  usart3.o(i.DMA1_Stream1_IRQHandler)
    DMA2_Stream1_IRQHandler                  0x080025c5   Thumb Code    30  usart6.o(i.DMA2_Stream1_IRQHandler)
    DMA2_Stream2_IRQHandler                  0x080025ed   Thumb Code   282  rc.o(i.DMA2_Stream2_IRQHandler)
    DMA2_Stream6_IRQHandler                  0x0800271d   Thumb Code    30  usart6.o(i.DMA2_Stream6_IRQHandler)
    DMA_ClearFlag                            0x08002745   Thumb Code    38  stm32f4xx_dma.o(i.DMA_ClearFlag)
    DMA_ClearITPendingBit                    0x08002779   Thumb Code    38  stm32f4xx_dma.o(i.DMA_ClearITPendingBit)
    DMA_Cmd                                  0x080027ad   Thumb Code    22  stm32f4xx_dma.o(i.DMA_Cmd)
    DMA_DeInit                               0x080027c5   Thumb Code   324  stm32f4xx_dma.o(i.DMA_DeInit)
    DMA_GetITStatus                          0x0800291d   Thumb Code    82  stm32f4xx_dma.o(i.DMA_GetITStatus)
    DMA_ITConfig                             0x08002981   Thumb Code    58  stm32f4xx_dma.o(i.DMA_ITConfig)
    DMA_Init                                 0x080029bd   Thumb Code    82  stm32f4xx_dma.o(i.DMA_Init)
    DebugMon_Handler                         0x08002a15   Thumb Code     2  stm32f4xx_it.o(i.DebugMon_Handler)
    Empty_Detection                          0x08002a19   Thumb Code   114  shootcontrol.o(i.Empty_Detection)
    FrictionControl                          0x08002aa5   Thumb Code    84  shootcontrol.o(i.FrictionControl)
    FrictionJudge                            0x08002b0d   Thumb Code   156  shootcontrol.o(i.FrictionJudge)
    GPIO_Init                                0x08002bbd   Thumb Code   144  stm32f4xx_gpio.o(i.GPIO_Init)
    GPIO_PinAFConfig                         0x08002c4d   Thumb Code    70  stm32f4xx_gpio.o(i.GPIO_PinAFConfig)
    GPIO_ReadInputDataBit                    0x08002c93   Thumb Code    18  stm32f4xx_gpio.o(i.GPIO_ReadInputDataBit)
    GPIO_ResetBits                           0x08002ca5   Thumb Code     4  stm32f4xx_gpio.o(i.GPIO_ResetBits)
    GPIO_SetBits                             0x08002ca9   Thumb Code     4  stm32f4xx_gpio.o(i.GPIO_SetBits)
    Get_Adc                                  0x08002cad   Thumb Code    44  adc.o(i.Get_Adc)
    Get_CRC16_Check_Sum                      0x08002cdd   Thumb Code    46  refereeinfo.o(i.Get_CRC16_Check_Sum)
    Get_CRC8_Check_Sum                       0x08002d11   Thumb Code    30  refereeinfo.o(i.Get_CRC8_Check_Sum)
    GimbalControlInit                        0x08002d35   Thumb Code    48  gimbalcontrol.o(i.GimbalControlInit)
    GimbalControlLoop                        0x08002d6d   Thumb Code    90  gimbalcontrol.o(i.GimbalControlLoop)
    GimbalControlValSet                      0x08002de5   Thumb Code   732  gimbalcontrol.o(i.GimbalControlValSet)
    GimbalControl_Pitch                      0x08003121   Thumb Code   140  gimbalcontrol.o(i.GimbalControl_Pitch)
    GimbalControl_PitchAngel                 0x080031cd   Thumb Code   164  gimbalcontrol.o(i.GimbalControl_PitchAngel)
    GimbalControl_Yaw                        0x08003295   Thumb Code   156  gimbalcontrol.o(i.GimbalControl_Yaw)
    GimbalControl_YawAngel                   0x08003351   Thumb Code   168  gimbalcontrol.o(i.GimbalControl_YawAngel)
    GimbalMove                               0x0800341d   Thumb Code   150  gimbalcontrol.o(i.GimbalMove)
    GimbalPidInit                            0x080034c9   Thumb Code   164  gimbalcontrol.o(i.GimbalPidInit)
    GimbalPidInitPrepare                     0x08003591   Thumb Code   164  gimbalcontrol.o(i.GimbalPidInitPrepare)
    GimbalStop                               0x0800365d   Thumb Code    66  gimbalcontrol.o(i.GimbalStop)
    GimbalSwitchJudge                        0x080036bd   Thumb Code    48  remotecontrol.o(i.GimbalSwitchJudge)
    GimbalValLigal                           0x080036f9   Thumb Code    32  gimbalcontrol.o(i.GimbalValLigal)
    GunControl                               0x08003719   Thumb Code    26  shootcontrol.o(i.GunControl)
    GunShootAction                           0x08003739   Thumb Code   222  shootcontrol.o(i.GunShootAction)
    HardFault_Handler                        0x08003849   Thumb Code     4  stm32f4xx_it.o(i.HardFault_Handler)
    Infrared_Configuration                   0x0800384d   Thumb Code    54  infrared.o(i.Infrared_Configuration)
    ItoE                                     0x0800388d   Thumb Code   202  rc.o(i.ItoE)
    Laser_Configuration                      0x08003969   Thumb Code    60  laser.o(i.Laser_Configuration)
    Led_Configuration                        0x080039a9   Thumb Code    80  led.o(i.Led_Configuration)
    LiftPosSpeedcal                          0x08003a01   Thumb Code   252  catchbullet.o(i.LiftPosSpeedcal)
    Lift_Legalize                            0x08003b25   Thumb Code    46  catchbullet.o(i.Lift_Legalize)
    MPU6500ReadSPI                           0x08003b55   Thumb Code    56  mpu6500.o(i.MPU6500ReadSPI)
    MPU6500ReadSPISingle                     0x08003b91   Thumb Code    38  mpu6500.o(i.MPU6500ReadSPISingle)
    MPU6500WriteSPI                          0x08003bc1   Thumb Code    38  mpu6500.o(i.MPU6500WriteSPI)
    MPU6500_Init                             0x08003bf1   Thumb Code   156  mpu6500.o(i.MPU6500_Init)
    MPU6500_Read                             0x08003c8d   Thumb Code   386  mpu6500.o(i.MPU6500_Read)
    MemManage_Handler                        0x08003e35   Thumb Code     4  stm32f4xx_it.o(i.MemManage_Handler)
    MotorCurrentLegalize                     0x08003e39   Thumb Code    46  gimbalcontrol.o(i.MotorCurrentLegalize)
    MotorPositionLegalize                    0x08003e67   Thumb Code    46  gimbalcontrol.o(i.MotorPositionLegalize)
    NMI_Handler                              0x08003e95   Thumb Code     2  stm32f4xx_it.o(i.NMI_Handler)
    NVIC_Init                                0x08003e99   Thumb Code   106  misc.o(i.NVIC_Init)
    PID_BitIsSet                             0x08003f11   Thumb Code    18  pid.o(i.PID_BitIsSet)
    PID_Calc                                 0x08003f25   Thumb Code   366  pid.o(i.PID_Calc)
    PID_Driver                               0x0800409d   Thumb Code    44  pid.o(i.PID_Driver)
    PID_Init                                 0x080040c9   Thumb Code    34  pid.o(i.PID_Init)
    PID_PreCalc                              0x080040ed   Thumb Code   162  pid.o(i.PID_PreCalc)
    PendSV_Handler                           0x08004195   Thumb Code     2  stm32f4xx_it.o(i.PendSV_Handler)
    PlateMotorCurrentLegalize                0x08004197   Thumb Code    46  shootcontrol.o(i.PlateMotorCurrentLegalize)
    PlatePID                                 0x080041c5   Thumb Code   136  shootcontrol.o(i.PlatePID)
    PlatePidInit                             0x0800426d   Thumb Code    84  shootcontrol.o(i.PlatePidInit)
    PowerMonitor                             0x080042d9   Thumb Code   192  monitorcontrol.o(i.PowerMonitor)
    Preload_bullet                           0x080043c1   Thumb Code    88  shootcontrol.o(i.Preload_bullet)
    RCC_AHB1PeriphClockCmd                   0x08004431   Thumb Code    26  stm32f4xx_rcc.o(i.RCC_AHB1PeriphClockCmd)
    RCC_APB1PeriphClockCmd                   0x08004451   Thumb Code    26  stm32f4xx_rcc.o(i.RCC_APB1PeriphClockCmd)
    RCC_APB1PeriphResetCmd                   0x08004471   Thumb Code    26  stm32f4xx_rcc.o(i.RCC_APB1PeriphResetCmd)
    RCC_APB2PeriphClockCmd                   0x08004491   Thumb Code    26  stm32f4xx_rcc.o(i.RCC_APB2PeriphClockCmd)
    RCC_APB2PeriphResetCmd                   0x080044b1   Thumb Code    26  stm32f4xx_rcc.o(i.RCC_APB2PeriphResetCmd)
    RCC_GetClocksFreq                        0x080044d1   Thumb Code   214  stm32f4xx_rcc.o(i.RCC_GetClocksFreq)
    RC_Init                                  0x080045b9   Thumb Code   264  rc.o(i.RC_Init)
    RcReceiveMonitor                         0x080046d9   Thumb Code    66  monitorcontrol.o(i.RcReceiveMonitor)
    Read_Infrared_State                      0x0800472d   Thumb Code    30  shootcontrol.o(i.Read_Infrared_State)
    RemoteControlInit                        0x08004759   Thumb Code    14  remotecontrol.o(i.RemoteControlInit)
    RemoteControlLoop                        0x0800476d   Thumb Code    16  remotecontrol.o(i.RemoteControlLoop)
    RemoteStateFSM                           0x0800477d   Thumb Code    72  remotecontrol.o(i.RemoteStateFSM)
    RotateSpeedcal                           0x080047d1   Thumb Code   104  catchbullet.o(i.RotateSpeedcal)
    SPI5Init                                 0x08004855   Thumb Code   218  spi.o(i.SPI5Init)
    SPI5ReadWriteByte                        0x08004941   Thumb Code    74  spi.o(i.SPI5ReadWriteByte)
    SVC_Handler                              0x08004991   Thumb Code     2  stm32f4xx_it.o(i.SVC_Handler)
    SetPIDCR                                 0x08004993   Thumb Code    16  pid.o(i.SetPIDCR)
    Set_Target                               0x08004a91   Thumb Code    44  shootcontrol.o(i.Set_Target)
    ShootControlInit                         0x08004ac9   Thumb Code    36  shootcontrol.o(i.ShootControlInit)
    ShootControlLoop                         0x08004af1   Thumb Code   224  shootcontrol.o(i.ShootControlLoop)
    ShootStop                                0x08004be9   Thumb Code    30  shootcontrol.o(i.ShootStop)
    SysTick_CLKSourceConfig                  0x08004c15   Thumb Code    40  misc.o(i.SysTick_CLKSourceConfig)
    SysTick_Handler                          0x08004c3d   Thumb Code     2  stm32f4xx_it.o(i.SysTick_Handler)
    SystemInit                               0x08004c41   Thumb Code    88  system_stm32f4xx.o(i.SystemInit)
    TIM12_Init                               0x08004ca9   Thumb Code   206  timer.o(i.TIM12_Init)
    TIM2_IRQHandler                          0x08004d81   Thumb Code    32  timer.o(i.TIM2_IRQHandler)
    TIM2_Init                                0x08004da1   Thumb Code    90  timer.o(i.TIM2_Init)
    TIM5_IRQHandler                          0x08004dfd   Thumb Code    72  timer.o(i.TIM5_IRQHandler)
    TIM5_Init                                0x08004e51   Thumb Code    88  timer.o(i.TIM5_Init)
    TIM8_PWM_Init                            0x08004ead   Thumb Code   236  pwm.o(i.TIM8_PWM_Init)
    TIM_ARRPreloadConfig                     0x08004fa1   Thumb Code    24  stm32f4xx_tim.o(i.TIM_ARRPreloadConfig)
    TIM_ClearITPendingBit                    0x08004fb9   Thumb Code     6  stm32f4xx_tim.o(i.TIM_ClearITPendingBit)
    TIM_Cmd                                  0x08004fbf   Thumb Code    24  stm32f4xx_tim.o(i.TIM_Cmd)
    TIM_CtrlPWMOutputs                       0x08004fd7   Thumb Code    30  stm32f4xx_tim.o(i.TIM_CtrlPWMOutputs)
    TIM_GetITStatus                          0x08004ff5   Thumb Code    34  stm32f4xx_tim.o(i.TIM_GetITStatus)
    TIM_ITConfig                             0x08005017   Thumb Code    18  stm32f4xx_tim.o(i.TIM_ITConfig)
    TIM_OC1Init                              0x08005029   Thumb Code   114  stm32f4xx_tim.o(i.TIM_OC1Init)
    TIM_OC1PreloadConfig                     0x080050a5   Thumb Code    18  stm32f4xx_tim.o(i.TIM_OC1PreloadConfig)
    TIM_OC2Init                              0x080050b9   Thumb Code   154  stm32f4xx_tim.o(i.TIM_OC2Init)
    TIM_OC2PreloadConfig                     0x0800515d   Thumb Code    26  stm32f4xx_tim.o(i.TIM_OC2PreloadConfig)
    TIM_SetCompare1                          0x08005177   Thumb Code     4  stm32f4xx_tim.o(i.TIM_SetCompare1)
    TIM_SetCompare2                          0x0800517b   Thumb Code     4  stm32f4xx_tim.o(i.TIM_SetCompare2)
    TIM_TimeBaseInit                         0x08005181   Thumb Code   104  stm32f4xx_tim.o(i.TIM_TimeBaseInit)
    USART3_DMA_Init                          0x08005205   Thumb Code   270  usart3.o(i.USART3_DMA_Init)
    USART6_Configuration                     0x08005329   Thumb Code   172  usart6.o(i.USART6_Configuration)
    USART6_DMA_Init                          0x080053dd   Thumb Code   394  usart6.o(i.USART6_DMA_Init)
    USART_ClearFlag                          0x0800557d   Thumb Code    18  stm32f4xx_usart.o(i.USART_ClearFlag)
    USART_Cmd                                0x0800558f   Thumb Code    24  stm32f4xx_usart.o(i.USART_Cmd)
    USART_DMACmd                             0x080055a7   Thumb Code    18  stm32f4xx_usart.o(i.USART_DMACmd)
    USART_DeInit                             0x080055b9   Thumb Code   156  stm32f4xx_usart.o(i.USART_DeInit)
    USART_ITConfig                           0x0800566d   Thumb Code    74  stm32f4xx_usart.o(i.USART_ITConfig)
    USART_Init                               0x080056b9   Thumb Code   204  stm32f4xx_usart.o(i.USART_Init)
    UsageFault_Handler                       0x0800578d   Thumb Code     4  stm32f4xx_it.o(i.UsageFault_Handler)
    Verify_CRC16_Check_Sum                   0x08005791   Thumb Code    60  refereeinfo.o(i.Verify_CRC16_Check_Sum)
    Verify_CRC8_Check_Sum                    0x080057d1   Thumb Code    46  refereeinfo.o(i.Verify_CRC8_Check_Sum)
    Verify_frame                             0x080057ff   Thumb Code    52  refereeinfo.o(i.Verify_frame)
    WholeInitTask                            0x08005835   Thumb Code    62  controltask.o(i.WholeInitTask)
    __ARM_fpclassify                         0x08005879   Thumb Code    48  fpclassify.o(i.__ARM_fpclassify)
    __hardfp_asin                            0x080058a9   Thumb Code   770  asin.o(i.__hardfp_asin)
    __hardfp_atan                            0x08005c09   Thumb Code   622  atan.o(i.__hardfp_atan)
    __hardfp_atan2                           0x08005ee1   Thumb Code   432  atan2.o(i.__hardfp_atan2)
    __hardfp_cos                             0x080060d1   Thumb Code   180  cos.o(i.__hardfp_cos)
    __hardfp_fabs                            0x08006199   Thumb Code    20  fabs.o(i.__hardfp_fabs)
    __hardfp_sin                             0x080061b1   Thumb Code   180  sin.o(i.__hardfp_sin)
    __hardfp_sqrt                            0x08006279   Thumb Code   122  sqrt.o(i.__hardfp_sqrt)
    __ieee754_rem_pio2                       0x080062f9   Thumb Code   938  rred.o(i.__ieee754_rem_pio2)
    __kernel_cos                             0x08006731   Thumb Code   322  cos_i.o(i.__kernel_cos)
    __kernel_poly                            0x080068a1   Thumb Code   248  poly.o(i.__kernel_poly)
    __kernel_sin                             0x08006999   Thumb Code   280  sin_i.o(i.__kernel_sin)
    __mathlib_dbl_infnan                     0x08006ac9   Thumb Code    20  dunder.o(i.__mathlib_dbl_infnan)
    __mathlib_dbl_infnan2                    0x08006add   Thumb Code    20  dunder.o(i.__mathlib_dbl_infnan2)
    __mathlib_dbl_invalid                    0x08006af1   Thumb Code    24  dunder.o(i.__mathlib_dbl_invalid)
    __mathlib_dbl_underflow                  0x08006b11   Thumb Code    24  dunder.o(i.__mathlib_dbl_underflow)
    __scatterload_copy                       0x08006b31   Thumb Code    14  handlers.o(i.__scatterload_copy)
    __scatterload_null                       0x08006b3f   Thumb Code     2  handlers.o(i.__scatterload_null)
    __scatterload_zeroinit                   0x08006b41   Thumb Code    14  handlers.o(i.__scatterload_zeroinit)
    __set_errno                              0x08006b51   Thumb Code     6  errno.o(i.__set_errno)
    _bytes2float                             0x08006b5d   Thumb Code    26  refereeinfo.o(i._bytes2float)
    _bytes2u16                               0x08006b7d   Thumb Code    18  refereeinfo.o(i._bytes2u16)
    atan                                     0x08006b8f   Thumb Code    16  atan.o(i.atan)
    blocking_judge                           0x08006ba1   Thumb Code   160  shootcontrol.o(i.blocking_judge)
    catchfinish                              0x08006c59   Thumb Code    14  catchbullet.o(i.catchfinish)
    catchinit                                0x08006c6d   Thumb Code   136  catchbullet.o(i.catchinit)
    catchstart                               0x08006d15   Thumb Code    14  catchbullet.o(i.catchstart)
    delay_init                               0x08006d29   Thumb Code    52  delay.o(i.delay_init)
    delay_ms                                 0x08006d65   Thumb Code    56  delay.o(i.delay_ms)
    delay_xms                                0x08006d9d   Thumb Code    72  delay.o(i.delay_xms)
    extGameRobotPos_interpret                0x08006de9   Thumb Code    66  refereeinfo.o(i.extGameRobotPos_interpret)
    extGameRobotState_interpret              0x08006e31   Thumb Code    44  refereeinfo.o(i.extGameRobotState_interpret)
    extPowerHeatData_interpret               0x08006e61   Thumb Code    90  refereeinfo.o(i.extPowerHeatData_interpret)
    extRobotHurt_interpret                   0x08006ec1   Thumb Code    42  refereeinfo.o(i.extRobotHurt_interpret)
    extShootData_interpret                   0x08006ef5   Thumb Code    42  refereeinfo.o(i.extShootData_interpret)
    fabs                                     0x08006f29   Thumb Code    24  fabs.o(i.fabs)
    flift                                    0x08006f41   Thumb Code    56  catchbullet.o(i.flift)
    followValCal                             0x08006f85   Thumb Code   108  cmcontrol.o(i.followValCal)
    frame_interpret                          0x08006ffd   Thumb Code   130  refereeinfo.o(i.frame_interpret)
    getDeviceID                              0x08007089   Thumb Code    22  mpu6500.o(i.getDeviceID)
    gyro_offset                              0x080070a1   Thumb Code   296  mpu6500.o(i.gyro_offset)
    init_euler                               0x080071e1   Thumb Code   308  euler.o(i.init_euler)
    invSqrt                                  0x08007331   Thumb Code    56  euler.o(i.invSqrt)
    keyboardmove_old                         0x0800736d   Thumb Code  1200  cmcontrol.o(i.keyboardmove_old)
    liftinit                                 0x08007829   Thumb Code   166  catchbullet.o(i.liftinit)
    main                                     0x080078f9   Thumb Code     8  main.o(i.main)
    monitorControlLoop                       0x08007901   Thumb Code    12  monitorcontrol.o(i.monitorControlLoop)
    move                                     0x0800790d   Thumb Code   322  cmcontrol.o(i.move)
    movebackward                             0x08007a6d   Thumb Code    14  catchbullet.o(i.movebackward)
    moveforward                              0x08007a81   Thumb Code    14  catchbullet.o(i.moveforward)
    moveinit                                 0x08007a95   Thumb Code    60  catchbullet.o(i.moveinit)
    myabs                                    0x08007ad5   Thumb Code    16  mpu6500.o(i.myabs)
    sqrt                                     0x08007ae5   Thumb Code   110  sqrt.o(i.sqrt)
    update_euler                             0x08007b55   Thumb Code   812  euler.o(i.update_euler)
    update_from_dma                          0x08007ec5   Thumb Code    62  refereeinfo.o(i.update_from_dma)
    sof                                      0x08007f08   Data           1  refereeinfo.o(.constdata)
    CRC8_INIT2                               0x08007f09   Data           1  refereeinfo.o(.constdata)
    CRC8_TAB                                 0x08007f0a   Data         256  refereeinfo.o(.constdata)
    wCRC_Table                               0x0800800a   Data         512  refereeinfo.o(.constdata)
    __mathlib_zero                           0x08008328   Data           8  qnan.o(.constdata)
    Region$$Table$$Base                      0x08008420   Number         0  anon$$obj.o(Region$$Table)
    Region$$Table$$Limit                     0x08008440   Number         0  anon$$obj.o(Region$$Table)
    remoteState                              0x20000000   Data           1  remotecontrol.o(.data)
    remoteState_ex                           0x20000001   Data           1  remotecontrol.o(.data)
    CMFollowVal                              0x20000004   Data           2  cmcontrol.o(.data)
    CMSwingVal                               0x20000006   Data           2  cmcontrol.o(.data)
    speedA                                   0x20000008   Data           2  cmcontrol.o(.data)
    speedB                                   0x2000000a   Data           2  cmcontrol.o(.data)
    speedC                                   0x2000000c   Data           2  cmcontrol.o(.data)
    speedD                                   0x2000000e   Data           2  cmcontrol.o(.data)
    step                                     0x20000010   Data           2  cmcontrol.o(.data)
    step_spin                                0x20000012   Data           2  cmcontrol.o(.data)
    x                                        0x20000014   Data           2  cmcontrol.o(.data)
    y                                        0x20000016   Data           2  cmcontrol.o(.data)
    m                                        0x20000018   Data           2  cmcontrol.o(.data)
    n                                        0x2000001a   Data           2  cmcontrol.o(.data)
    q                                        0x2000001c   Data           2  cmcontrol.o(.data)
    p                                        0x2000001e   Data           2  cmcontrol.o(.data)
    xlimit                                   0x20000020   Data           2  cmcontrol.o(.data)
    ylimit                                   0x20000022   Data           2  cmcontrol.o(.data)
    ele_dec                                  0x20000024   Data           4  cmcontrol.o(.data)
    quick_spin_flag                          0x20000028   Data           4  cmcontrol.o(.data)
    quick_spin_step                          0x2000002c   Data           4  cmcontrol.o(.data)
    follow_val_temp                          0x20000030   Data           2  cmcontrol.o(.data)
    flag_swing                               0x20000032   Data           1  cmcontrol.o(.data)
    swing_count                              0x20000034   Data           2  cmcontrol.o(.data)
    swing_dir                                0x20000036   Data           2  cmcontrol.o(.data)
    swing_add_dir                            0x20000038   Data           2  cmcontrol.o(.data)
    PIDOut_Position_Pit                      0x2000003c   Data           4  gimbalcontrol.o(.data)
    PIDOut_Speed_Pit                         0x20000040   Data           4  gimbalcontrol.o(.data)
    PIDOut_Whole_Pit                         0x20000044   Data           4  gimbalcontrol.o(.data)
    PIDOut_Position_Yaw                      0x20000048   Data           4  gimbalcontrol.o(.data)
    PIDOut_Speed_Yaw                         0x2000004c   Data           4  gimbalcontrol.o(.data)
    PIDOut_Whole_Yaw                         0x20000050   Data           4  gimbalcontrol.o(.data)
    PIDOut_Electricity_Yaw                   0x20000054   Data           4  gimbalcontrol.o(.data)
    angleSave                                0x20000058   Data           4  gimbalcontrol.o(.data)
    position_yaw_relative                    0x2000005c   Data           2  gimbalcontrol.o(.data)
    tch3                                     0x2000005e   Data           2  gimbalcontrol.o(.data)
    IsInitialKey                             0x20000060   Data           1  gimbalcontrol.o(.data)
    frictionState                            0x20000064   Data           2  shootcontrol.o(.data)
    friction_count                           0x20000066   Data           2  shootcontrol.o(.data)
    flag_FrtctionDelay                       0x20000068   Data           1  shootcontrol.o(.data)
    bullet_loaded                            0x2000007c   Data           4  shootcontrol.o(.data)
    empty_flag                               0x20000080   Data           4  shootcontrol.o(.data)
    bullet_count                             0x20000084   Data           4  shootcontrol.o(.data)
    infrared1_state_prvious                  0x20000088   Data           4  shootcontrol.o(.data)
    infrared1_state_now                      0x2000008c   Data           4  shootcontrol.o(.data)
    infrared2_state_prvious                  0x20000090   Data           4  shootcontrol.o(.data)
    infrared2_state_now                      0x20000094   Data           4  shootcontrol.o(.data)
    blocking_flag                            0x20000098   Data           4  shootcontrol.o(.data)
    blocking_target                          0x2000009c   Data           4  shootcontrol.o(.data)
    empty_count                              0x200000a0   Data           4  shootcontrol.o(.data)
    now_remote_state                         0x200000a4   Data           1  shootcontrol.o(.data)
    pre_remote_state                         0x200000a5   Data           1  shootcontrol.o(.data)
    press_judge                              0x200000a8   Data           4  shootcontrol.o(.data)
    read_count                               0x200000ac   Data           4  shootcontrol.o(.data)
    Plate_Control                            0x200000b0   Data           8  shootcontrol.o(.data)
    PIDOut_Position_Plate                    0x200000b8   Data           4  shootcontrol.o(.data)
    PIDOut_Speed_Plate                       0x200000bc   Data           4  shootcontrol.o(.data)
    PIDOut_Whole_Shoot                       0x200000c0   Data           4  shootcontrol.o(.data)
    PIDOut_Electricity_Plate                 0x200000c4   Data           4  shootcontrol.o(.data)
    pid_flag                                 0x200000c8   Data           1  shootcontrol.o(.data)
    pp                                       0x200000cc   Data           4  shootcontrol.o(.data)
    pi                                       0x200000d0   Data           4  shootcontrol.o(.data)
    pd                                       0x200000d4   Data           4  shootcontrol.o(.data)
    sp                                       0x200000d8   Data           4  shootcontrol.o(.data)
    si                                       0x200000dc   Data           4  shootcontrol.o(.data)
    sd                                       0x200000e0   Data           4  shootcontrol.o(.data)
    temp                                     0x200000e4   Data           4  shootcontrol.o(.data)
    plimit                                   0x200000e8   Data           4  shootcontrol.o(.data)
    slimit                                   0x200000ec   Data           4  shootcontrol.o(.data)
    input_flag                               0x200000f0   Data           4  shootcontrol.o(.data)
    OriginalPlatePos                         0x200000f8   Data           4  shootcontrol.o(.data)
    now_press                                0x200000fc   Data           4  shootcontrol.o(.data)
    last_press                               0x20000100   Data           4  shootcontrol.o(.data)
    preload_now                              0x20000104   Data           4  shootcontrol.o(.data)
    preload_pre                              0x20000108   Data           4  shootcontrol.o(.data)
    preload_count                            0x2000010c   Data           4  shootcontrol.o(.data)
    preload_t                                0x20000110   Data           4  shootcontrol.o(.data)
    ele_cal                                  0x20000114   Data           4  monitorcontrol.o(.data)
    rc_monitor_time                          0x20000118   Data           2  monitorcontrol.o(.data)
    pressflagl                               0x2000011c   Data           1  catchcontrol.o(.data)
    lastpressflagl                           0x2000011d   Data           1  catchcontrol.o(.data)
    pressflagr                               0x2000011e   Data           1  catchcontrol.o(.data)
    lastpressflagr                           0x2000011f   Data           1  catchcontrol.o(.data)
    IsInitialSet0                            0x20000120   Data           1  catchcontrol.o(.data)
    liftspeed                                0x20000122   Data           2  catchcontrol.o(.data)
    rollspeed                                0x20000124   Data           2  catchcontrol.o(.data)
    l_flag                                   0x20000126   Data           1  catchcontrol.o(.data)
    r_flag                                   0x20000127   Data           1  catchcontrol.o(.data)
    tA_ms                                    0x20000128   Data           4  catchcontrol.o(.data)
    tB_ms                                    0x2000012c   Data           4  catchcontrol.o(.data)
    tC_ms                                    0x20000130   Data           4  catchcontrol.o(.data)
    tD_ms                                    0x20000134   Data           4  catchcontrol.o(.data)
    tE_ms                                    0x20000138   Data           4  catchcontrol.o(.data)
    tF_ms                                    0x2000013c   Data           4  catchcontrol.o(.data)
    tG_ms                                    0x20000140   Data           4  catchcontrol.o(.data)
    tH_ms                                    0x20000144   Data           4  catchcontrol.o(.data)
    tI_ms                                    0x20000148   Data           4  catchcontrol.o(.data)
    tJ_ms                                    0x2000014c   Data           4  catchcontrol.o(.data)
    tA_Init_ms                               0x20000150   Data           4  catchcontrol.o(.data)
    tB_Init_ms                               0x20000154   Data           4  catchcontrol.o(.data)
    tC_Init_ms                               0x20000158   Data           4  catchcontrol.o(.data)
    tD_Init_ms                               0x2000015c   Data           4  catchcontrol.o(.data)
    tE_Init_ms                               0x20000160   Data           4  catchcontrol.o(.data)
    tF_Init_ms                               0x20000164   Data           4  catchcontrol.o(.data)
    tG_Init_ms                               0x20000168   Data           4  catchcontrol.o(.data)
    tH_Init_ms                               0x2000016c   Data           4  catchcontrol.o(.data)
    tI_Init_ms                               0x20000170   Data           4  catchcontrol.o(.data)
    tJ_Init_ms                               0x20000174   Data           4  catchcontrol.o(.data)
    CATCH_REG                                0x20000178   Data           1  catchcontrol.o(.data)
    ID                                       0x20000179   Data           1  catchcontrol.o(.data)
    cmdID                                    0x2000017c   Data           1  refereeinfo.o(.data)
    extGameRobotState                        0x2000017d   Data           8  refereeinfo.o(.data)
    extRobotHurt                             0x20000185   Data           1  refereeinfo.o(.data)
    extShootData                             0x20000186   Data           6  refereeinfo.o(.data)
    custom_info_counter                      0x2000018c   Data           1  refereeinfo.o(.data)
    seq                                      0x2000018d   Data           1  refereeinfo.o(.data)
    seq_real                                 0x2000018e   Data           1  refereeinfo.o(.data)
    bytes2float                              0x20000190   Data           4  refereeinfo.o(.data)
    bytes2u32                                0x20000194   Data           4  refereeinfo.o(.data)
    message_byte_counter                     0x20000198   Data           4  refereeinfo.o(.data)
    blood_counter                            0x2000019c   Data           1  refereeinfo.o(.data)
    CRC_INIT                                 0x2000019e   Data           2  refereeinfo.o(.data)
    shoot_counter_referee                    0x200001a0   Data           4  refereeinfo.o(.data)
    blink_time                               0x200001a4   Data           1  refereeinfo.o(.data)
    blood_seq                                0x200001a5   Data           1  refereeinfo.o(.data)
    time_tick_1ms                            0x200001a8   Data           4  controltask.o(.data)
    rc_count00                               0x200001ac   Data           4  controltask.o(.data)
    TIM5_time_count                          0x200001b4   Data           2  timer.o(.data)
    flag_Ready                               0x200001b6   Data           1  timer.o(.data)
    offset_x                                 0x200001b8   Data           4  mpu6500.o(.data)
    offset_y                                 0x200001bc   Data           4  mpu6500.o(.data)
    offset_z                                 0x200001c0   Data           4  mpu6500.o(.data)
    flag_friction_switch                     0x200001c8   Data           1  rc.o(.data)
    friction_rc_last_position                0x200001c9   Data           1  rc.o(.data)
    rc_monitor_count                         0x200001ca   Data           2  rc.o(.data)
    rc_monitor_ex_count                      0x200001cc   Data           2  rc.o(.data)
    flag_rc_offline                          0x200001ce   Data           1  rc.o(.data)
    current_position_206                     0x200001d0   Data           2  can.o(.data)
    current_position_205                     0x200001d2   Data           2  can.o(.data)
    current_cm_201                           0x200001d4   Data           2  can.o(.data)
    current_cm_202                           0x200001d6   Data           2  can.o(.data)
    current_cm_203                           0x200001d8   Data           2  can.o(.data)
    current_cm_204                           0x200001da   Data           2  can.o(.data)
    can2_current_speed201                    0x200001dc   Data           2  can.o(.data)
    can2_current_speed202                    0x200001de   Data           2  can.o(.data)
    can2_current_speed203                    0x200001e0   Data           2  can.o(.data)
    can2_current_speed204                    0x200001e2   Data           2  can.o(.data)
    can2_current_angle201                    0x200001e4   Data           2  can.o(.data)
    can2_current_angle202                    0x200001e6   Data           2  can.o(.data)
    can2_current_angle203                    0x200001e8   Data           2  can.o(.data)
    can2_current_angle204                    0x200001ea   Data           2  can.o(.data)
    can2_last_angle201                       0x200001ec   Data           2  can.o(.data)
    can2_last_angle203                       0x200001ee   Data           2  can.o(.data)
    can2_last_angle202                       0x200001f0   Data           2  can.o(.data)
    can2_last_angle204                       0x200001f2   Data           2  can.o(.data)
    current_angle_201                        0x200001f4   Data           4  can.o(.data)
    current_angle_203                        0x200001f8   Data           4  can.o(.data)
    current_angle_202                        0x200001fc   Data           4  can.o(.data)
    current_angle_204                        0x20000200   Data           4  can.o(.data)
    delta                                    0x20000204   Data           2  can.o(.data)
    timell                                   0x20000208   Data           4  can.o(.data)
    Yaw_gyro                                 0x2000020c   Data           4  euler.o(.data)
    Roll_gyro                                0x20000210   Data           4  euler.o(.data)
    Pitch_gyro                               0x20000214   Data           4  euler.o(.data)
    Yaw_mag                                  0x20000218   Data           4  euler.o(.data)
    Roll_accel                               0x2000021c   Data           4  euler.o(.data)
    Pitch_accel                              0x20000220   Data           4  euler.o(.data)
    Yaw                                      0x20000224   Data           4  euler.o(.data)
    Roll                                     0x20000228   Data           4  euler.o(.data)
    Pitch                                    0x2000022c   Data           4  euler.o(.data)
    Yaw_Offset                               0x20000230   Data           4  euler.o(.data)
    Pitch_Offset                             0x20000234   Data           4  euler.o(.data)
    Roll_Offset                              0x20000238   Data           4  euler.o(.data)
    count                                    0x2000023c   Data           4  euler.o(.data)
    rotate_speed                             0x20000244   Data           4  catchbullet.o(.data)
    liftspeed1                               0x20000248   Data           4  catchbullet.o(.data)
    liftspeed2                               0x2000024c   Data           4  catchbullet.o(.data)
    setangle1                                0x20000250   Data           4  catchbullet.o(.data)
    setangle2                                0x20000254   Data           4  catchbullet.o(.data)
    setrotate                                0x20000258   Data           4  catchbullet.o(.data)
    lastrotate                               0x2000025c   Data           4  catchbullet.o(.data)
    RotateFlag                               0x20000260   Data           4  catchbullet.o(.data)
    RotateDone                               0x20000264   Data           1  catchbullet.o(.data)
    CMPid                                    0x2000027c   Data          56  cmcontrol.o(.bss)
    CMFollowPid                              0x200002b4   Data          56  cmcontrol.o(.bss)
    Gimbal_control                           0x200002ec   Data          16  gimbalcontrol.o(.bss)
    MotorPID_pitch                           0x200002fc   Data         112  gimbalcontrol.o(.bss)
    MotorPID_yaw                             0x2000036c   Data         112  gimbalcontrol.o(.bss)
    MotorPID_plate                           0x200003dc   Data         112  shootcontrol.o(.bss)
    extPowerHeatData                         0x2000044c   Data          20  refereeinfo.o(.bss)
    StudentPropInfo                          0x20000460   Data          12  refereeinfo.o(.bss)
    extGameRobotPos                          0x2000046c   Data          16  refereeinfo.o(.bss)
    extShowData                              0x2000047c   Data          13  refereeinfo.o(.bss)
    referee_message                          0x20000489   Data          64  refereeinfo.o(.bss)
    mpu6500_raw_data                         0x200004cc   Data          14  mpu6500.o(.bss)
    mpu6500_real_data                        0x200004dc   Data          28  mpu6500.o(.bss)
    USART_RX_BUF                             0x200004f8   Data         200  usart6.o(.bss)
    USART6_dma                               0x200005c0   Data          80  usart6.o(.bss)
    Personal_Data                            0x20000610   Data          22  usart6.o(.bss)
    RC_Ctl                                   0x20000626   Data          22  rc.o(.bss)
    RC_Ex_Ctl                                0x2000063c   Data          22  rc.o(.bss)
    sbus_rx_buffer                           0x20000652   Data          18  rc.o(.bss)
    rx_message                               0x20000664   Data          20  can.o(.bss)
    rx_message2                              0x20000678   Data          20  can.o(.bss)
    USART_RX_BUF3                            0x2000068c   Data         100  usart3.o(.bss)
    CatchRotatePid                           0x200006f0   Data          56  catchbullet.o(.bss)
    CatchRotateSPEEDPid                      0x20000728   Data          56  catchbullet.o(.bss)
    CatchLiftPid1                            0x20000760   Data          56  catchbullet.o(.bss)
    CatchLiftPid2                            0x20000798   Data          56  catchbullet.o(.bss)
    CatchLiftPOSPid1                         0x200007d0   Data          56  catchbullet.o(.bss)
    CatchLiftPOSPid2                         0x20000808   Data          56  catchbullet.o(.bss)
    __initial_sp                             0x20000c40   Data           0  startup_stm32f4xx.o(STACK)



==============================================================================

Memory Map of the image

  Image Entry point : 0x08000189

  Load Region LR_IROM1 (Base: 0x08000000, Size: 0x000086bc, Max: 0x00080000, ABSOLUTE, COMPRESSED[0x000084c8])

    Execution Region ER_IROM1 (Exec base: 0x08000000, Load base: 0x08000000, Size: 0x00008440, Max: 0x00080000, ABSOLUTE)

    Exec Addr    Load Addr    Size         Type   Attr      Idx    E Section Name        Object

    0x08000000   0x08000000   0x00000188   Data   RO         6331    RESET               startup_stm32f4xx.o
    0x08000188   0x08000188   0x00000000   Code   RO         6404  * .ARM.Collect$$$$00000000  mc_w.l(entry.o)
    0x08000188   0x08000188   0x00000004   Code   RO         6735    .ARM.Collect$$$$00000001  mc_w.l(entry2.o)
    0x0800018c   0x0800018c   0x00000004   Code   RO         6738    .ARM.Collect$$$$00000004  mc_w.l(entry5.o)
    0x08000190   0x08000190   0x00000000   Code   RO         6740    .ARM.Collect$$$$00000008  mc_w.l(entry7b.o)
    0x08000190   0x08000190   0x00000000   Code   RO         6742    .ARM.Collect$$$$0000000A  mc_w.l(entry8b.o)
    0x08000190   0x08000190   0x00000008   Code   RO         6743    .ARM.Collect$$$$0000000B  mc_w.l(entry9a.o)
    0x08000198   0x08000198   0x00000000   Code   RO         6745    .ARM.Collect$$$$0000000D  mc_w.l(entry10a.o)
    0x08000198   0x08000198   0x00000000   Code   RO         6747    .ARM.Collect$$$$0000000F  mc_w.l(entry11a.o)
    0x08000198   0x08000198   0x00000004   Code   RO         6736    .ARM.Collect$$$$00002712  mc_w.l(entry2.o)
    0x0800019c   0x0800019c   0x00000024   Code   RO         6332    .text               startup_stm32f4xx.o
    0x080001c0   0x080001c0   0x0000014e   Code   RO         6672    .text               mf_w.l(dadd.o)
    0x0800030e   0x0800030e   0x000000e4   Code   RO         6674    .text               mf_w.l(dmul.o)
    0x080003f2   0x080003f2   0x000000de   Code   RO         6676    .text               mf_w.l(ddiv.o)
    0x080004d0   0x080004d0   0x00000022   Code   RO         6678    .text               mf_w.l(dflti.o)
    0x080004f2   0x080004f2   0x0000001a   Code   RO         6680    .text               mf_w.l(dfltui.o)
    0x0800050c   0x0800050c   0x00000026   Code   RO         6682    .text               mf_w.l(f2d.o)
    0x08000532   0x08000532   0x00000002   PAD
    0x08000534   0x08000534   0x00000030   Code   RO         6684    .text               mf_w.l(cdrcmple.o)
    0x08000564   0x08000564   0x00000038   Code   RO         6686    .text               mf_w.l(d2f.o)
    0x0800059c   0x0800059c   0x0000001e   Code   RO         6753    .text               mc_w.l(llshl.o)
    0x080005ba   0x080005ba   0x00000024   Code   RO         6755    .text               mc_w.l(llsshr.o)
    0x080005de   0x080005de   0x00000000   Code   RO         6764    .text               mc_w.l(iusefp.o)
    0x080005de   0x080005de   0x0000006e   Code   RO         6765    .text               mf_w.l(fepilogue.o)
    0x0800064c   0x0800064c   0x000000ba   Code   RO         6767    .text               mf_w.l(depilogue.o)
    0x08000706   0x08000706   0x000000a2   Code   RO         6771    .text               mf_w.l(dsqrt.o)
    0x080007a8   0x080007a8   0x00000024   Code   RO         6777    .text               mc_w.l(init.o)
    0x080007cc   0x080007cc   0x00000020   Code   RO         6779    .text               mc_w.l(llushr.o)
    0x080007ec   0x080007ec   0x0000003e   Code   RO         6781    .text               mf_w.l(dfixi.o)
    0x0800082a   0x0800082a   0x00000056   Code   RO         6791    .text               mc_w.l(__dczerorl2.o)
    0x08000880   0x08000880   0x00000016   Code   RO         2186    i.ADC_Cmd           stm32f4xx_adc.o
    0x08000896   0x08000896   0x00000002   PAD
    0x08000898   0x08000898   0x00000030   Code   RO         2187    i.ADC_CommonInit    stm32f4xx_adc.o
    0x080008c8   0x080008c8   0x00000008   Code   RO         2198    i.ADC_GetConversionValue  stm32f4xx_adc.o
    0x080008d0   0x080008d0   0x00000012   Code   RO         2199    i.ADC_GetFlagStatus  stm32f4xx_adc.o
    0x080008e2   0x080008e2   0x00000002   PAD
    0x080008e4   0x080008e4   0x00000054   Code   RO         2206    i.ADC_Init          stm32f4xx_adc.o
    0x08000938   0x08000938   0x000000b8   Code   RO         2211    i.ADC_RegularChannelConfig  stm32f4xx_adc.o
    0x080009f0   0x080009f0   0x0000000a   Code   RO         2213    i.ADC_SoftwareStartConv  stm32f4xx_adc.o
    0x080009fa   0x080009fa   0x00000002   PAD
    0x080009fc   0x080009fc   0x00000084   Code   RO         1897    i.Adc_Init          adc.o
    0x08000a80   0x08000a80   0x00000110   Code   RO         1987    i.AutoCatch_CatchBullet  catchbullet.o
    0x08000b90   0x08000b90   0x000001fc   Code   RO          740    i.AutoCatch_TaskControl  catchcontrol.o
    0x08000d8c   0x08000d8c   0x000000a8   Code   RO          741    i.AutoCatch_TaskJudge  catchcontrol.o
    0x08000e34   0x08000e34   0x000000a4   Code   RO          742    i.AutoCatch_tInit   catchcontrol.o
    0x08000ed8   0x08000ed8   0x0000007a   Code   RO         1181    i.BSP_Init          bsp.o
    0x08000f52   0x08000f52   0x00000002   PAD
    0x08000f54   0x08000f54   0x00000038   Code   RO          565    i.Bullet_Load_Judge  shootcontrol.o
    0x08000f8c   0x08000f8c   0x00000004   Code   RO          980    i.BusFault_Handler  stm32f4xx_it.o
    0x08000f90   0x08000f90   0x000000b0   Code   RO         1867    i.Buzzer_Init       buzzer.o
    0x08001040   0x08001040   0x00000058   Code   RO         1504    i.CAN1_Cmd_All      can.o
    0x08001098   0x08001098   0x00000100   Code   RO         1506    i.CAN1_Mode_Init    can.o
    0x08001198   0x08001198   0x00000110   Code   RO         1507    i.CAN1_RX0_IRQHandler  can.o
    0x080012a8   0x080012a8   0x00000064   Code   RO         1508    i.CAN1_Send_Bottom  can.o
    0x0800130c   0x0800130c   0x0000009c   Code   RO         1509    i.CAN2_Cmd_SHOOT    can.o
    0x080013a8   0x080013a8   0x00000108   Code   RO         1510    i.CAN2_Mode_Init    can.o
    0x080014b0   0x080014b0   0x000003e0   Code   RO         1511    i.CAN2_RX1_IRQHandler  can.o
    0x08001890   0x08001890   0x0000005c   Code   RO         1512    i.CAN2_Send_Bottom  can.o
    0x080018ec   0x080018ec   0x000000a8   Code   RO         2428    i.CAN_ClearITPendingBit  stm32f4xx_can.o
    0x08001994   0x08001994   0x00000108   Code   RO         2432    i.CAN_FilterInit    stm32f4xx_can.o
    0x08001a9c   0x08001a9c   0x00000120   Code   RO         2434    i.CAN_GetITStatus   stm32f4xx_can.o
    0x08001bbc   0x08001bbc   0x00000012   Code   RO         2438    i.CAN_ITConfig      stm32f4xx_can.o
    0x08001bce   0x08001bce   0x00000114   Code   RO         2439    i.CAN_Init          stm32f4xx_can.o
    0x08001ce2   0x08001ce2   0x000000f0   Code   RO         2442    i.CAN_Receive       stm32f4xx_can.o
    0x08001dd2   0x08001dd2   0x00000126   Code   RO         2447    i.CAN_Transmit      stm32f4xx_can.o
    0x08001ef8   0x08001ef8   0x00000014   Code   RO          267    i.CMControlInit     cmcontrol.o
    0x08001f0c   0x08001f0c   0x000000ac   Code   RO          268    i.CMControlLoop     cmcontrol.o
    0x08001fb8   0x08001fb8   0x00000190   Code   RO          269    i.CMControlOut      cmcontrol.o
    0x08002148   0x08002148   0x00000078   Code   RO          270    i.CMPID_Init        cmcontrol.o
    0x080021c0   0x080021c0   0x0000002e   Code   RO          271    i.CMSpeedLegalize   cmcontrol.o
    0x080021ee   0x080021ee   0x00000010   Code   RO          272    i.CMStop            cmcontrol.o
    0x080021fe   0x080021fe   0x00000002   PAD
    0x08002200   0x08002200   0x000000c4   Code   RO          687    i.CMWatt_Cal        monitorcontrol.o
    0x080022c4   0x080022c4   0x0000015c   Code   RO          743    i.CatchControl      catchcontrol.o
    0x08002420   0x08002420   0x0000001a   Code   RO          744    i.CatchInit         catchcontrol.o
    0x0800243a   0x0800243a   0x00000012   Code   RO         2450    i.CheckITStatus     stm32f4xx_can.o
    0x0800244c   0x0800244c   0x00000114   Code   RO         1055    i.Control_Task      controltask.o
    0x08002560   0x08002560   0x0000003c   Code   RO         1939    i.Cylinder_Configuration  cylinder.o
    0x0800259c   0x0800259c   0x00000028   Code   RO         1801    i.DMA1_Stream1_IRQHandler  usart3.o
    0x080025c4   0x080025c4   0x00000028   Code   RO         1374    i.DMA2_Stream1_IRQHandler  usart6.o
    0x080025ec   0x080025ec   0x00000130   Code   RO         1454    i.DMA2_Stream2_IRQHandler  rc.o
    0x0800271c   0x0800271c   0x00000028   Code   RO         1375    i.DMA2_Stream6_IRQHandler  usart6.o
    0x08002744   0x08002744   0x00000034   Code   RO         3151    i.DMA_ClearFlag     stm32f4xx_dma.o
    0x08002778   0x08002778   0x00000034   Code   RO         3152    i.DMA_ClearITPendingBit  stm32f4xx_dma.o
    0x080027ac   0x080027ac   0x00000016   Code   RO         3153    i.DMA_Cmd           stm32f4xx_dma.o
    0x080027c2   0x080027c2   0x00000002   PAD
    0x080027c4   0x080027c4   0x00000158   Code   RO         3154    i.DMA_DeInit        stm32f4xx_dma.o
    0x0800291c   0x0800291c   0x00000064   Code   RO         3163    i.DMA_GetITStatus   stm32f4xx_dma.o
    0x08002980   0x08002980   0x0000003a   Code   RO         3164    i.DMA_ITConfig      stm32f4xx_dma.o
    0x080029ba   0x080029ba   0x00000002   PAD
    0x080029bc   0x080029bc   0x00000058   Code   RO         3165    i.DMA_Init          stm32f4xx_dma.o
    0x08002a14   0x08002a14   0x00000002   Code   RO          981    i.DebugMon_Handler  stm32f4xx_it.o
    0x08002a16   0x08002a16   0x00000002   PAD
    0x08002a18   0x08002a18   0x0000008c   Code   RO          566    i.Empty_Detection   shootcontrol.o
    0x08002aa4   0x08002aa4   0x00000068   Code   RO          567    i.FrictionControl   shootcontrol.o
    0x08002b0c   0x08002b0c   0x000000b0   Code   RO          568    i.FrictionJudge     shootcontrol.o
    0x08002bbc   0x08002bbc   0x00000090   Code   RO         3686    i.GPIO_Init         stm32f4xx_gpio.o
    0x08002c4c   0x08002c4c   0x00000046   Code   RO         3687    i.GPIO_PinAFConfig  stm32f4xx_gpio.o
    0x08002c92   0x08002c92   0x00000012   Code   RO         3690    i.GPIO_ReadInputDataBit  stm32f4xx_gpio.o
    0x08002ca4   0x08002ca4   0x00000004   Code   RO         3693    i.GPIO_ResetBits    stm32f4xx_gpio.o
    0x08002ca8   0x08002ca8   0x00000004   Code   RO         3694    i.GPIO_SetBits      stm32f4xx_gpio.o
    0x08002cac   0x08002cac   0x00000030   Code   RO         1898    i.Get_Adc           adc.o
    0x08002cdc   0x08002cdc   0x00000034   Code   RO          793    i.Get_CRC16_Check_Sum  refereeinfo.o
    0x08002d10   0x08002d10   0x00000024   Code   RO          794    i.Get_CRC8_Check_Sum  refereeinfo.o
    0x08002d34   0x08002d34   0x00000038   Code   RO          424    i.GimbalControlInit  gimbalcontrol.o
    0x08002d6c   0x08002d6c   0x00000078   Code   RO          425    i.GimbalControlLoop  gimbalcontrol.o
    0x08002de4   0x08002de4   0x0000033c   Code   RO          426    i.GimbalControlValSet  gimbalcontrol.o
    0x08003120   0x08003120   0x000000ac   Code   RO          427    i.GimbalControl_Pitch  gimbalcontrol.o
    0x080031cc   0x080031cc   0x000000c8   Code   RO          428    i.GimbalControl_PitchAngel  gimbalcontrol.o
    0x08003294   0x08003294   0x000000bc   Code   RO          429    i.GimbalControl_Yaw  gimbalcontrol.o
    0x08003350   0x08003350   0x000000cc   Code   RO          430    i.GimbalControl_YawAngel  gimbalcontrol.o
    0x0800341c   0x0800341c   0x000000ac   Code   RO          431    i.GimbalMove        gimbalcontrol.o
    0x080034c8   0x080034c8   0x000000c8   Code   RO          432    i.GimbalPidInit     gimbalcontrol.o
    0x08003590   0x08003590   0x000000cc   Code   RO          433    i.GimbalPidInitPrepare  gimbalcontrol.o
    0x0800365c   0x0800365c   0x00000060   Code   RO          434    i.GimbalStop        gimbalcontrol.o
    0x080036bc   0x080036bc   0x0000003c   Code   RO            4    i.GimbalSwitchJudge  remotecontrol.o
    0x080036f8   0x080036f8   0x00000020   Code   RO          435    i.GimbalValLigal    gimbalcontrol.o
    0x08003718   0x08003718   0x00000020   Code   RO          569    i.GunControl        shootcontrol.o
    0x08003738   0x08003738   0x00000110   Code   RO          570    i.GunShootAction    shootcontrol.o
    0x08003848   0x08003848   0x00000004   Code   RO          982    i.HardFault_Handler  stm32f4xx_it.o
    0x0800384c   0x0800384c   0x00000040   Code   RO         1963    i.Infrared_Configuration  infrared.o
    0x0800388c   0x0800388c   0x000000dc   Code   RO         1455    i.ItoE              rc.o
    0x08003968   0x08003968   0x00000040   Code   RO         1843    i.Laser_Configuration  laser.o
    0x080039a8   0x080039a8   0x00000058   Code   RO         1135    i.Led_Configuration  led.o
    0x08003a00   0x08003a00   0x00000124   Code   RO         1988    i.LiftPosSpeedcal   catchbullet.o
    0x08003b24   0x08003b24   0x0000002e   Code   RO         1990    i.Lift_Legalize     catchbullet.o
    0x08003b52   0x08003b52   0x00000002   PAD
    0x08003b54   0x08003b54   0x0000003c   Code   RO         1290    i.MPU6500ReadSPI    mpu6500.o
    0x08003b90   0x08003b90   0x00000030   Code   RO         1291    i.MPU6500ReadSPISingle  mpu6500.o
    0x08003bc0   0x08003bc0   0x00000030   Code   RO         1292    i.MPU6500WriteSPI   mpu6500.o
    0x08003bf0   0x08003bf0   0x0000009c   Code   RO         1293    i.MPU6500_Init      mpu6500.o
    0x08003c8c   0x08003c8c   0x000001a8   Code   RO         1294    i.MPU6500_Read      mpu6500.o
    0x08003e34   0x08003e34   0x00000004   Code   RO          983    i.MemManage_Handler  stm32f4xx_it.o
    0x08003e38   0x08003e38   0x0000002e   Code   RO          436    i.MotorCurrentLegalize  gimbalcontrol.o
    0x08003e66   0x08003e66   0x0000002e   Code   RO          437    i.MotorPositionLegalize  gimbalcontrol.o
    0x08003e94   0x08003e94   0x00000002   Code   RO          984    i.NMI_Handler       stm32f4xx_it.o
    0x08003e96   0x08003e96   0x00000002   PAD
    0x08003e98   0x08003e98   0x00000078   Code   RO         2132    i.NVIC_Init         misc.o
    0x08003f10   0x08003f10   0x00000012   Code   RO          350    i.PID_BitIsSet      pid.o
    0x08003f22   0x08003f22   0x00000002   PAD
    0x08003f24   0x08003f24   0x00000178   Code   RO          351    i.PID_Calc          pid.o
    0x0800409c   0x0800409c   0x0000002c   Code   RO          352    i.PID_Driver        pid.o
    0x080040c8   0x080040c8   0x00000022   Code   RO          353    i.PID_Init          pid.o
    0x080040ea   0x080040ea   0x00000002   PAD
    0x080040ec   0x080040ec   0x000000a8   Code   RO          354    i.PID_PreCalc       pid.o
    0x08004194   0x08004194   0x00000002   Code   RO          985    i.PendSV_Handler    stm32f4xx_it.o
    0x08004196   0x08004196   0x0000002e   Code   RO          571    i.PlateMotorCurrentLegalize  shootcontrol.o
    0x080041c4   0x080041c4   0x000000a8   Code   RO          572    i.PlatePID          shootcontrol.o
    0x0800426c   0x0800426c   0x0000006c   Code   RO          573    i.PlatePidInit      shootcontrol.o
    0x080042d8   0x080042d8   0x000000e8   Code   RO          688    i.PowerMonitor      monitorcontrol.o
    0x080043c0   0x080043c0   0x00000070   Code   RO          574    i.Preload_bullet    shootcontrol.o
    0x08004430   0x08004430   0x00000020   Code   RO         4330    i.RCC_AHB1PeriphClockCmd  stm32f4xx_rcc.o
    0x08004450   0x08004450   0x00000020   Code   RO         4339    i.RCC_APB1PeriphClockCmd  stm32f4xx_rcc.o
    0x08004470   0x08004470   0x00000020   Code   RO         4341    i.RCC_APB1PeriphResetCmd  stm32f4xx_rcc.o
    0x08004490   0x08004490   0x00000020   Code   RO         4342    i.RCC_APB2PeriphClockCmd  stm32f4xx_rcc.o
    0x080044b0   0x080044b0   0x00000020   Code   RO         4344    i.RCC_APB2PeriphResetCmd  stm32f4xx_rcc.o
    0x080044d0   0x080044d0   0x000000e8   Code   RO         4351    i.RCC_GetClocksFreq  stm32f4xx_rcc.o
    0x080045b8   0x080045b8   0x00000120   Code   RO         1456    i.RC_Init           rc.o
    0x080046d8   0x080046d8   0x00000054   Code   RO          689    i.RcReceiveMonitor  monitorcontrol.o
    0x0800472c   0x0800472c   0x0000002c   Code   RO          575    i.Read_Infrared_State  shootcontrol.o
    0x08004758   0x08004758   0x00000014   Code   RO            5    i.RemoteControlInit  remotecontrol.o
    0x0800476c   0x0800476c   0x00000010   Code   RO            6    i.RemoteControlLoop  remotecontrol.o
    0x0800477c   0x0800477c   0x00000054   Code   RO            7    i.RemoteStateFSM    remotecontrol.o
    0x080047d0   0x080047d0   0x00000084   Code   RO         1991    i.RotateSpeedcal    catchbullet.o
    0x08004854   0x08004854   0x000000ec   Code   RO         1259    i.SPI5Init          spi.o
    0x08004940   0x08004940   0x00000050   Code   RO         1260    i.SPI5ReadWriteByte  spi.o
    0x08004990   0x08004990   0x00000002   Code   RO          986    i.SVC_Handler       stm32f4xx_it.o
    0x08004992   0x08004992   0x00000010   Code   RO          356    i.SetPIDCR          pid.o
    0x080049a2   0x080049a2   0x00000002   PAD
    0x080049a4   0x080049a4   0x000000ec   Code   RO         6291    i.SetSysClock       system_stm32f4xx.o
    0x08004a90   0x08004a90   0x00000038   Code   RO          576    i.Set_Target        shootcontrol.o
    0x08004ac8   0x08004ac8   0x00000028   Code   RO          577    i.ShootControlInit  shootcontrol.o
    0x08004af0   0x08004af0   0x000000f8   Code   RO          578    i.ShootControlLoop  shootcontrol.o
    0x08004be8   0x08004be8   0x0000002c   Code   RO          579    i.ShootStop         shootcontrol.o
    0x08004c14   0x08004c14   0x00000028   Code   RO         2136    i.SysTick_CLKSourceConfig  misc.o
    0x08004c3c   0x08004c3c   0x00000002   Code   RO          987    i.SysTick_Handler   stm32f4xx_it.o
    0x08004c3e   0x08004c3e   0x00000002   PAD
    0x08004c40   0x08004c40   0x00000068   Code   RO         6293    i.SystemInit        system_stm32f4xx.o
    0x08004ca8   0x08004ca8   0x000000d8   Code   RO         1205    i.TIM12_Init        timer.o
    0x08004d80   0x08004d80   0x00000020   Code   RO         1206    i.TIM2_IRQHandler   timer.o
    0x08004da0   0x08004da0   0x0000005a   Code   RO         1207    i.TIM2_Init         timer.o
    0x08004dfa   0x08004dfa   0x00000002   PAD
    0x08004dfc   0x08004dfc   0x00000054   Code   RO         1208    i.TIM5_IRQHandler   timer.o
    0x08004e50   0x08004e50   0x0000005c   Code   RO         1209    i.TIM5_Init         timer.o
    0x08004eac   0x08004eac   0x000000f4   Code   RO         2108    i.TIM8_PWM_Init     pwm.o
    0x08004fa0   0x08004fa0   0x00000018   Code   RO         5468    i.TIM_ARRPreloadConfig  stm32f4xx_tim.o
    0x08004fb8   0x08004fb8   0x00000006   Code   RO         5475    i.TIM_ClearITPendingBit  stm32f4xx_tim.o
    0x08004fbe   0x08004fbe   0x00000018   Code   RO         5480    i.TIM_Cmd           stm32f4xx_tim.o
    0x08004fd6   0x08004fd6   0x0000001e   Code   RO         5482    i.TIM_CtrlPWMOutputs  stm32f4xx_tim.o
    0x08004ff4   0x08004ff4   0x00000022   Code   RO         5501    i.TIM_GetITStatus   stm32f4xx_tim.o
    0x08005016   0x08005016   0x00000012   Code   RO         5505    i.TIM_ITConfig      stm32f4xx_tim.o
    0x08005028   0x08005028   0x0000007c   Code   RO         5509    i.TIM_OC1Init       stm32f4xx_tim.o
    0x080050a4   0x080050a4   0x00000012   Code   RO         5512    i.TIM_OC1PreloadConfig  stm32f4xx_tim.o
    0x080050b6   0x080050b6   0x00000002   PAD
    0x080050b8   0x080050b8   0x000000a4   Code   RO         5514    i.TIM_OC2Init       stm32f4xx_tim.o
    0x0800515c   0x0800515c   0x0000001a   Code   RO         5517    i.TIM_OC2PreloadConfig  stm32f4xx_tim.o
    0x08005176   0x08005176   0x00000004   Code   RO         5542    i.TIM_SetCompare1   stm32f4xx_tim.o
    0x0800517a   0x0800517a   0x00000004   Code   RO         5543    i.TIM_SetCompare2   stm32f4xx_tim.o
    0x0800517e   0x0800517e   0x00000002   PAD
    0x08005180   0x08005180   0x00000084   Code   RO         5552    i.TIM_TimeBaseInit  stm32f4xx_tim.o
    0x08005204   0x08005204   0x00000124   Code   RO         1803    i.USART3_DMA_Init   usart3.o
    0x08005328   0x08005328   0x000000b4   Code   RO         1378    i.USART6_Configuration  usart6.o
    0x080053dc   0x080053dc   0x000001a0   Code   RO         1379    i.USART6_DMA_Init   usart6.o
    0x0800557c   0x0800557c   0x00000012   Code   RO         6030    i.USART_ClearFlag   stm32f4xx_usart.o
    0x0800558e   0x0800558e   0x00000018   Code   RO         6034    i.USART_Cmd         stm32f4xx_usart.o
    0x080055a6   0x080055a6   0x00000012   Code   RO         6035    i.USART_DMACmd      stm32f4xx_usart.o
    0x080055b8   0x080055b8   0x000000b4   Code   RO         6036    i.USART_DeInit      stm32f4xx_usart.o
    0x0800566c   0x0800566c   0x0000004a   Code   RO         6040    i.USART_ITConfig    stm32f4xx_usart.o
    0x080056b6   0x080056b6   0x00000002   PAD
    0x080056b8   0x080056b8   0x000000d4   Code   RO         6041    i.USART_Init        stm32f4xx_usart.o
    0x0800578c   0x0800578c   0x00000004   Code   RO          988    i.UsageFault_Handler  stm32f4xx_it.o
    0x08005790   0x08005790   0x00000040   Code   RO          796    i.Verify_CRC16_Check_Sum  refereeinfo.o
    0x080057d0   0x080057d0   0x0000002e   Code   RO          797    i.Verify_CRC8_Check_Sum  refereeinfo.o
    0x080057fe   0x080057fe   0x00000034   Code   RO          798    i.Verify_frame      refereeinfo.o
    0x08005832   0x08005832   0x00000002   PAD
    0x08005834   0x08005834   0x00000044   Code   RO         1056    i.WholeInitTask     controltask.o
    0x08005878   0x08005878   0x00000030   Code   RO         6719    i.__ARM_fpclassify  m_wm.l(fpclassify.o)
    0x080058a8   0x080058a8   0x00000360   Code   RO         6336    i.__hardfp_asin     m_wm.l(asin.o)
    0x08005c08   0x08005c08   0x000002d8   Code   RO         6688    i.__hardfp_atan     m_wm.l(atan.o)
    0x08005ee0   0x08005ee0   0x000001f0   Code   RO         6350    i.__hardfp_atan2    m_wm.l(atan2.o)
    0x080060d0   0x080060d0   0x000000c8   Code   RO         6362    i.__hardfp_cos      m_wm.l(cos.o)
    0x08006198   0x08006198   0x00000014   Code   RO         6374    i.__hardfp_fabs     m_wm.l(fabs.o)
    0x080061ac   0x080061ac   0x00000004   PAD
    0x080061b0   0x080061b0   0x000000c8   Code   RO         6380    i.__hardfp_sin      m_wm.l(sin.o)
    0x08006278   0x08006278   0x0000007a   Code   RO         6392    i.__hardfp_sqrt     m_wm.l(sqrt.o)
    0x080062f2   0x080062f2   0x00000006   PAD
    0x080062f8   0x080062f8   0x00000438   Code   RO         6724    i.__ieee754_rem_pio2  m_wm.l(rred.o)
    0x08006730   0x08006730   0x00000170   Code   RO         6702    i.__kernel_cos      m_wm.l(cos_i.o)
    0x080068a0   0x080068a0   0x000000f8   Code   RO         6721    i.__kernel_poly     m_wm.l(poly.o)
    0x08006998   0x08006998   0x00000130   Code   RO         6729    i.__kernel_sin      m_wm.l(sin_i.o)
    0x08006ac8   0x08006ac8   0x00000014   Code   RO         6706    i.__mathlib_dbl_infnan  m_wm.l(dunder.o)
    0x08006adc   0x08006adc   0x00000014   Code   RO         6707    i.__mathlib_dbl_infnan2  m_wm.l(dunder.o)
    0x08006af0   0x08006af0   0x00000020   Code   RO         6708    i.__mathlib_dbl_invalid  m_wm.l(dunder.o)
    0x08006b10   0x08006b10   0x00000020   Code   RO         6711    i.__mathlib_dbl_underflow  m_wm.l(dunder.o)
    0x08006b30   0x08006b30   0x0000000e   Code   RO         6785    i.__scatterload_copy  mc_w.l(handlers.o)
    0x08006b3e   0x08006b3e   0x00000002   Code   RO         6786    i.__scatterload_null  mc_w.l(handlers.o)
    0x08006b40   0x08006b40   0x0000000e   Code   RO         6787    i.__scatterload_zeroinit  mc_w.l(handlers.o)
    0x08006b4e   0x08006b4e   0x00000002   PAD
    0x08006b50   0x08006b50   0x0000000c   Code   RO         6759    i.__set_errno       mc_w.l(errno.o)
    0x08006b5c   0x08006b5c   0x00000020   Code   RO          799    i._bytes2float      refereeinfo.o
    0x08006b7c   0x08006b7c   0x00000012   Code   RO          800    i._bytes2u16        refereeinfo.o
    0x08006b8e   0x08006b8e   0x00000010   Code   RO         6690    i.atan              m_wm.l(atan.o)
    0x08006b9e   0x08006b9e   0x00000002   PAD
    0x08006ba0   0x08006ba0   0x000000b8   Code   RO          580    i.blocking_judge    shootcontrol.o
    0x08006c58   0x08006c58   0x00000014   Code   RO         1993    i.catchfinish       catchbullet.o
    0x08006c6c   0x08006c6c   0x000000a8   Code   RO         1994    i.catchinit         catchbullet.o
    0x08006d14   0x08006d14   0x00000014   Code   RO         1995    i.catchstart        catchbullet.o
    0x08006d28   0x08006d28   0x0000003c   Code   RO         1091    i.delay_init        delay.o
    0x08006d64   0x08006d64   0x00000038   Code   RO         1092    i.delay_ms          delay.o
    0x08006d9c   0x08006d9c   0x0000004c   Code   RO         1094    i.delay_xms         delay.o
    0x08006de8   0x08006de8   0x00000048   Code   RO          804    i.extGameRobotPos_interpret  refereeinfo.o
    0x08006e30   0x08006e30   0x00000030   Code   RO          805    i.extGameRobotState_interpret  refereeinfo.o
    0x08006e60   0x08006e60   0x00000060   Code   RO          806    i.extPowerHeatData_interpret  refereeinfo.o
    0x08006ec0   0x08006ec0   0x00000034   Code   RO          807    i.extRobotHurt_interpret  refereeinfo.o
    0x08006ef4   0x08006ef4   0x00000034   Code   RO          808    i.extShootData_interpret  refereeinfo.o
    0x08006f28   0x08006f28   0x00000018   Code   RO         6376    i.fabs              m_wm.l(fabs.o)
    0x08006f40   0x08006f40   0x00000044   Code   RO         1997    i.flift             catchbullet.o
    0x08006f84   0x08006f84   0x00000078   Code   RO          273    i.followValCal      cmcontrol.o
    0x08006ffc   0x08006ffc   0x0000008c   Code   RO          810    i.frame_interpret   refereeinfo.o
    0x08007088   0x08007088   0x00000016   Code   RO         1296    i.getDeviceID       mpu6500.o
    0x0800709e   0x0800709e   0x00000002   PAD
    0x080070a0   0x080070a0   0x00000140   Code   RO         1297    i.gyro_offset       mpu6500.o
    0x080071e0   0x080071e0   0x00000150   Code   RO         1717    i.init_euler        euler.o
    0x08007330   0x08007330   0x0000003c   Code   RO         1718    i.invSqrt           euler.o
    0x0800736c   0x0800736c   0x000004bc   Code   RO          274    i.keyboardmove_old  cmcontrol.o
    0x08007828   0x08007828   0x000000d0   Code   RO         1999    i.liftinit          catchbullet.o
    0x080078f8   0x080078f8   0x00000008   Code   RO          956    i.main              main.o
    0x08007900   0x08007900   0x0000000c   Code   RO          690    i.monitorControlLoop  monitorcontrol.o
    0x0800790c   0x0800790c   0x00000160   Code   RO          275    i.move              cmcontrol.o
    0x08007a6c   0x08007a6c   0x00000014   Code   RO         2000    i.movebackward      catchbullet.o
    0x08007a80   0x08007a80   0x00000014   Code   RO         2001    i.moveforward       catchbullet.o
    0x08007a94   0x08007a94   0x00000040   Code   RO         2002    i.moveinit          catchbullet.o
    0x08007ad4   0x08007ad4   0x00000010   Code   RO         1298    i.myabs             mpu6500.o
    0x08007ae4   0x08007ae4   0x0000006e   Code   RO         6394    i.sqrt              m_wm.l(sqrt.o)
    0x08007b52   0x08007b52   0x00000002   PAD
    0x08007b54   0x08007b54   0x00000370   Code   RO         1719    i.update_euler      euler.o
    0x08007ec4   0x08007ec4   0x00000044   Code   RO          813    i.update_from_dma   refereeinfo.o
    0x08007f08   0x08007f08   0x00000302   Data   RO          815    .constdata          refereeinfo.o
    0x0800820a   0x0800820a   0x00000006   PAD
    0x08008210   0x08008210   0x00000050   Data   RO         6339    .constdata          m_wm.l(asin.o)
    0x08008260   0x08008260   0x00000098   Data   RO         6691    .constdata          m_wm.l(atan.o)
    0x080082f8   0x080082f8   0x00000030   Data   RO         6703    .constdata          m_wm.l(cos_i.o)
    0x08008328   0x08008328   0x00000008   Data   RO         6723    .constdata          m_wm.l(qnan.o)
    0x08008330   0x08008330   0x000000c8   Data   RO         6726    .constdata          m_wm.l(rred.o)
    0x080083f8   0x080083f8   0x00000028   Data   RO         6730    .constdata          m_wm.l(sin_i.o)
    0x08008420   0x08008420   0x00000020   Data   RO         6783    Region$$Table       anon$$obj.o


    Execution Region RW_IRAM1 (Exec base: 0x20000000, Load base: 0x08008440, Size: 0x00000c40, Max: 0x00020000, ABSOLUTE, COMPRESSED[0x00000088])

    Exec Addr    Load Addr    Size         Type   Attr      Idx    E Section Name        Object

    0x20000000   COMPRESSED   0x00000002   Data   RW            8    .data               remotecontrol.o
    0x20000002   COMPRESSED   0x00000002   PAD
    0x20000004   COMPRESSED   0x00000036   Data   RW          277    .data               cmcontrol.o
    0x2000003a   COMPRESSED   0x00000002   PAD
    0x2000003c   COMPRESSED   0x00000025   Data   RW          439    .data               gimbalcontrol.o
    0x20000061   COMPRESSED   0x00000003   PAD
    0x20000064   COMPRESSED   0x000000b0   Data   RW          582    .data               shootcontrol.o
    0x20000114   COMPRESSED   0x00000006   Data   RW          691    .data               monitorcontrol.o
    0x2000011a   COMPRESSED   0x00000002   PAD
    0x2000011c   COMPRESSED   0x0000005e   Data   RW          745    .data               catchcontrol.o
    0x2000017a   COMPRESSED   0x00000002   PAD
    0x2000017c   COMPRESSED   0x0000002a   Data   RW          816    .data               refereeinfo.o
    0x200001a6   COMPRESSED   0x00000002   PAD
    0x200001a8   COMPRESSED   0x00000008   Data   RW         1057    .data               controltask.o
    0x200001b0   COMPRESSED   0x00000004   Data   RW         1095    .data               delay.o
    0x200001b4   COMPRESSED   0x00000003   Data   RW         1210    .data               timer.o
    0x200001b7   COMPRESSED   0x00000001   PAD
    0x200001b8   COMPRESSED   0x00000010   Data   RW         1300    .data               mpu6500.o
    0x200001c8   COMPRESSED   0x00000007   Data   RW         1459    .data               rc.o
    0x200001cf   COMPRESSED   0x00000001   PAD
    0x200001d0   COMPRESSED   0x0000003c   Data   RW         1514    .data               can.o
    0x2000020c   COMPRESSED   0x00000034   Data   RW         1720    .data               euler.o
    0x20000240   COMPRESSED   0x00000025   Data   RW         2004    .data               catchbullet.o
    0x20000265   COMPRESSED   0x00000010   Data   RW         4374    .data               stm32f4xx_rcc.o
    0x20000275   COMPRESSED   0x00000003   PAD
    0x20000278   COMPRESSED   0x00000004   Data   RW         6760    .data               mc_w.l(errno.o)
    0x2000027c        -       0x00000070   Zero   RW          276    .bss                cmcontrol.o
    0x200002ec        -       0x000000f0   Zero   RW          438    .bss                gimbalcontrol.o
    0x200003dc        -       0x00000070   Zero   RW          581    .bss                shootcontrol.o
    0x2000044c        -       0x0000007d   Zero   RW          814    .bss                refereeinfo.o
    0x200004c9   COMPRESSED   0x00000003   PAD
    0x200004cc        -       0x0000002c   Zero   RW         1299    .bss                mpu6500.o
    0x200004f8        -       0x0000012e   Zero   RW         1382    .bss                usart6.o
    0x20000626        -       0x0000003e   Zero   RW         1458    .bss                rc.o
    0x20000664        -       0x00000028   Zero   RW         1513    .bss                can.o
    0x2000068c        -       0x00000064   Zero   RW         1804    .bss                usart3.o
    0x200006f0        -       0x00000150   Zero   RW         2003    .bss                catchbullet.o
    0x20000840        -       0x00000400   Zero   RW         6329    STACK               startup_stm32f4xx.o


==============================================================================

Image component sizes


      Code (inc. data)   RO Data    RW Data    ZI Data      Debug   Object Name

       180         12          0          0          0       1649   adc.o
       122          0          0          0          0        751   bsp.o
       176         10          0          0          0        898   buzzer.o
      2220        180          0         60         40      10340   can.o
      1330        240          0         37        336      10182   catchbullet.o
      1214        220          0         94          0       5680   catchcontrol.o
      2458        206          0         54        112       9888   cmcontrol.o
       344         22          0          8          0       2038   controltask.o
        60          6          0          0          0        773   cylinder.o
       192         12          0          4          0       2744   delay.o
      1276        100          0         52          0       3966   euler.o
      2564        398          0         37        240      14444   gimbalcontrol.o
        64         10          0          0          0        769   infrared.o
        64          4          0          0          0        762   laser.o
        88          8          0          0          0        760   led.o
         8          0          0          0          0        663   main.o
       160         14          0          0          0       2298   misc.o
       524         74          0          6          0       3694   monitorcontrol.o
      1094         86          0         16         44      11868   mpu6500.o
       656         16          0          0          0       6907   pid.o
       244          8          0          0          0       1024   pwm.o
       812         64          0          7         62       5155   rc.o
       828         84        770         42        125      16004   refereeinfo.o
       180         30          0          2          0     302612   remotecontrol.o
      1830        314          0        176        112      15355   shootcontrol.o
       316         24          0          0          0       1715   spi.o
        36          8        392          0       1024       1060   startup_stm32f4xx.o
       374         24          0          0          0       7498   stm32f4xx_adc.o
      1566         16          0          0          0       8626   stm32f4xx_can.o
       716         72          0          0          0       7747   stm32f4xx_dma.o
       240          0          0          0          0       4991   stm32f4xx_gpio.o
        26          0          0          0          0       5934   stm32f4xx_it.o
       392         48          0         16          0       7473   stm32f4xx_rcc.o
       608         48          0          0          0      12016   stm32f4xx_tim.o
       526         32          0          0          0       6458   stm32f4xx_usart.o
       340         32          0          0          0       2381   system_stm32f4xx.o
       514         26          0          3          0       4466   timer.o
       332         32          0          0        100       2644   usart3.o
       676         50          0          0        302       6155   usart6.o

    ----------------------------------------------------------------------
     25390       2530       1200        632       2500     510388   Object Totals
         0          0         32          0          0          0   (incl. Generated)
        40          0          6         18          3          0   (incl. Padding)

    ----------------------------------------------------------------------

      Code (inc. data)   RO Data    RW Data    ZI Data      Debug   Library Member Name

       864         94         80          0          0        280   asin.o
       744        106        152          0          0        352   atan.o
       496         64          0          0          0        192   atan2.o
       200         20          0          0          0        164   cos.o
       368         46         48          0          0        200   cos_i.o
       104         16          0          0          0        496   dunder.o
        44          0          0          0          0        248   fabs.o
        48          0          0          0          0        124   fpclassify.o
       248          0          0          0          0        152   poly.o
         0          0          8          0          0          0   qnan.o
      1080        142        200          0          0        188   rred.o
       200         20          0          0          0        164   sin.o
       304         24         40          0          0        208   sin_i.o
       232          0          0          0          0        296   sqrt.o
        86          0          0          0          0          0   __dczerorl2.o
         0          0          0          0          0          0   entry.o
         0          0          0          0          0          0   entry10a.o
         0          0          0          0          0          0   entry11a.o
         8          4          0          0          0          0   entry2.o
         4          0          0          0          0          0   entry5.o
         0          0          0          0          0          0   entry7b.o
         0          0          0          0          0          0   entry8b.o
         8          4          0          0          0          0   entry9a.o
        12          6          0          4          0         68   errno.o
        30          0          0          0          0          0   handlers.o
        36          8          0          0          0         68   init.o
         0          0          0          0          0          0   iusefp.o
        30          0          0          0          0         68   llshl.o
        36          0          0          0          0         68   llsshr.o
        32          0          0          0          0         68   llushr.o
        48          0          0          0          0         68   cdrcmple.o
        56          0          0          0          0         88   d2f.o
       334          0          0          0          0        148   dadd.o
       222          0          0          0          0        100   ddiv.o
       186          0          0          0          0        176   depilogue.o
        62          0          0          0          0         80   dfixi.o
        34          0          0          0          0         76   dflti.o
        26          0          0          0          0         76   dfltui.o
       228          0          0          0          0         96   dmul.o
       162          0          0          0          0        100   dsqrt.o
        38          0          0          0          0         68   f2d.o
       110          0          0          0          0        168   fepilogue.o

    ----------------------------------------------------------------------
      6738        554        528          4          0       4648   Library Totals
        18          0          0          0          0          0   (incl. Padding)

    ----------------------------------------------------------------------

      Code (inc. data)   RO Data    RW Data    ZI Data      Debug   Library Name

      4932        532        528          0          0       3064   m_wm.l
       282         22          0          4          0        340   mc_w.l
      1506          0          0          0          0       1244   mf_w.l

    ----------------------------------------------------------------------
      6738        554        528          4          0       4648   Library Totals

    ----------------------------------------------------------------------

==============================================================================


      Code (inc. data)   RO Data    RW Data    ZI Data      Debug   

     32128       3084       1728        636       2500     494292   Grand Totals
     32128       3084       1728        136       2500     494292   ELF Image Totals (compressed)
     32128       3084       1728        136          0          0   ROM Totals

==============================================================================

    Total RO  Size (Code + RO Data)                33856 (  33.06kB)
    Total RW  Size (RW Data + ZI Data)              3136 (   3.06kB)
    Total ROM Size (Code + RO Data + RW Data)      33992 (  33.20kB)

==============================================================================

